Archive member included to satisfy reference by file (symbol)

app/libapp.a(main.c.obj)      (--whole-archive)
zephyr/libzephyr.a(heap.c.obj)
                              (--whole-archive)
zephyr/libzephyr.a(cbprintf_packaged.c.obj)
                              (--whole-archive)
zephyr/libzephyr.a(printk.c.obj)
                              (--whole-archive)
zephyr/libzephyr.a(sem.c.obj)
                              (--whole-archive)
zephyr/libzephyr.a(thread_entry.c.obj)
                              (--whole-archive)
zephyr/libzephyr.a(cbprintf_complete.c.obj)
                              (--whole-archive)
zephyr/libzephyr.a(assert.c.obj)
                              (--whole-archive)
zephyr/libzephyr.a(mpsc_pbuf.c.obj)
                              (--whole-archive)
zephyr/libzephyr.a(dec.c.obj)
                              (--whole-archive)
zephyr/libzephyr.a(hex.c.obj)
                              (--whole-archive)
zephyr/libzephyr.a(rb.c.obj)  (--whole-archive)
zephyr/libzephyr.a(timeutil.c.obj)
                              (--whole-archive)
zephyr/libzephyr.a(bitarray.c.obj)
                              (--whole-archive)
zephyr/libzephyr.a(onoff.c.obj)
                              (--whole-archive)
zephyr/libzephyr.a(notify.c.obj)
                              (--whole-archive)
zephyr/libzephyr.a(configs.c.obj)
                              (--whole-archive)
zephyr/libzephyr.a(log_core.c.obj)
                              (--whole-archive)
zephyr/libzephyr.a(log_mgmt.c.obj)
                              (--whole-archive)
zephyr/libzephyr.a(log_cache.c.obj)
                              (--whole-archive)
zephyr/libzephyr.a(log_msg.c.obj)
                              (--whole-archive)
zephyr/libzephyr.a(log_output.c.obj)
                              (--whole-archive)
zephyr/libzephyr.a(log_backend_rtt.c.obj)
                              (--whole-archive)
zephyr/libzephyr.a(log_backend_uart.c.obj)
                              (--whole-archive)
zephyr/libzephyr.a(mem_attr.c.obj)
                              (--whole-archive)
zephyr/libzephyr.a(tracing_none.c.obj)
                              (--whole-archive)
zephyr/libzephyr.a(addr_utils.c.obj)
                              (--whole-archive)
zephyr/libzephyr.a(banner.c.obj)
                              (--whole-archive)
zephyr/libzephyr.a(host_extensions.c.obj)
                              (--whole-archive)
zephyr/libzephyr.a(utils.c.obj)
                              (--whole-archive)
zephyr/libzephyr.a(aes_decrypt.c.obj)
                              (--whole-archive)
zephyr/libzephyr.a(aes_encrypt.c.obj)
                              (--whole-archive)
zephyr/libzephyr.a(cmac_mode.c.obj)
                              (--whole-archive)
zephyr/arch/common/libarch__common.a(sw_isr_common.c.obj)
                              (--whole-archive)
zephyr/arch/arch/arm/core/libarch__arm__core.a(fatal.c.obj)
                              (--whole-archive)
zephyr/arch/arch/arm/core/libarch__arm__core.a(nmi.c.obj)
                              (--whole-archive)
zephyr/arch/arch/arm/core/libarch__arm__core.a(nmi_on_reset.S.obj)
                              (--whole-archive)
zephyr/arch/arch/arm/core/libarch__arm__core.a(tls.c.obj)
                              (--whole-archive)
zephyr/arch/arch/arm/core/cortex_m/libarch__arm__core__cortex_m.a(exc_exit.c.obj)
                              (--whole-archive)
zephyr/arch/arch/arm/core/cortex_m/libarch__arm__core__cortex_m.a(fault.c.obj)
                              (--whole-archive)
zephyr/arch/arch/arm/core/cortex_m/libarch__arm__core__cortex_m.a(fault_s.S.obj)
                              (--whole-archive)
zephyr/arch/arch/arm/core/cortex_m/libarch__arm__core__cortex_m.a(fpu.c.obj)
                              (--whole-archive)
zephyr/arch/arch/arm/core/cortex_m/libarch__arm__core__cortex_m.a(reset.S.obj)
                              (--whole-archive)
zephyr/arch/arch/arm/core/cortex_m/libarch__arm__core__cortex_m.a(scb.c.obj)
                              (--whole-archive)
zephyr/arch/arch/arm/core/cortex_m/libarch__arm__core__cortex_m.a(thread_abort.c.obj)
                              (--whole-archive)
zephyr/arch/arch/arm/core/cortex_m/libarch__arm__core__cortex_m.a(vector_table.S.obj)
                              (--whole-archive)
zephyr/arch/arch/arm/core/cortex_m/libarch__arm__core__cortex_m.a(swap.c.obj)
                              (--whole-archive)
zephyr/arch/arch/arm/core/cortex_m/libarch__arm__core__cortex_m.a(swap_helper.S.obj)
                              (--whole-archive)
zephyr/arch/arch/arm/core/cortex_m/libarch__arm__core__cortex_m.a(irq_manage.c.obj)
                              (--whole-archive)
zephyr/arch/arch/arm/core/cortex_m/libarch__arm__core__cortex_m.a(prep_c.c.obj)
                              (--whole-archive)
zephyr/arch/arch/arm/core/cortex_m/libarch__arm__core__cortex_m.a(thread.c.obj)
                              (--whole-archive)
[...]
Memory Configuration

Name             Origin             Length             Attributes
FLASH            0x0000000000000000 0x0000000000080000 xr
RAM              0x0000000020000000 0x0000000000010000 xw
IDT_LIST         0x00000000ffff7fff 0x0000000000008000 xw
*default*        0x0000000000000000 0xffffffffffffffff

Linker script and memory map

                0x000000000001f5dc                vfprintf = __l_vfprintf
                0x0000000000000000                vfscanf = __l_vfscanf
LOAD zephyr/CMakeFiles/zephyr_final.dir/misc/empty_file.c.obj
LOAD zephyr/CMakeFiles/zephyr_final.dir/isr_tables.c.obj
LOAD zephyr/CMakeFiles/offsets.dir/./arch/arm/core/offsets/offsets.c.obj
LOAD app/libapp.a
LOAD zephyr/libzephyr.a
LOAD zephyr/arch/common/libarch__common.a
LOAD zephyr/arch/arch/arm/core/libarch__arm__core.a
LOAD zephyr/arch/arch/arm/core/cortex_m/libarch__arm__core__cortex_m.a
LOAD zephyr/arch/arch/arm/core/mpu/libarch__arm__core__mpu.a
LOAD zephyr/lib/libc/picolibc/liblib__libc__picolibc.a
LOAD zephyr/lib/libc/common/liblib__libc__common.a
LOAD zephyr/soc/soc/nrf52832/libsoc__nordic.a
LOAD zephyr/subsys/random/libsubsys__random.a
LOAD zephyr/subsys/bluetooth/common/libsubsys__bluetooth__common.a
LOAD zephyr/subsys/bluetooth/host/libsubsys__bluetooth__host.a
LOAD zephyr/subsys/bluetooth/crypto/libsubsys__bluetooth__crypto.a
LOAD zephyr/subsys/net/libsubsys__net.a
LOAD zephyr/drivers/clock_control/libdrivers__clock_control.a
LOAD zephyr/drivers/console/libdrivers__console.a
LOAD zephyr/drivers/entropy/libdrivers__entropy.a
LOAD zephyr/drivers/gpio/libdrivers__gpio.a
LOAD zephyr/drivers/pinctrl/libdrivers__pinctrl.a
LOAD zephyr/drivers/serial/libdrivers__serial.a
LOAD zephyr/drivers/timer/libdrivers__timer.a
LOAD modules/nrf/lib/multithreading_lock/lib..__nrf__lib__multithreading_lock.a
LOAD modules/nrf/subsys/bluetooth/controller/lib..__nrf__subsys__bluetooth__controller.a
LOAD modules/nrf/subsys/mpsl/init/lib..__nrf__subsys__mpsl__init.a
LOAD modules/nrf/subsys/mpsl/fem/lib..__nrf__subsys__mpsl__fem.a
LOAD modules/nrf/drivers/mpsl/clock_control/lib..__nrf__drivers__mpsl__clock_control.a
LOAD modules/hal_nordic/nrfx/libmodules__hal_nordic__nrfx.a
LOAD modules/segger/libmodules__segger.a
LOAD zephyr/kernel/libkernel.a
LOAD /home/giovanni/ncs/toolchains/e9dba88316/opt/zephyr-sdk/arm-zephyr-eabi/bin/../lib/gcc/arm-zephyr-eabi/12.2.0/thumb/v7e-m/nofp/libgcc.a
LOAD zephyr/arch/common/libisr_tables.a
LOAD /home/giovanni/ncs/v2.7.0/nrfxlib/crypto/nrf_oberon/lib/cortex-m4/soft-float/liboberon_3.0.15.a
LOAD /home/giovanni/ncs/v2.7.0/nrfxlib/softdevice_controller/lib/cortex-m4/soft-float/libsoftdevice_controller_central.a
LOAD /home/giovanni/ncs/v2.7.0/nrfxlib/mpsl/fem/common/lib/cortex-m4/soft-float/libmpsl_fem_common.a
LOAD /home/giovanni/ncs/v2.7.0/nrfxlib/mpsl/fem/nrf21540_gpio/lib/cortex-m4/soft-float/libmpsl_fem_nrf21540_gpio.a
LOAD /home/giovanni/ncs/v2.7.0/nrfxlib/mpsl/fem/nrf21540_gpio_spi/lib/cortex-m4/soft-float/libmpsl_fem_nrf21540_gpio_spi.a
LOAD /home/giovanni/ncs/v2.7.0/nrfxlib/mpsl/fem/nrf2220/lib/cortex-m4/soft-float/libmpsl_fem_nrf2220.a
LOAD /home/giovanni/ncs/v2.7.0/nrfxlib/mpsl/fem/nrf2240/lib/cortex-m4/soft-float/libmpsl_fem_nrf2240.a
LOAD /home/giovanni/ncs/v2.7.0/nrfxlib/mpsl/fem/nrf22xx/lib/cortex-m4/soft-float/libmpsl_fem_nrf22xx.a
LOAD /home/giovanni/ncs/v2.7.0/nrfxlib/mpsl/fem/simple_gpio/lib/cortex-m4/soft-float/libmpsl_fem_simple_gpio.a
LOAD /home/giovanni/ncs/v2.7.0/nrfxlib/mpsl/lib/cortex-m4/soft-float/libmpsl.a
LOAD /home/giovanni/ncs/toolchains/e9dba88316/opt/zephyr-sdk/arm-zephyr-eabi/bin/../lib/gcc/../../picolibc/arm-zephyr-eabi/lib/thumb/v7e-m/nofp/libc.a
LOAD /home/giovanni/ncs/toolchains/e9dba88316/opt/zephyr-sdk/arm-zephyr-eabi/bin/../lib/gcc/arm-zephyr-eabi/12.2.0/thumb/v7e-m/nofp/libgcc.a
                0x0000000000000020                _region_min_align = 0x20

.rel.plt        0x0000000000000000        0x0
 *(SORT_BY_ALIGNMENT(.rel.plt))
                [!provide]                        PROVIDE (__rel_iplt_start = .)
 *(SORT_BY_ALIGNMENT(.rel.iplt))
 .rel.iplt      0x0000000000000000        0x0 zephyr/CMakeFiles/zephyr_final.dir/isr_tables.c.obj
                [!provide]                        PROVIDE (__rel_iplt_end = .)

.rela.plt       0x0000000000000000        0x0
 *(SORT_BY_ALIGNMENT(.rela.plt))
                [!provide]                        PROVIDE (__rela_iplt_start = .)
 *(SORT_BY_ALIGNMENT(.rela.iplt))
                [!provide]                        PROVIDE (__rela_iplt_end = .)

.rel.dyn
 *(SORT_BY_ALIGNMENT(.rel.*))

.rela.dyn
 *(SORT_BY_ALIGNMENT(.rela.*))

/DISCARD/
 *(SORT_BY_ALIGNMENT(.plt))

/DISCARD/
 *(SORT_BY_ALIGNMENT(.iplt))
                0x0000000000000000                __rom_region_start = 0x0

rom_start       0x0000000000000000       0xdc
                0x0000000000000000                __rom_start_address = .
 FILL mask 0x00
                0x0000000000000000                . = (. + (0x0 - (. - __rom_start_address)))
                0x0000000000000000                . = ALIGN (0x4)
                0x0000000000000000                . = ALIGN (0x80)
                0x0000000000000000                . = ALIGN (0x100)
                0x0000000000000000                _vector_start = .
 *(SORT_BY_ALIGNMENT(.exc_vector_table))
 *(SORT_BY_ALIGNMENT(.exc_vector_table.*))
 .exc_vector_table._vector_table_section
                0x0000000000000000       0x40 zephyr/arch/arch/arm/core/cortex_m/libarch__arm__core__cortex_m.a(vector_table.S.obj)
                0x0000000000000000                _vector_table
 *(SORT_BY_ALIGNMENT(.vectors))
                0x00000000000000dc                _vector_end = .
                0x0000000000000040                . = ALIGN (0x4)
 *(SORT_BY_ALIGNMENT(.gnu.linkonce.irq_vector_table*))
 .gnu.linkonce.irq_vector_table
                0x0000000000000040       0x9c zephyr/CMakeFiles/zephyr_final.dir/isr_tables.c.obj
                0x0000000000000040                _irq_vector_table
                0x00000000000000dc                _vector_end = .

text            0x00000000000000e0    0x2470c
                0x00000000000000e0                __text_region_start = .
 *(SORT_BY_ALIGNMENT(.text))
 .text          0x00000000000000e0       0x30 /home/giovanni/ncs/toolchains/e9dba88316/opt/zephyr-sdk/arm-zephyr-eabi/bin/../lib/gcc/arm-zephyr-eabi/12.2.0/thumb/v7e-m/nofp/libgcc.a(_aeabi_uldivmod.o)
                0x00000000000000e0                __aeabi_uldivmod
 .text          0x0000000000000110        0x4 /home/giovanni/ncs/toolchains/e9dba88316/opt/zephyr-sdk/arm-zephyr-eabi/bin/../lib/gcc/arm-zephyr-eabi/12.2.0/thumb/v7e-m/nofp/libgcc.a(_dvmd_tls.o)
                0x0000000000000110                __aeabi_ldiv0
                0x0000000000000110                __aeabi_idiv0
 .text          0x0000000000000114      0x41c /home/giovanni/ncs/v2.7.0/nrfxlib/crypto/nrf_oberon/lib/cortex-m4/soft-float/liboberon_3.0.15.a(ocrypto_bigint256.s.obj)
                0x0000000000000114                ocrypto_bigint_add256
                0x0000000000000154                ocrypto_bigint_sub256
                0x0000000000000194                ocrypto_bigint_cadd256
                0x00000000000001f0                ocrypto_bigint_csub256
                0x000000000000024c                ocrypto_bigint_cswap256
                0x0000000000000280                ocrypto_mul256_noframe
                0x00000000000003d8                ocrypto_bigint_mul256
                0x00000000000003f8                ocrypto_sqr256_noframe
                0x0000000000000510                ocrypto_bigint_sqr256
 .text          0x0000000000000530       0x5c /home/giovanni/ncs/v2.7.0/nrfxlib/crypto/nrf_oberon/lib/cortex-m4/soft-float/liboberon_3.0.15.a(ocrypto_constant_time.s.obj)
                0x0000000000000530                ocrypto_constant_time_equal
                0x0000000000000558                ocrypto_constant_time_is_zero
                0x0000000000000574                ocrypto_constant_time_xor
 .text          0x000000000000058c      0x1ec /home/giovanni/ncs/v2.7.0/nrfxlib/crypto/nrf_oberon/lib/cortex-m4/soft-float/liboberon_3.0.15.a(ocrypto_mod_p256_base.s.obj)
                0x000000000000058c                ocrypto_mod_p256_add
                0x0000000000000608                ocrypto_mod_p256_sub
                0x0000000000000718                ocrypto_mod_p256_mul
                0x0000000000000748                ocrypto_mod_p256_sqr
 .text          0x0000000000000778       0x40 /home/giovanni/ncs/v2.7.0/nrfxlib/softdevice_controller/lib/cortex-m4/soft-float/libsoftdevice_controller_central.a(libsoftdevice_controller_s123_debug_soft__obfuscated.elf)
 .text          0x00000000000007b8       0x30 /home/giovanni/ncs/v2.7.0/nrfxlib/softdevice_controller/lib/cortex-m4/soft-float/libsoftdevice_controller_central.a(libsoftdevice_controller_s123_debug_soft__obfuscated.elf)
 .text          0x00000000000007e8       0x60 /home/giovanni/ncs/v2.7.0/nrfxlib/softdevice_controller/lib/cortex-m4/soft-float/libsoftdevice_controller_central.a(libsoftdevice_controller_s123_debug_soft__obfuscated.elf)
 .text          0x0000000000000848       0xd4 /home/giovanni/ncs/v2.7.0/nrfxlib/softdevice_controller/lib/cortex-m4/soft-float/libsoftdevice_controller_central.a(libsoftdevice_controller_s123_debug_soft__obfuscated.elf)
 .text          0x000000000000091c       0x78 /home/giovanni/ncs/v2.7.0/nrfxlib/softdevice_controller/lib/cortex-m4/soft-float/libsoftdevice_controller_central.a(libsoftdevice_controller_s123_debug_soft__obfuscated.elf)
                0x000000000000091c                sym_476LRB5XNUARAHCHHC7ZAIGPFC5VZ4W2N4467LI
 .text          0x0000000000000994       0x48 /home/giovanni/ncs/v2.7.0/nrfxlib/softdevice_controller/lib/cortex-m4/soft-float/libsoftdevice_controller_central.a(libsoftdevice_controller_s123_debug_soft__obfuscated.elf)
 .text          0x00000000000009dc       0x80 /home/giovanni/ncs/v2.7.0/nrfxlib/softdevice_controller/lib/cortex-m4/soft-float/libsoftdevice_controller_central.a(libsoftdevice_controller_s123_debug_soft__obfuscated.elf)
                0x00000000000009dc                sdc_init
 .text          0x0000000000000a5c       0x94 /home/giovanni/ncs/v2.7.0/nrfxlib/softdevice_controller/lib/cortex-m4/soft-float/libsoftdevice_controller_central.a(libsoftdevice_controller_s123_debug_soft__obfuscated.elf)
                0x0000000000000a5c                sdc_cfg_set
 .text          0x0000000000000af0       0x54 /home/giovanni/ncs/v2.7.0/nrfxlib/softdevice_controller/lib/cortex-m4/soft-float/libsoftdevice_controller_central.a(libsoftdevice_controller_s123_debug_soft__obfuscated.elf)
                0x0000000000000af0                sdc_enable
 .text          0x0000000000000b44       0x24 /home/giovanni/ncs/v2.7.0/nrfxlib/softdevice_controller/lib/cortex-m4/soft-float/libsoftdevice_controller_central.a(libsoftdevice_controller_s123_debug_soft__obfuscated.elf)
                0x0000000000000b44                sdc_disable
 .text          0x0000000000000b68       0x24 /home/giovanni/ncs/v2.7.0/nrfxlib/softdevice_controller/lib/cortex-m4/soft-float/libsoftdevice_controller_central.a(libsoftdevice_controller_s123_debug_soft__obfuscated.elf)
                0x0000000000000b68                sdc_build_revision_get
 .text          0x0000000000000b8c       0x30 /home/giovanni/ncs/v2.7.0/nrfxlib/softdevice_controller/lib/cortex-m4/soft-float/libsoftdevice_controller_central.a(libsoftdevice_controller_s123_debug_soft__obfuscated.elf)
                0x0000000000000b8c                sdc_support_central
 .text          0x0000000000000bbc       0x1c /home/giovanni/ncs/v2.7.0/nrfxlib/softdevice_controller/lib/cortex-m4/soft-float/libsoftdevice_controller_central.a(libsoftdevice_controller_s123_debug_soft__obfuscated.elf)
                0x0000000000000bbc                sdc_support_dle_central
 .text          0x0000000000000bd8       0x1c /home/giovanni/ncs/v2.7.0/nrfxlib/softdevice_controller/lib/cortex-m4/soft-float/libsoftdevice_controller_central.a(libsoftdevice_controller_s123_debug_soft__obfuscated.elf)
                0x0000000000000bd8                sdc_support_le_2m_phy
 .text          0x0000000000000bf4       0x1c /home/giovanni/ncs/v2.7.0/nrfxlib/softdevice_controller/lib/cortex-m4/soft-float/libsoftdevice_controller_central.a(libsoftdevice_controller_s123_debug_soft__obfuscated.elf)
                0x0000000000000bf4                sdc_support_phy_update_central
 .text          0x0000000000000c10       0x10 /home/giovanni/ncs/v2.7.0/nrfxlib/softdevice_controller/lib/cortex-m4/soft-float/libsoftdevice_controller_central.a(libsoftdevice_controller_s123_debug_soft__obfuscated.elf)
                0x0000000000000c10                sdc_rand_source_register
 .text          0x0000000000000c20        0xc /home/giovanni/ncs/v2.7.0/nrfxlib/softdevice_controller/lib/cortex-m4/soft-float/libsoftdevice_controller_central.a(libsoftdevice_controller_s123_debug_soft__obfuscated.elf)
                0x0000000000000c20                sym_CVMXQJYKHZVHIOMGOYEICPLVAIQNUBL6USVNZSA
 .text          0x0000000000000c2c       0x10 /home/giovanni/ncs/v2.7.0/nrfxlib/softdevice_controller/lib/cortex-m4/soft-float/libsoftdevice_controller_central.a(libsoftdevice_controller_s123_debug_soft__obfuscated.elf)
                0x0000000000000c2c                sym_EZ7BAEZZMYJFIJAONX254JF3WPGEXUT4NMP2WJQ
 .text          0x0000000000000c3c       0x78 /home/giovanni/ncs/v2.7.0/nrfxlib/softdevice_controller/lib/cortex-m4/soft-float/libsoftdevice_controller_central.a(libsoftdevice_controller_s123_debug_soft__obfuscated.elf)
                0x0000000000000c3c                sym_MS2INTHZLDZMKZ5TZUDLWHPLKH3FLVZPA26JG6A
 .text          0x0000000000000cb4       0x28 /home/giovanni/ncs/v2.7.0/nrfxlib/softdevice_controller/lib/cortex-m4/soft-float/libsoftdevice_controller_central.a(libsoftdevice_controller_s123_debug_soft__obfuscated.elf)
                0x0000000000000cb4                sym_TG7NSIC2UKHCUBZWZ4K4EMD5QRI2QVSKVKV6CFQ
 .text          0x0000000000000cdc       0x3c /home/giovanni/ncs/v2.7.0/nrfxlib/softdevice_controller/lib/cortex-m4/soft-float/libsoftdevice_controller_central.a(libsoftdevice_controller_s123_debug_soft__obfuscated.elf)
                0x0000000000000cdc                sym_Z7NJGBYWCKFTEHRYWAIDKWPEUN45273QSWUA5CY
 .text          0x0000000000000d18       0x24 /home/giovanni/ncs/v2.7.0/nrfxlib/softdevice_controller/lib/cortex-m4/soft-float/libsoftdevice_controller_central.a(libsoftdevice_controller_s123_debug_soft__obfuscated.elf)
                0x0000000000000d18                sym_TU2SMBIUC7JL6C3K2XB6727DQLBLV5LEGIMZAFQ
 .text          0x0000000000000d3c       0x10 /home/giovanni/ncs/v2.7.0/nrfxlib/softdevice_controller/lib/cortex-m4/soft-float/libsoftdevice_controller_central.a(libsoftdevice_controller_s123_debug_soft__obfuscated.elf)
                0x0000000000000d3c                sym_CIVMWIRGIOQ374UFFPIFNN4ZGKYK2FRKTT6YRYA
 .text          0x0000000000000d4c       0x10 /home/giovanni/ncs/v2.7.0/nrfxlib/softdevice_controller/lib/cortex-m4/soft-float/libsoftdevice_controller_central.a(libsoftdevice_controller_s123_debug_soft__obfuscated.elf)
                0x0000000000000d4c                sym_PPT6FEOF2T6DRALMCRRTUI7CHLEPBAN25HYV3KQ
 .text          0x0000000000000d5c       0x20 /home/giovanni/ncs/v2.7.0/nrfxlib/softdevice_controller/lib/cortex-m4/soft-float/libsoftdevice_controller_central.a(libsoftdevice_controller_s123_debug_soft__obfuscated.elf)
                0x0000000000000d5c                sym_CEENVC5DZRUT7MGF5LABXKT4NV7YUL5F6EX6TEQ
 .text          0x0000000000000d7c        0xc /home/giovanni/ncs/v2.7.0/nrfxlib/softdevice_controller/lib/cortex-m4/soft-float/libsoftdevice_controller_central.a(libsoftdevice_controller_s123_debug_soft__obfuscated.elf)
                0x0000000000000d7c                sym_G3KVRHCJDVHL7HV53526V3YI3DTK2IW2CADUWZQ
 .text          0x0000000000000d88       0x1c /home/giovanni/ncs/v2.7.0/nrfxlib/softdevice_controller/lib/cortex-m4/soft-float/libsoftdevice_controller_central.a(libsoftdevice_controller_s123_debug_soft__obfuscated.elf)
                0x0000000000000d88                sdc_hci_cmd_cb_reset
 .text          0x0000000000000da4       0x48 /home/giovanni/ncs/v2.7.0/nrfxlib/softdevice_controller/lib/cortex-m4/soft-float/libsoftdevice_controller_central.a(libsoftdevice_controller_s123_debug_soft__obfuscated.elf)
 .text          0x0000000000000dec       0x4c /home/giovanni/ncs/v2.7.0/nrfxlib/softdevice_controller/lib/cortex-m4/soft-float/libsoftdevice_controller_central.a(libsoftdevice_controller_s123_debug_soft__obfuscated.elf)
 .text          0x0000000000000e38       0x48 /home/giovanni/ncs/v2.7.0/nrfxlib/softdevice_controller/lib/cortex-m4/soft-float/libsoftdevice_controller_central.a(libsoftdevice_controller_s123_debug_soft__obfuscated.elf)
                0x0000000000000e38                sym_HJGZHHO77JF3TGWELSVWDOZTFCPAWAJURCFG3IY
 .text          0x0000000000000e80       0xa0 /home/giovanni/ncs/v2.7.0/nrfxlib/softdevice_controller/lib/cortex-m4/soft-float/libsoftdevice_controller_central.a(libsoftdevice_controller_s123_debug_soft__obfuscated.elf)
                0x0000000000000e80                sym_XU5SZFZBMUUCUDZEEMM4IFIEXSHIDIGLJZ253XA
 .text          0x0000000000000f20       0xe4 /home/giovanni/ncs/v2.7.0/nrfxlib/softdevice_controller/lib/cortex-m4/soft-float/libsoftdevice_controller_central.a(libsoftdevice_controller_s123_debug_soft__obfuscated.elf)
                0x0000000000000f20                sym_EQ53CEL7EDVHMFMHMFPRRQU46C5YKKFEBAACFOA
 .text          0x0000000000001004       0x70 /home/giovanni/ncs/v2.7.0/nrfxlib/softdevice_controller/lib/cortex-m4/soft-float/libsoftdevice_controller_central.a(libsoftdevice_controller_s123_debug_soft__obfuscated.elf)
                0x0000000000001004                sym_DMJHGENWVWA7ILXIIOOHU6SYMMXUDCUFUUBACLQ
 .text          0x0000000000001074       0x7c /home/giovanni/ncs/v2.7.0/nrfxlib/softdevice_controller/lib/cortex-m4/soft-float/libsoftdevice_controller_central.a(libsoftdevice_controller_s123_debug_soft__obfuscated.elf)
                0x0000000000001074                sym_7JFC7IFAJQVPYCQHAIUKZ626ISM3VUWBEEXY7WI
 .text          0x00000000000010f0       0x2c /home/giovanni/ncs/v2.7.0/nrfxlib/softdevice_controller/lib/cortex-m4/soft-float/libsoftdevice_controller_central.a(libsoftdevice_controller_s123_debug_soft__obfuscated.elf)
                0x00000000000010f0                sym_5X75WALYYBUWN4XT5LYOZBIGSZHVNFKF5J4CSQI
 .text          0x000000000000111c       0x48 /home/giovanni/ncs/v2.7.0/nrfxlib/softdevice_controller/lib/cortex-m4/soft-float/libsoftdevice_controller_central.a(libsoftdevice_controller_s123_debug_soft__obfuscated.elf)
                0x000000000000111c                sym_4AWF7EXI3MMHUULTY73E756U3IY5DEXOZ265MZY
 .text          0x0000000000001164       0x40 /home/giovanni/ncs/v2.7.0/nrfxlib/softdevice_controller/lib/cortex-m4/soft-float/libsoftdevice_controller_central.a(libsoftdevice_controller_s123_debug_soft__obfuscated.elf)
                0x0000000000001164                sym_6I4XEOIW7LI2E3Z53L54ZHQQHYICXR4H4JQWXLA
 .text          0x00000000000011a4       0x30 /home/giovanni/ncs/v2.7.0/nrfxlib/softdevice_controller/lib/cortex-m4/soft-float/libsoftdevice_controller_central.a(libsoftdevice_controller_s123_debug_soft__obfuscated.elf)
                0x00000000000011a4                sym_6DYG6C6ROXZA67GZINNB2XIQHL3KE2RCKK4QFXA
 .text          0x00000000000011d4       0x84 /home/giovanni/ncs/v2.7.0/nrfxlib/softdevice_controller/lib/cortex-m4/soft-float/libsoftdevice_controller_central.a(libsoftdevice_controller_s123_debug_soft__obfuscated.elf)
                0x00000000000011d4                sym_24NU2MJKHN4R2Z7HXHMPDWTTDYSB32VL6HEQPZA
 .text          0x0000000000001258       0x28 /home/giovanni/ncs/v2.7.0/nrfxlib/softdevice_controller/lib/cortex-m4/soft-float/libsoftdevice_controller_central.a(libsoftdevice_controller_s123_debug_soft__obfuscated.elf)
                0x0000000000001258                sym_3QFBRH4ZSIA64QP2I3K547Y5WIALGQTCBP5Y5SQ
 .text          0x0000000000001280        0xc /home/giovanni/ncs/v2.7.0/nrfxlib/softdevice_controller/lib/cortex-m4/soft-float/libsoftdevice_controller_central.a(libsoftdevice_controller_s123_debug_soft__obfuscated.elf)
                0x0000000000001280                sym_NOQRMQ5IH6SQFJEPI5A3UBMITO54HG4WO4DTTXA
 .text          0x000000000000128c       0x5c /home/giovanni/ncs/v2.7.0/nrfxlib/softdevice_controller/lib/cortex-m4/soft-float/libsoftdevice_controller_central.a(libsoftdevice_controller_s123_debug_soft__obfuscated.elf)
                0x000000000000128c                sym_E5WZNPP2DINHF6K4PHXLYLX5AXTYBQYGQESRSGQ
 .text          0x00000000000012e8       0x20 /home/giovanni/ncs/v2.7.0/nrfxlib/softdevice_controller/lib/cortex-m4/soft-float/libsoftdevice_controller_central.a(libsoftdevice_controller_s123_debug_soft__obfuscated.elf)
 .text          0x0000000000001308       0x10 /home/giovanni/ncs/v2.7.0/nrfxlib/softdevice_controller/lib/cortex-m4/soft-float/libsoftdevice_controller_central.a(libsoftdevice_controller_s123_debug_soft__obfuscated.elf)
 .text          0x0000000000001318        0xc /home/giovanni/ncs/v2.7.0/nrfxlib/softdevice_controller/lib/cortex-m4/soft-float/libsoftdevice_controller_central.a(libsoftdevice_controller_s123_debug_soft__obfuscated.elf)
 .text          0x0000000000001324       0x64 /home/giovanni/ncs/v2.7.0/nrfxlib/softdevice_controller/lib/cortex-m4/soft-float/libsoftdevice_controller_central.a(libsoftdevice_controller_s123_debug_soft__obfuscated.elf)
 .text          0x0000000000001388       0x14 /home/giovanni/ncs/v2.7.0/nrfxlib/softdevice_controller/lib/cortex-m4/soft-float/libsoftdevice_controller_central.a(libsoftdevice_controller_s123_debug_soft__obfuscated.elf)
 .text          0x000000000000139c      0x1a8 /home/giovanni/ncs/v2.7.0/nrfxlib/softdevice_controller/lib/cortex-m4/soft-float/libsoftdevice_controller_central.a(libsoftdevice_controller_s123_debug_soft__obfuscated.elf)
 .text          0x0000000000001544       0x2c /home/giovanni/ncs/v2.7.0/nrfxlib/softdevice_controller/lib/cortex-m4/soft-float/libsoftdevice_controller_central.a(libsoftdevice_controller_s123_debug_soft__obfuscated.elf)
 .text          0x0000000000001570      0x140 /home/giovanni/ncs/v2.7.0/nrfxlib/softdevice_controller/lib/cortex-m4/soft-float/libsoftdevice_controller_central.a(libsoftdevice_controller_s123_debug_soft__obfuscated.elf)
 .text          0x00000000000016b0       0x18 /home/giovanni/ncs/v2.7.0/nrfxlib/softdevice_controller/lib/cortex-m4/soft-float/libsoftdevice_controller_central.a(libsoftdevice_controller_s123_debug_soft__obfuscated.elf)
                0x00000000000016b0                sym_DOZBRJLK4YK3UIAPC27JGEBDCH5Y2BCX3XMRURY
 .text          0x00000000000016c8       0x3c /home/giovanni/ncs/v2.7.0/nrfxlib/softdevice_controller/lib/cortex-m4/soft-float/libsoftdevice_controller_central.a(libsoftdevice_controller_s123_debug_soft__obfuscated.elf)
                0x00000000000016c8                sym_7TCX7VR3LQDB2G4LYUM4YUKX3ZVIO33J3JZVMKY
 .text          0x0000000000001704       0x10 /home/giovanni/ncs/v2.7.0/nrfxlib/softdevice_controller/lib/cortex-m4/soft-float/libsoftdevice_controller_central.a(libsoftdevice_controller_s123_debug_soft__obfuscated.elf)
                0x0000000000001704                sym_DDEKRCVCBAV6DMR2JGOTTXJPMB6OW3IK3MJRV2Q
 .text          0x0000000000001714      0x1e4 /home/giovanni/ncs/v2.7.0/nrfxlib/softdevice_controller/lib/cortex-m4/soft-float/libsoftdevice_controller_central.a(libsoftdevice_controller_s123_debug_soft__obfuscated.elf)
                0x0000000000001714                sym_EXF7QYQZRNDSXD5BXX5JHASOOMIXFF6ILEF5NVA
 .text          0x00000000000018f8       0x44 /home/giovanni/ncs/v2.7.0/nrfxlib/softdevice_controller/lib/cortex-m4/soft-float/libsoftdevice_controller_central.a(libsoftdevice_controller_s123_debug_soft__obfuscated.elf)
                0x00000000000018f8                sym_6BTYZXVNYPYTH2WUVFE5C5JVTZHQJAJ5IGD6OCA
 .text          0x000000000000193c        0xc /home/giovanni/ncs/v2.7.0/nrfxlib/softdevice_controller/lib/cortex-m4/soft-float/libsoftdevice_controller_central.a(libsoftdevice_controller_s123_debug_soft__obfuscated.elf)
                0x000000000000193c                sym_UAPFH34IEHUX3FGU7LNPEIJNCLAPRJP46TMN4NY
 .text          0x0000000000001948       0x88 /home/giovanni/ncs/v2.7.0/nrfxlib/softdevice_controller/lib/cortex-m4/soft-float/libsoftdevice_controller_central.a(libsoftdevice_controller_s123_debug_soft__obfuscated.elf)
                0x0000000000001948                sym_C4ZAWP4QAOEKUKS7VCLA6E4RPDOWCDVMBYVKPFI
 .text          0x00000000000019d0      0x304 /home/giovanni/ncs/v2.7.0/nrfxlib/softdevice_controller/lib/cortex-m4/soft-float/libsoftdevice_controller_central.a(libsoftdevice_controller_s123_debug_soft__obfuscated.elf)
 .text          0x0000000000001cd4       0x10 /home/giovanni/ncs/v2.7.0/nrfxlib/softdevice_controller/lib/cortex-m4/soft-float/libsoftdevice_controller_central.a(libsoftdevice_controller_s123_debug_soft__obfuscated.elf)
 .text          0x0000000000001ce4       0x10 /home/giovanni/ncs/v2.7.0/nrfxlib/softdevice_controller/lib/cortex-m4/soft-float/libsoftdevice_controller_central.a(libsoftdevice_controller_s123_debug_soft__obfuscated.elf)
 .text          0x0000000000001cf4       0x10 /home/giovanni/ncs/v2.7.0/nrfxlib/softdevice_controller/lib/cortex-m4/soft-float/libsoftdevice_controller_central.a(libsoftdevice_controller_s123_debug_soft__obfuscated.elf)
 .text          0x0000000000001d04       0x1c /home/giovanni/ncs/v2.7.0/nrfxlib/softdevice_controller/lib/cortex-m4/soft-float/libsoftdevice_controller_central.a(libsoftdevice_controller_s123_debug_soft__obfuscated.elf)
 .text          0x0000000000001d20       0x18 /home/giovanni/ncs/v2.7.0/nrfxlib/softdevice_controller/lib/cortex-m4/soft-float/libsoftdevice_controller_central.a(libsoftdevice_controller_s123_debug_soft__obfuscated.elf)
 .text          0x0000000000001d38       0x20 /home/giovanni/ncs/v2.7.0/nrfxlib/softdevice_controller/lib/cortex-m4/soft-float/libsoftdevice_controller_central.a(libsoftdevice_controller_s123_debug_soft__obfuscated.elf)
 .text          0x0000000000001d58       0x2c /home/giovanni/ncs/v2.7.0/nrfxlib/softdevice_controller/lib/cortex-m4/soft-float/libsoftdevice_controller_central.a(libsoftdevice_controller_s123_debug_soft__obfuscated.elf)
 .text          0x0000000000001d84       0xc0 /home/giovanni/ncs/v2.7.0/nrfxlib/softdevice_controller/lib/cortex-m4/soft-float/libsoftdevice_controller_central.a(libsoftdevice_controller_s123_debug_soft__obfuscated.elf)
 .text          0x0000000000001e44       0x24 /home/giovanni/ncs/v2.7.0/nrfxlib/softdevice_controller/lib/cortex-m4/soft-float/libsoftdevice_controller_central.a(libsoftdevice_controller_s123_debug_soft__obfuscated.elf)
 .text          0x0000000000001e68       0x98 /home/giovanni/ncs/v2.7.0/nrfxlib/softdevice_controller/lib/cortex-m4/soft-float/libsoftdevice_controller_central.a(libsoftdevice_controller_s123_debug_soft__obfuscated.elf)
 .text          0x0000000000001f00       0x44 /home/giovanni/ncs/v2.7.0/nrfxlib/softdevice_controller/lib/cortex-m4/soft-float/libsoftdevice_controller_central.a(libsoftdevice_controller_s123_debug_soft__obfuscated.elf)
 .text          0x0000000000001f44       0x50 /home/giovanni/ncs/v2.7.0/nrfxlib/softdevice_controller/lib/cortex-m4/soft-float/libsoftdevice_controller_central.a(libsoftdevice_controller_s123_debug_soft__obfuscated.elf)
 .text          0x0000000000001f94       0xc0 /home/giovanni/ncs/v2.7.0/nrfxlib/softdevice_controller/lib/cortex-m4/soft-float/libsoftdevice_controller_central.a(libsoftdevice_controller_s123_debug_soft__obfuscated.elf)
 .text          0x0000000000002054       0xf4 /home/giovanni/ncs/v2.7.0/nrfxlib/softdevice_controller/lib/cortex-m4/soft-float/libsoftdevice_controller_central.a(libsoftdevice_controller_s123_debug_soft__obfuscated.elf)
 .text          0x0000000000002148      0x168 /home/giovanni/ncs/v2.7.0/nrfxlib/softdevice_controller/lib/cortex-m4/soft-float/libsoftdevice_controller_central.a(libsoftdevice_controller_s123_debug_soft__obfuscated.elf)
 .text          0x00000000000022b0       0x34 /home/giovanni/ncs/v2.7.0/nrfxlib/softdevice_controller/lib/cortex-m4/soft-float/libsoftdevice_controller_central.a(libsoftdevice_controller_s123_debug_soft__obfuscated.elf)
 .text          0x00000000000022e4       0x68 /home/giovanni/ncs/v2.7.0/nrfxlib/softdevice_controller/lib/cortex-m4/soft-float/libsoftdevice_controller_central.a(libsoftdevice_controller_s123_debug_soft__obfuscated.elf)
 .text          0x000000000000234c       0x20 /home/giovanni/ncs/v2.7.0/nrfxlib/softdevice_controller/lib/cortex-m4/soft-float/libsoftdevice_controller_central.a(libsoftdevice_controller_s123_debug_soft__obfuscated.elf)
 .text          0x000000000000236c      0x450 /home/giovanni/ncs/v2.7.0/nrfxlib/softdevice_controller/lib/cortex-m4/soft-float/libsoftdevice_controller_central.a(libsoftdevice_controller_s123_debug_soft__obfuscated.elf)
 .text          0x00000000000027bc      0x114 /home/giovanni/ncs/v2.7.0/nrfxlib/softdevice_controller/lib/cortex-m4/soft-float/libsoftdevice_controller_central.a(libsoftdevice_controller_s123_debug_soft__obfuscated.elf)
 .text          0x00000000000028d0       0x2c /home/giovanni/ncs/v2.7.0/nrfxlib/softdevice_controller/lib/cortex-m4/soft-float/libsoftdevice_controller_central.a(libsoftdevice_controller_s123_debug_soft__obfuscated.elf)
                0x00000000000028d0                sym_MSYMIWR3PI6HXHUAZX2P7HGFCTCK3HSW5N3BC2A
 .text          0x00000000000028fc       0x10 /home/giovanni/ncs/v2.7.0/nrfxlib/softdevice_controller/lib/cortex-m4/soft-float/libsoftdevice_controller_central.a(libsoftdevice_controller_s123_debug_soft__obfuscated.elf)
                0x00000000000028fc                sym_K7SQKMVWESLZUZE22L4CEOMCL4JSVJET4SYEPLI
 .text          0x000000000000290c       0x24 /home/giovanni/ncs/v2.7.0/nrfxlib/softdevice_controller/lib/cortex-m4/soft-float/libsoftdevice_controller_central.a(libsoftdevice_controller_s123_debug_soft__obfuscated.elf)
                0x000000000000290c                sym_KTO2H4NDIYSSQUUKE3NMMN4YAJAKAHZE3TQVHOY
 .text          0x0000000000002930       0x68 /home/giovanni/ncs/v2.7.0/nrfxlib/softdevice_controller/lib/cortex-m4/soft-float/libsoftdevice_controller_central.a(libsoftdevice_controller_s123_debug_soft__obfuscated.elf)
                0x0000000000002930                sym_CAWX7VFIWXNZLGUALKXHPOWKG5OUKQTCDAWDIJQ
 .text          0x0000000000002998       0x10 /home/giovanni/ncs/v2.7.0/nrfxlib/softdevice_controller/lib/cortex-m4/soft-float/libsoftdevice_controller_central.a(libsoftdevice_controller_s123_debug_soft__obfuscated.elf)
                0x0000000000002998                sym_SPOA75Q2J6LVU6OSBDIHNSVXF4UIA7YYLMJNW6Y
 .text          0x00000000000029a8       0x68 /home/giovanni/ncs/v2.7.0/nrfxlib/softdevice_controller/lib/cortex-m4/soft-float/libsoftdevice_controller_central.a(libsoftdevice_controller_s123_debug_soft__obfuscated.elf)
                0x00000000000029a8                sym_NN7F2AFPNY6STZCCSXFBV5372QVP4U2ULKNO6YY
 .text          0x0000000000002a10       0x28 /home/giovanni/ncs/v2.7.0/nrfxlib/softdevice_controller/lib/cortex-m4/soft-float/libsoftdevice_controller_central.a(libsoftdevice_controller_s123_debug_soft__obfuscated.elf)
 .text          0x0000000000002a38      0x1b4 /home/giovanni/ncs/v2.7.0/nrfxlib/softdevice_controller/lib/cortex-m4/soft-float/libsoftdevice_controller_central.a(libsoftdevice_controller_s123_debug_soft__obfuscated.elf)
 .text          0x0000000000002bec       0x24 /home/giovanni/ncs/v2.7.0/nrfxlib/softdevice_controller/lib/cortex-m4/soft-float/libsoftdevice_controller_central.a(libsoftdevice_controller_s123_debug_soft__obfuscated.elf)
 .text          0x0000000000002c10       0x30 /home/giovanni/ncs/v2.7.0/nrfxlib/softdevice_controller/lib/cortex-m4/soft-float/libsoftdevice_controller_central.a(libsoftdevice_controller_s123_debug_soft__obfuscated.elf)
 .text          0x0000000000002c40       0x2c /home/giovanni/ncs/v2.7.0/nrfxlib/softdevice_controller/lib/cortex-m4/soft-float/libsoftdevice_controller_central.a(libsoftdevice_controller_s123_debug_soft__obfuscated.elf)
                0x0000000000002c40                sym_MZZ5CJE5YKBRI3UNENSSXM3SF3FKPPVI2OL74NY
 .text          0x0000000000002c6c       0x1c /home/giovanni/ncs/v2.7.0/nrfxlib/softdevice_controller/lib/cortex-m4/soft-float/libsoftdevice_controller_central.a(libsoftdevice_controller_s123_debug_soft__obfuscated.elf)
                0x0000000000002c6c                sym_OMWXBZW422C6DKXO7GJC4CUO6XR5IIZSWYHWWEY
 .text          0x0000000000002c88       0x50 /home/giovanni/ncs/v2.7.0/nrfxlib/softdevice_controller/lib/cortex-m4/soft-float/libsoftdevice_controller_central.a(libsoftdevice_controller_s123_debug_soft__obfuscated.elf)
                0x0000000000002c88                sym_6SR5FGIT2BUCA4BUYLG742GH74UKLXYFZPRQHKI
 .text          0x0000000000002cd8       0x18 /home/giovanni/ncs/v2.7.0/nrfxlib/softdevice_controller/lib/cortex-m4/soft-float/libsoftdevice_controller_central.a(libsoftdevice_controller_s123_debug_soft__obfuscated.elf)
                0x0000000000002cd8                sym_5BWPSC5UDYEC3GTZIIG32JU3MC6XSIATXZELIBA
 .text          0x0000000000002cf0       0xfc /home/giovanni/ncs/v2.7.0/nrfxlib/softdevice_controller/lib/cortex-m4/soft-float/libsoftdevice_controller_central.a(libsoftdevice_controller_s123_debug_soft__obfuscated.elf)
                0x0000000000002cf0                sym_APQBQYVRLINLVCFXLBBEITGXGOI22AKEZA4TBXI
 .text          0x0000000000002dec       0x88 /home/giovanni/ncs/v2.7.0/nrfxlib/softdevice_controller/lib/cortex-m4/soft-float/libsoftdevice_controller_central.a(libsoftdevice_controller_s123_debug_soft__obfuscated.elf)
                0x0000000000002dec                sym_O5OKVEPVXGQWULJQT7IB7WKP5SOAFRRRLE3UUPI
 .text          0x0000000000002e74      0x378 /home/giovanni/ncs/v2.7.0/nrfxlib/softdevice_controller/lib/cortex-m4/soft-float/libsoftdevice_controller_central.a(libsoftdevice_controller_s123_debug_soft__obfuscated.elf)
 .text          0x00000000000031ec       0x84 /home/giovanni/ncs/v2.7.0/nrfxlib/softdevice_controller/lib/cortex-m4/soft-float/libsoftdevice_controller_central.a(libsoftdevice_controller_s123_debug_soft__obfuscated.elf)
                0x00000000000031ec                sym_FOQ3QPGOR6JQQMW2UGNYKWNNYYOKZLMCFF3HUQI
 .text          0x0000000000003270       0x34 /home/giovanni/ncs/v2.7.0/nrfxlib/softdevice_controller/lib/cortex-m4/soft-float/libsoftdevice_controller_central.a(libsoftdevice_controller_s123_debug_soft__obfuscated.elf)
                0x0000000000003270                sym_CEIRMF45E42FC47RKIFGTU36Z7XGQCJUDSF57LQ
 .text          0x00000000000032a4       0x78 /home/giovanni/ncs/v2.7.0/nrfxlib/softdevice_controller/lib/cortex-m4/soft-float/libsoftdevice_controller_central.a(libsoftdevice_controller_s123_debug_soft__obfuscated.elf)
                0x00000000000032a4                sym_4SBBLL64WWP4ZG5OZI4AZRNE5QSDGST5WG4LTOA
 .text          0x000000000000331c      0x100 /home/giovanni/ncs/v2.7.0/nrfxlib/softdevice_controller/lib/cortex-m4/soft-float/libsoftdevice_controller_central.a(libsoftdevice_controller_s123_debug_soft__obfuscated.elf)
                0x000000000000331c                sym_BAQ6XKIJ2DDNHUPTZJSMTWD7KTOEUEG7XPMPCIA
 .text          0x000000000000341c       0x80 /home/giovanni/ncs/v2.7.0/nrfxlib/softdevice_controller/lib/cortex-m4/soft-float/libsoftdevice_controller_central.a(libsoftdevice_controller_s123_debug_soft__obfuscated.elf)
 .text          0x000000000000349c       0x38 /home/giovanni/ncs/v2.7.0/nrfxlib/softdevice_controller/lib/cortex-m4/soft-float/libsoftdevice_controller_central.a(libsoftdevice_controller_s123_debug_soft__obfuscated.elf)
 .text          0x00000000000034d4      0x164 /home/giovanni/ncs/v2.7.0/nrfxlib/softdevice_controller/lib/cortex-m4/soft-float/libsoftdevice_controller_central.a(libsoftdevice_controller_s123_debug_soft__obfuscated.elf)
 .text          0x0000000000003638       0xf4 /home/giovanni/ncs/v2.7.0/nrfxlib/softdevice_controller/lib/cortex-m4/soft-float/libsoftdevice_controller_central.a(libsoftdevice_controller_s123_debug_soft__obfuscated.elf)
 .text          0x000000000000372c       0x10 /home/giovanni/ncs/v2.7.0/nrfxlib/softdevice_controller/lib/cortex-m4/soft-float/libsoftdevice_controller_central.a(libsoftdevice_controller_s123_debug_soft__obfuscated.elf)
                0x000000000000372c                sym_R2R62GLIY7S3OCJMRDPIB4TBZFUG2AN7TI7ERPI
 .text          0x000000000000373c        0xc /home/giovanni/ncs/v2.7.0/nrfxlib/softdevice_controller/lib/cortex-m4/soft-float/libsoftdevice_controller_central.a(libsoftdevice_controller_s123_debug_soft__obfuscated.elf)
                0x000000000000373c                sym_O5ZKMVYIIKH3EAJRECXZFOUFXDW4MCMBS67KZZI
 .text          0x0000000000003748       0x48 /home/giovanni/ncs/v2.7.0/nrfxlib/softdevice_controller/lib/cortex-m4/soft-float/libsoftdevice_controller_central.a(libsoftdevice_controller_s123_debug_soft__obfuscated.elf)
                0x0000000000003748                sym_5ZBAGF5IPZJLTC3H62ZY4U4SW6MV7I4QJW2DD3I
 .text          0x0000000000003790       0x20 /home/giovanni/ncs/v2.7.0/nrfxlib/softdevice_controller/lib/cortex-m4/soft-float/libsoftdevice_controller_central.a(libsoftdevice_controller_s123_debug_soft__obfuscated.elf)
                0x0000000000003790                sym_SVA6DLBGPY6XV2V2F4HOMHWDPSDIRD722L2FDEI
 .text          0x00000000000037b0       0x84 /home/giovanni/ncs/v2.7.0/nrfxlib/softdevice_controller/lib/cortex-m4/soft-float/libsoftdevice_controller_central.a(libsoftdevice_controller_s123_debug_soft__obfuscated.elf)
                0x00000000000037b0                sym_75TAEO5RFHKNVZFZHMOMYUKRALUIDEKJ3QZBZUI
 .text          0x0000000000003834        0xc /home/giovanni/ncs/v2.7.0/nrfxlib/softdevice_controller/lib/cortex-m4/soft-float/libsoftdevice_controller_central.a(libsoftdevice_controller_s123_debug_soft__obfuscated.elf)
                0x0000000000003834                sym_P52EVHQKGJ5EMXHU27BFVEFSO6ZMLSI4P52LQDA
 .text          0x0000000000003840       0x18 /home/giovanni/ncs/v2.7.0/nrfxlib/softdevice_controller/lib/cortex-m4/soft-float/libsoftdevice_controller_central.a(libsoftdevice_controller_s123_debug_soft__obfuscated.elf)
                0x0000000000003840                sym_GWAYX66NWSVNQ3OHE5BQRMOI6IRTYM6NL6TBSRQ
 .text          0x0000000000003858       0x1c /home/giovanni/ncs/v2.7.0/nrfxlib/softdevice_controller/lib/cortex-m4/soft-float/libsoftdevice_controller_central.a(libsoftdevice_controller_s123_debug_soft__obfuscated.elf)
                0x0000000000003858                sym_WQEYNQYPTFH4BI2WPULDBBECIY2RT3HWWUCSKNI
 .text          0x0000000000003874       0x38 /home/giovanni/ncs/v2.7.0/nrfxlib/softdevice_controller/lib/cortex-m4/soft-float/libsoftdevice_controller_central.a(libsoftdevice_controller_s123_debug_soft__obfuscated.elf)
                0x0000000000003874                sym_ZKPLK624IRELGER42R2ZHKGWJUXMU6RHHHTNAQY
 .text          0x00000000000038ac       0x48 /home/giovanni/ncs/v2.7.0/nrfxlib/softdevice_controller/lib/cortex-m4/soft-float/libsoftdevice_controller_central.a(libsoftdevice_controller_s123_debug_soft__obfuscated.elf)
                0x00000000000038ac                sym_O6XGUO2YE6EJZ7P2GIXT7NMMWYUEBQ4F3KREAXA
 .text          0x00000000000038f4        0xc /home/giovanni/ncs/v2.7.0/nrfxlib/softdevice_controller/lib/cortex-m4/soft-float/libsoftdevice_controller_central.a(libsoftdevice_controller_s123_debug_soft__obfuscated.elf)
                0x00000000000038f4                sym_KN3K6STNQWQWR2LORBLVX4RFT5RXJO5L5JNKV4I
 .text          0x0000000000003900       0x14 /home/giovanni/ncs/v2.7.0/nrfxlib/softdevice_controller/lib/cortex-m4/soft-float/libsoftdevice_controller_central.a(libsoftdevice_controller_s123_debug_soft__obfuscated.elf)
                0x0000000000003900                sym_WVUR7FIOL24MFCJHZIBLTPA7O44X57VSRLSLAPQ
 .text          0x0000000000003914       0x34 /home/giovanni/ncs/v2.7.0/nrfxlib/softdevice_controller/lib/cortex-m4/soft-float/libsoftdevice_controller_central.a(libsoftdevice_controller_s123_debug_soft__obfuscated.elf)
                0x0000000000003914                sym_JEWVWUVPPBKFY6NTG3STLQ3KWMWEBIH34A75HKI
 .text          0x0000000000003948       0x40 /home/giovanni/ncs/v2.7.0/nrfxlib/softdevice_controller/lib/cortex-m4/soft-float/libsoftdevice_controller_central.a(libsoftdevice_controller_s123_debug_soft__obfuscated.elf)
                0x0000000000003948                sym_LFMV7ZPMP2MCCNFNC4U7QQJ547VTI3Z5P2EL4WQ
 .text          0x0000000000003988       0xa0 /home/giovanni/ncs/v2.7.0/nrfxlib/softdevice_controller/lib/cortex-m4/soft-float/libsoftdevice_controller_central.a(libsoftdevice_controller_s123_debug_soft__obfuscated.elf)
                0x0000000000003988                sym_CRB5YCB3Z3AAZH7A5G7WM2JFASUE6SGAJROBYAA
 .text          0x0000000000003a28       0x54 /home/giovanni/ncs/v2.7.0/nrfxlib/softdevice_controller/lib/cortex-m4/soft-float/libsoftdevice_controller_central.a(libsoftdevice_controller_s123_debug_soft__obfuscated.elf)
                0x0000000000003a28                sym_DOABKABWEXEJSA2H5Z2UO6MFQES34UYN7XL6GMA
 .text          0x0000000000003a7c       0x60 /home/giovanni/ncs/v2.7.0/nrfxlib/softdevice_controller/lib/cortex-m4/soft-float/libsoftdevice_controller_central.a(libsoftdevice_controller_s123_debug_soft__obfuscated.elf)
                0x0000000000003a7c                sym_HRCF6LWSDWPWEZA7S5YQFCNRDXXCJA6WGOZECRY
 .text          0x0000000000003adc       0xc8 /home/giovanni/ncs/v2.7.0/nrfxlib/softdevice_controller/lib/cortex-m4/soft-float/libsoftdevice_controller_central.a(libsoftdevice_controller_s123_debug_soft__obfuscated.elf)
                0x0000000000003adc                sym_7OWCT6RQNC7NMJTETN4SHKZQ2DXHZYW5I4QMKDQ
 .text          0x0000000000003ba4       0x50 /home/giovanni/ncs/v2.7.0/nrfxlib/softdevice_controller/lib/cortex-m4/soft-float/libsoftdevice_controller_central.a(libsoftdevice_controller_s123_debug_soft__obfuscated.elf)
                0x0000000000003ba4                sym_RGKYP5TXYS27EGT6ZHZS5EDDAZK5QGTWLBOBJEA
 .text          0x0000000000003bf4       0x18 /home/giovanni/ncs/v2.7.0/nrfxlib/softdevice_controller/lib/cortex-m4/soft-float/libsoftdevice_controller_central.a(libsoftdevice_controller_s123_debug_soft__obfuscated.elf)
                0x0000000000003bf4                sym_5EMU3BEOS6JCQEXTZ5M5LP72YGJNCV3W3R43AOI
 .text          0x0000000000003c0c        0xc /home/giovanni/ncs/v2.7.0/nrfxlib/softdevice_controller/lib/cortex-m4/soft-float/libsoftdevice_controller_central.a(libsoftdevice_controller_s123_debug_soft__obfuscated.elf)
                0x0000000000003c0c                sym_UY577SX5HIKP7SN7G6RHWTFDXAXFXXF32S4VJUA
 .text          0x0000000000003c18       0x14 /home/giovanni/ncs/v2.7.0/nrfxlib/softdevice_controller/lib/cortex-m4/soft-float/libsoftdevice_controller_central.a(libsoftdevice_controller_s123_debug_soft__obfuscated.elf)
                0x0000000000003c18                sym_Y5RIWFUVP4FHJFYC7FBZKM2MV7INK43TLWQ5URA
 .text          0x0000000000003c2c       0x60 /home/giovanni/ncs/v2.7.0/nrfxlib/softdevice_controller/lib/cortex-m4/soft-float/libsoftdevice_controller_central.a(libsoftdevice_controller_s123_debug_soft__obfuscated.elf)
                0x0000000000003c2c                sym_CY3FVUNSUUR4I46K644NW3FXSFSLG3ETQWBRBHQ
 .text          0x0000000000003c8c       0x30 /home/giovanni/ncs/v2.7.0/nrfxlib/softdevice_controller/lib/cortex-m4/soft-float/libsoftdevice_controller_central.a(libsoftdevice_controller_s123_debug_soft__obfuscated.elf)
                0x0000000000003c8c                sym_JYVNTINWWHBNIBW6ZPFJYFKZBQTI25EUE75U36Y
 .text          0x0000000000003cbc       0x14 /home/giovanni/ncs/v2.7.0/nrfxlib/softdevice_controller/lib/cortex-m4/soft-float/libsoftdevice_controller_central.a(libsoftdevice_controller_s123_debug_soft__obfuscated.elf)
                0x0000000000003cbc                sym_THL6EKGE7AKTO5JDGU45MV33YSIXORBRMDECS2Q
 .text          0x0000000000003cd0       0x5c /home/giovanni/ncs/v2.7.0/nrfxlib/softdevice_controller/lib/cortex-m4/soft-float/libsoftdevice_controller_central.a(libsoftdevice_controller_s123_debug_soft__obfuscated.elf)
                0x0000000000003cd0                sym_4POEZKL66A5T3356722OWKNB5CNFKPMV6JI3HEA
 .text          0x0000000000003d2c       0x58 /home/giovanni/ncs/v2.7.0/nrfxlib/softdevice_controller/lib/cortex-m4/soft-float/libsoftdevice_controller_central.a(libsoftdevice_controller_s123_debug_soft__obfuscated.elf)
                0x0000000000003d2c                sym_IP3LLUNJTDBIIPB3UG65MJFJZABGVNT2GN3EQPY
 .text          0x0000000000003d84      0x164 /home/giovanni/ncs/v2.7.0/nrfxlib/softdevice_controller/lib/cortex-m4/soft-float/libsoftdevice_controller_central.a(libsoftdevice_controller_s123_debug_soft__obfuscated.elf)
                0x0000000000003d84                sym_CNVWBND3CKNA7X75YYI34DQVJHIIO67GC5L2TOA
 .text          0x0000000000003ee8       0x68 /home/giovanni/ncs/v2.7.0/nrfxlib/softdevice_controller/lib/cortex-m4/soft-float/libsoftdevice_controller_central.a(libsoftdevice_controller_s123_debug_soft__obfuscated.elf)
                0x0000000000003ee8                sym_B53ULTNRMKMM2752DLWCII2MNWMNLLOI2TCFUOA
 .text          0x0000000000003f50      0x3d8 /home/giovanni/ncs/v2.7.0/nrfxlib/softdevice_controller/lib/cortex-m4/soft-float/libsoftdevice_controller_central.a(libsoftdevice_controller_s123_debug_soft__obfuscated.elf)
                0x0000000000003f50                sym_WOLK7J5ES7P57ZMVXNQUWAYV6XJ7AZYSV3TL56A
 .text          0x0000000000004328       0xc8 /home/giovanni/ncs/v2.7.0/nrfxlib/softdevice_controller/lib/cortex-m4/soft-float/libsoftdevice_controller_central.a(libsoftdevice_controller_s123_debug_soft__obfuscated.elf)
                0x0000000000004328                sym_OVTAYAIM2HXXC4KB536GUWKDN6XBONTMDU2FIEA
 .text          0x00000000000043f0       0x2c /home/giovanni/ncs/v2.7.0/nrfxlib/softdevice_controller/lib/cortex-m4/soft-float/libsoftdevice_controller_central.a(libsoftdevice_controller_s123_debug_soft__obfuscated.elf)
                0x00000000000043f0                sym_XQWU4MX22DPQIRRYTXBNWTH2DBYK7MH33FME7FI
 .text          0x000000000000441c       0x10 /home/giovanni/ncs/v2.7.0/nrfxlib/softdevice_controller/lib/cortex-m4/soft-float/libsoftdevice_controller_central.a(libsoftdevice_controller_s123_debug_soft__obfuscated.elf)
                0x000000000000441c                sym_DVVOECRRYK6EAGDREB2UKKQZT5MAOOUK66XNPTA
 .text          0x000000000000442c       0x10 /home/giovanni/ncs/v2.7.0/nrfxlib/softdevice_controller/lib/cortex-m4/soft-float/libsoftdevice_controller_central.a(libsoftdevice_controller_s123_debug_soft__obfuscated.elf)
                0x000000000000442c                sym_XSHSAOHXV6VAKS5XQAWAQ7Z3CGRIXZNSZFISASA
 .text          0x000000000000443c       0x18 /home/giovanni/ncs/v2.7.0/nrfxlib/softdevice_controller/lib/cortex-m4/soft-float/libsoftdevice_controller_central.a(libsoftdevice_controller_s123_debug_soft__obfuscated.elf)
                0x000000000000443c                sym_CTIZP4PFSP4VPO64SY4WNQXXAO6AQ4FBRX2MZ2Y
 .text          0x0000000000004454       0x3c /home/giovanni/ncs/v2.7.0/nrfxlib/softdevice_controller/lib/cortex-m4/soft-float/libsoftdevice_controller_central.a(libsoftdevice_controller_s123_debug_soft__obfuscated.elf)
                0x0000000000004454                sym_AQMZEUEC3F4Q53CYFKGZCEH47J6F6YNF35E42YI
 .text          0x0000000000004490       0x1c /home/giovanni/ncs/v2.7.0/nrfxlib/softdevice_controller/lib/cortex-m4/soft-float/libsoftdevice_controller_central.a(libsoftdevice_controller_s123_debug_soft__obfuscated.elf)
                0x0000000000004490                sym_PHIWMC5UC4THFNN3JWADQQGKAR6W5FGB3VIFNJQ
 .text          0x00000000000044ac       0x20 /home/giovanni/ncs/v2.7.0/nrfxlib/softdevice_controller/lib/cortex-m4/soft-float/libsoftdevice_controller_central.a(libsoftdevice_controller_s123_debug_soft__obfuscated.elf)
 .text          0x00000000000044cc       0x30 /home/giovanni/ncs/v2.7.0/nrfxlib/softdevice_controller/lib/cortex-m4/soft-float/libsoftdevice_controller_central.a(libsoftdevice_controller_s123_debug_soft__obfuscated.elf)
 .text          0x00000000000044fc       0x38 /home/giovanni/ncs/v2.7.0/nrfxlib/softdevice_controller/lib/cortex-m4/soft-float/libsoftdevice_controller_central.a(libsoftdevice_controller_s123_debug_soft__obfuscated.elf)
                0x00000000000044fc                sym_XUBYH6XGZLLFFVYC6KQVA5MFJUUESCU2IF7KXFI
 .text          0x0000000000004534       0x2c /home/giovanni/ncs/v2.7.0/nrfxlib/softdevice_controller/lib/cortex-m4/soft-float/libsoftdevice_controller_central.a(libsoftdevice_controller_s123_debug_soft__obfuscated.elf)
                0x0000000000004534                sym_G4TIIR7KO3GHFF45HCHTIL3RIPRK2LVDQADUYJQ
 .text          0x0000000000004560        0xc /home/giovanni/ncs/v2.7.0/nrfxlib/softdevice_controller/lib/cortex-m4/soft-float/libsoftdevice_controller_central.a(libsoftdevice_controller_s123_debug_soft__obfuscated.elf)
                0x0000000000004560                sym_HG37ZAHWDO2P65KBJXRLV5PVSG5TCUWPMKZOZLQ
 .text          0x000000000000456c       0x24 /home/giovanni/ncs/v2.7.0/nrfxlib/softdevice_controller/lib/cortex-m4/soft-float/libsoftdevice_controller_central.a(libsoftdevice_controller_s123_debug_soft__obfuscated.elf)
                0x000000000000456c                sym_4W26TPGCKOCVVRKXQDBKGXGC2Y5LMZXNKS2QITA
 .text          0x0000000000004590       0x1c /home/giovanni/ncs/v2.7.0/nrfxlib/softdevice_controller/lib/cortex-m4/soft-float/libsoftdevice_controller_central.a(libsoftdevice_controller_s123_debug_soft__obfuscated.elf)
                0x0000000000004590                sym_N6TOG3AODPPFNS6LXFKKIADNGIMUMBS5BXPEFOY
 .text          0x00000000000045ac        0xc /home/giovanni/ncs/v2.7.0/nrfxlib/softdevice_controller/lib/cortex-m4/soft-float/libsoftdevice_controller_central.a(libsoftdevice_controller_s123_debug_soft__obfuscated.elf)
                0x00000000000045ac                sym_PBZPB3PSJJYSQQW7TH2XDGNLD2UYSZR6YJ4ZZNQ
 .text          0x00000000000045b8       0x14 /home/giovanni/ncs/v2.7.0/nrfxlib/softdevice_controller/lib/cortex-m4/soft-float/libsoftdevice_controller_central.a(libsoftdevice_controller_s123_debug_soft__obfuscated.elf)
                0x00000000000045b8                sym_HA7EOSELAQYVMG5UXMJGQLLFEIRQPB7MNOSYOXQ
 .text          0x00000000000045cc       0x30 /home/giovanni/ncs/v2.7.0/nrfxlib/softdevice_controller/lib/cortex-m4/soft-float/libsoftdevice_controller_central.a(libsoftdevice_controller_s123_debug_soft__obfuscated.elf)
                0x00000000000045cc                sym_MJMICEV3AHUJUDNI6JLXYNXCJNL4PTPUQLXISYA
 .text          0x00000000000045fc       0x10 /home/giovanni/ncs/v2.7.0/nrfxlib/softdevice_controller/lib/cortex-m4/soft-float/libsoftdevice_controller_central.a(libsoftdevice_controller_s123_debug_soft__obfuscated.elf)
                0x00000000000045fc                sym_W6QCODUONZ7VOOA5DU2R7RKAJUNWNTC3INZ7OGY
 .text          0x000000000000460c       0x50 /home/giovanni/ncs/v2.7.0/nrfxlib/softdevice_controller/lib/cortex-m4/soft-float/libsoftdevice_controller_central.a(libsoftdevice_controller_s123_debug_soft__obfuscated.elf)
                0x000000000000460c                sym_GECJUMXC7GX4QNB2JHCJHLFH72UPMJZW6VAQVRA
 .text          0x000000000000465c       0x28 /home/giovanni/ncs/v2.7.0/nrfxlib/softdevice_controller/lib/cortex-m4/soft-float/libsoftdevice_controller_central.a(libsoftdevice_controller_s123_debug_soft__obfuscated.elf)
                0x000000000000465c                sym_BOFYMMO2XEUTXLE26SHEVVPNVILC4XKISLRYGBI
 .text          0x0000000000004684       0x48 /home/giovanni/ncs/v2.7.0/nrfxlib/softdevice_controller/lib/cortex-m4/soft-float/libsoftdevice_controller_central.a(libsoftdevice_controller_s123_debug_soft__obfuscated.elf)
                0x0000000000004684                sym_WBBKNGE34I3KVGMZDWEODUY462REUIAP3UFNHJI
 .text          0x00000000000046cc       0x18 /home/giovanni/ncs/v2.7.0/nrfxlib/softdevice_controller/lib/cortex-m4/soft-float/libsoftdevice_controller_central.a(libsoftdevice_controller_s123_debug_soft__obfuscated.elf)
                0x00000000000046cc                sym_MJCF2WRL4I323V23HKVENOJWV5IXH54R5X6LJRY
 .text          0x00000000000046e4       0x1c /home/giovanni/ncs/v2.7.0/nrfxlib/softdevice_controller/lib/cortex-m4/soft-float/libsoftdevice_controller_central.a(libsoftdevice_controller_s123_debug_soft__obfuscated.elf)
                0x00000000000046e4                sym_REO6MG4FRJTNQQ56RDJDYGEWFEO5TFVYGRW6OLI
 .text          0x0000000000004700        0xc /home/giovanni/ncs/v2.7.0/nrfxlib/softdevice_controller/lib/cortex-m4/soft-float/libsoftdevice_controller_central.a(libsoftdevice_controller_s123_debug_soft__obfuscated.elf)
                0x0000000000004700                sym_NKFCLZ5HTE6KVHDV5DGZ6TJP4KSZI43SYBECPRY
 .text          0x000000000000470c       0x2c /home/giovanni/ncs/v2.7.0/nrfxlib/softdevice_controller/lib/cortex-m4/soft-float/libsoftdevice_controller_central.a(libsoftdevice_controller_s123_debug_soft__obfuscated.elf)
                0x000000000000470c                sym_65LA7GM3MU7DDFQKTB75BYTZMPMROSWKS3VXCNI
 .text          0x0000000000004738       0x20 /home/giovanni/ncs/v2.7.0/nrfxlib/softdevice_controller/lib/cortex-m4/soft-float/libsoftdevice_controller_central.a(libsoftdevice_controller_s123_debug_soft__obfuscated.elf)
                0x0000000000004738                sym_AGWGY6I3YKHHV6TMAWL24HN4IKGOB7PZYXPWBRA
 .text          0x0000000000004758        0xc /home/giovanni/ncs/v2.7.0/nrfxlib/softdevice_controller/lib/cortex-m4/soft-float/libsoftdevice_controller_central.a(libsoftdevice_controller_s123_debug_soft__obfuscated.elf)
                0x0000000000004758                sym_IXGTNRGKILIZPWG2NJIZ2ALUPW2IM3XFVCGJW2I
 .text          0x0000000000004764       0x20 /home/giovanni/ncs/v2.7.0/nrfxlib/softdevice_controller/lib/cortex-m4/soft-float/libsoftdevice_controller_central.a(libsoftdevice_controller_s123_debug_soft__obfuscated.elf)
                0x0000000000004764                sym_JHXS4T25BAYOMDDZMWPX3HMPENRV73GSV2RYHAI
 .text          0x0000000000004784       0x2c /home/giovanni/ncs/v2.7.0/nrfxlib/softdevice_controller/lib/cortex-m4/soft-float/libsoftdevice_controller_central.a(libsoftdevice_controller_s123_debug_soft__obfuscated.elf)
                0x0000000000004784                sym_54CHYGRI3UHSVLN5ZOGJESXNRISJW5CS4IYBN7Y
 .text          0x00000000000047b0       0x1c /home/giovanni/ncs/v2.7.0/nrfxlib/softdevice_controller/lib/cortex-m4/soft-float/libsoftdevice_controller_central.a(libsoftdevice_controller_s123_debug_soft__obfuscated.elf)
                0x00000000000047b0                sym_V7MOOXL5SOLISKFFGWJC7M3XDITU574WBQOXGWY
 .text          0x00000000000047cc       0x30 /home/giovanni/ncs/v2.7.0/nrfxlib/softdevice_controller/lib/cortex-m4/soft-float/libsoftdevice_controller_central.a(libsoftdevice_controller_s123_debug_soft__obfuscated.elf)
                0x00000000000047cc                sym_QKSVBALUN2V4XT4OCC56LE75IAYLDFRRIVLBZ2Q
 .text          0x00000000000047fc       0x30 /home/giovanni/ncs/v2.7.0/nrfxlib/softdevice_controller/lib/cortex-m4/soft-float/libsoftdevice_controller_central.a(libsoftdevice_controller_s123_debug_soft__obfuscated.elf)
                0x00000000000047fc                sym_WCOWXKSKBH7DOKKKINFZAPWXKW4NYAUCJWTUKBI
 .text          0x000000000000482c       0x1c /home/giovanni/ncs/v2.7.0/nrfxlib/softdevice_controller/lib/cortex-m4/soft-float/libsoftdevice_controller_central.a(libsoftdevice_controller_s123_debug_soft__obfuscated.elf)
                0x000000000000482c                sym_AO3U45UEGFLUPMT565ZR5UWUQUONF5AKILLCT3A
 .text          0x0000000000004848       0x48 /home/giovanni/ncs/v2.7.0/nrfxlib/softdevice_controller/lib/cortex-m4/soft-float/libsoftdevice_controller_central.a(libsoftdevice_controller_s123_debug_soft__obfuscated.elf)
 .text          0x0000000000004890       0x2c /home/giovanni/ncs/v2.7.0/nrfxlib/softdevice_controller/lib/cortex-m4/soft-float/libsoftdevice_controller_central.a(libsoftdevice_controller_s123_debug_soft__obfuscated.elf)
 .text          0x00000000000048bc       0xc0 /home/giovanni/ncs/v2.7.0/nrfxlib/softdevice_controller/lib/cortex-m4/soft-float/libsoftdevice_controller_central.a(libsoftdevice_controller_s123_debug_soft__obfuscated.elf)
 .text          0x000000000000497c       0x9c /home/giovanni/ncs/v2.7.0/nrfxlib/softdevice_controller/lib/cortex-m4/soft-float/libsoftdevice_controller_central.a(libsoftdevice_controller_s123_debug_soft__obfuscated.elf)
 .text          0x0000000000004a18       0xc0 /home/giovanni/ncs/v2.7.0/nrfxlib/softdevice_controller/lib/cortex-m4/soft-float/libsoftdevice_controller_central.a(libsoftdevice_controller_s123_debug_soft__obfuscated.elf)
 .text          0x0000000000004ad8       0x18 /home/giovanni/ncs/v2.7.0/nrfxlib/softdevice_controller/lib/cortex-m4/soft-float/libsoftdevice_controller_central.a(libsoftdevice_controller_s123_debug_soft__obfuscated.elf)
                0x0000000000004ad8                sym_BAUTABQSJLBAZ6GNH7KOF4MJMAA6NF7CDAZNOEQ
 .text          0x0000000000004af0       0x20 /home/giovanni/ncs/v2.7.0/nrfxlib/softdevice_controller/lib/cortex-m4/soft-float/libsoftdevice_controller_central.a(libsoftdevice_controller_s123_debug_soft__obfuscated.elf)
                0x0000000000004af0                sym_62DUXM4M5AM4URNPP7IKDX3NCPAODBT4BMADGAY
 .text          0x0000000000004b10        0xc /home/giovanni/ncs/v2.7.0/nrfxlib/softdevice_controller/lib/cortex-m4/soft-float/libsoftdevice_controller_central.a(libsoftdevice_controller_s123_debug_soft__obfuscated.elf)
                0x0000000000004b10                sym_JQOBED6Y6P46KNYF2UD53QPDVNRPPOKMQL6EEBY
 .text          0x0000000000004b1c       0x38 /home/giovanni/ncs/v2.7.0/nrfxlib/softdevice_controller/lib/cortex-m4/soft-float/libsoftdevice_controller_central.a(libsoftdevice_controller_s123_debug_soft__obfuscated.elf)
                0x0000000000004b1c                sym_AH5PFWTC7OGNFGHZO3OGQJX75M4BUE2VWXVZZ5A
 .text          0x0000000000004b54       0xfc /home/giovanni/ncs/v2.7.0/nrfxlib/softdevice_controller/lib/cortex-m4/soft-float/libsoftdevice_controller_central.a(libsoftdevice_controller_s123_debug_soft__obfuscated.elf)
                0x0000000000004b54                sym_Z3745JZ5MC4MMBP2LFCOSP7OKPPVFDOPIURJWVQ
 .text          0x0000000000004c50       0x20 /home/giovanni/ncs/v2.7.0/nrfxlib/softdevice_controller/lib/cortex-m4/soft-float/libsoftdevice_controller_central.a(libsoftdevice_controller_s123_debug_soft__obfuscated.elf)
                0x0000000000004c50                sym_FLX2PIIVHO3CLB5CJ7E7YSNFE2YWATNH27BL53A
 .text          0x0000000000004c70        0xc /home/giovanni/ncs/v2.7.0/nrfxlib/softdevice_controller/lib/cortex-m4/soft-float/libsoftdevice_controller_central.a(libsoftdevice_controller_s123_debug_soft__obfuscated.elf)
                0x0000000000004c70                sym_R5RFYNEZN3LQHKUKJDN3JLSNHLY4DPKXW3KZMYA
 .text          0x0000000000004c7c        0xc /home/giovanni/ncs/v2.7.0/nrfxlib/softdevice_controller/lib/cortex-m4/soft-float/libsoftdevice_controller_central.a(libsoftdevice_controller_s123_debug_soft__obfuscated.elf)
                0x0000000000004c7c                sym_WHSZ4VQHSDNZTVWJWAYGMNU7AWSUZKLKTBUNDPY
 .text          0x0000000000004c88       0x1c /home/giovanni/ncs/v2.7.0/nrfxlib/softdevice_controller/lib/cortex-m4/soft-float/libsoftdevice_controller_central.a(libsoftdevice_controller_s123_debug_soft__obfuscated.elf)
                0x0000000000004c88                sym_62B4NCI2CQZLPPINCQVCHO6SYLZVDAWVVCHWS3I
 .text          0x0000000000004ca4        0xc /home/giovanni/ncs/v2.7.0/nrfxlib/softdevice_controller/lib/cortex-m4/soft-float/libsoftdevice_controller_central.a(libsoftdevice_controller_s123_debug_soft__obfuscated.elf)
                0x0000000000004ca4                sym_RHRHCWPUPZHCOID576WBS7QZ2KAUT2GASS2T3QY
 .text          0x0000000000004cb0       0x30 /home/giovanni/ncs/v2.7.0/nrfxlib/softdevice_controller/lib/cortex-m4/soft-float/libsoftdevice_controller_central.a(libsoftdevice_controller_s123_debug_soft__obfuscated.elf)
                0x0000000000004cb0                sym_YAOI5BW7G2C6EUUY2B4S7A3CWX63A6MP2T3O5KA
 .text          0x0000000000004ce0       0x24 /home/giovanni/ncs/v2.7.0/nrfxlib/softdevice_controller/lib/cortex-m4/soft-float/libsoftdevice_controller_central.a(libsoftdevice_controller_s123_debug_soft__obfuscated.elf)
                0x0000000000004ce0                sym_2X6ZBBHQKFJV27I6OQZLD4IRAL5JANEGA5N34WA
 .text          0x0000000000004d04       0x68 /home/giovanni/ncs/v2.7.0/nrfxlib/softdevice_controller/lib/cortex-m4/soft-float/libsoftdevice_controller_central.a(libsoftdevice_controller_s123_debug_soft__obfuscated.elf)
                0x0000000000004d04                sym_EV54ITVX6ZJNRIULZTHEWNSCWW5GNYKPCEWELSY
 .text          0x0000000000004d6c       0x74 /home/giovanni/ncs/v2.7.0/nrfxlib/softdevice_controller/lib/cortex-m4/soft-float/libsoftdevice_controller_central.a(libsoftdevice_controller_s123_debug_soft__obfuscated.elf)
                0x0000000000004d6c                sym_GIJNJPFWODT7EMZGJ5C7DGNKPDDXY2MLUHAWNUI
 .text          0x0000000000004de0       0x24 /home/giovanni/ncs/v2.7.0/nrfxlib/softdevice_controller/lib/cortex-m4/soft-float/libsoftdevice_controller_central.a(libsoftdevice_controller_s123_debug_soft__obfuscated.elf)
                0x0000000000004de0                sym_DHR6XELGSD2MHYS7JWGEPSKXD43VLKKJDN33HMA
 .text          0x0000000000004e04       0x44 /home/giovanni/ncs/v2.7.0/nrfxlib/softdevice_controller/lib/cortex-m4/soft-float/libsoftdevice_controller_central.a(libsoftdevice_controller_s123_debug_soft__obfuscated.elf)
                0x0000000000004e04                sym_3DXBFDJKO3IQEXOOHBMVXVTLDDG5FSS3TKAZNFY
 .text          0x0000000000004e48       0x54 /home/giovanni/ncs/v2.7.0/nrfxlib/softdevice_controller/lib/cortex-m4/soft-float/libsoftdevice_controller_central.a(libsoftdevice_controller_s123_debug_soft__obfuscated.elf)
 .text          0x0000000000004e9c       0xa4 /home/giovanni/ncs/v2.7.0/nrfxlib/softdevice_controller/lib/cortex-m4/soft-float/libsoftdevice_controller_central.a(libsoftdevice_controller_s123_debug_soft__obfuscated.elf)
                0x0000000000004e9c                sym_I6CP23ODGJWRR4E4LKGCN5RJCVBTXYTDYCCXNSQ
 .text          0x0000000000004f40       0x14 /home/giovanni/ncs/v2.7.0/nrfxlib/softdevice_controller/lib/cortex-m4/soft-float/libsoftdevice_controller_central.a(libsoftdevice_controller_s123_debug_soft__obfuscated.elf)
                0x0000000000004f40                sym_AIEQYZJFZQBQ5LEMJNMQV56TMLIGCBAC63QLHGI
 .text          0x0000000000004f54       0x24 /home/giovanni/ncs/v2.7.0/nrfxlib/softdevice_controller/lib/cortex-m4/soft-float/libsoftdevice_controller_central.a(libsoftdevice_controller_s123_debug_soft__obfuscated.elf)
                0x0000000000004f54                sym_MYZDSWHZMVTUGPWK7CFFVMNCPRPZBKC3UH2GTLQ
 .text          0x0000000000004f78       0x44 /home/giovanni/ncs/v2.7.0/nrfxlib/softdevice_controller/lib/cortex-m4/soft-float/libsoftdevice_controller_central.a(libsoftdevice_controller_s123_debug_soft__obfuscated.elf)
                0x0000000000004f78                sym_ZIE6EQ2YDF5ZLLLNRMU6NPOFHB7VMBHYMI4646I
 .text          0x0000000000004fbc       0x10 /home/giovanni/ncs/v2.7.0/nrfxlib/softdevice_controller/lib/cortex-m4/soft-float/libsoftdevice_controller_central.a(libsoftdevice_controller_s123_debug_soft__obfuscated.elf)
                0x0000000000004fbc                sym_JANNQMW3JZGYLNSOPAA2HBYBA6JBSX4W7VBR56Q
 .text          0x0000000000004fcc       0x20 /home/giovanni/ncs/v2.7.0/nrfxlib/softdevice_controller/lib/cortex-m4/soft-float/libsoftdevice_controller_central.a(libsoftdevice_controller_s123_debug_soft__obfuscated.elf)
                0x0000000000004fcc                sym_RQLOJUGFCKCS5YSXHMF5LIHXPBLO5AO63KQE3GQ
 .text          0x0000000000004fec       0x20 /home/giovanni/ncs/v2.7.0/nrfxlib/softdevice_controller/lib/cortex-m4/soft-float/libsoftdevice_controller_central.a(libsoftdevice_controller_s123_debug_soft__obfuscated.elf)
                0x0000000000004fec                sym_MAOKHHVPGVT23KVRN33B7KPEJU6F55EB66KOGDQ
 .text          0x000000000000500c       0x20 /home/giovanni/ncs/v2.7.0/nrfxlib/softdevice_controller/lib/cortex-m4/soft-float/libsoftdevice_controller_central.a(libsoftdevice_controller_s123_debug_soft__obfuscated.elf)
                0x000000000000500c                sym_S635TH4ZNECIWRKFWYBUXBZ3GFP7WORE4PRXDPQ
 .text          0x000000000000502c       0x20 /home/giovanni/ncs/v2.7.0/nrfxlib/softdevice_controller/lib/cortex-m4/soft-float/libsoftdevice_controller_central.a(libsoftdevice_controller_s123_debug_soft__obfuscated.elf)
                0x000000000000502c                sym_3S3ZPZTS3JKT3LR3P6QZ3KOW4P72YQZEIQOYGSA
 .text          0x000000000000504c       0x28 /home/giovanni/ncs/v2.7.0/nrfxlib/softdevice_controller/lib/cortex-m4/soft-float/libsoftdevice_controller_central.a(libsoftdevice_controller_s123_debug_soft__obfuscated.elf)
                0x000000000000504c                sym_U3LPDM4ZN7F4EBRA6GBYBEUAHXDWZU7U4P3OZRQ
 .text          0x0000000000005074       0x90 /home/giovanni/ncs/v2.7.0/nrfxlib/softdevice_controller/lib/cortex-m4/soft-float/libsoftdevice_controller_central.a(libsoftdevice_controller_s123_debug_soft__obfuscated.elf)
 .text          0x0000000000005104       0x10 /home/giovanni/ncs/v2.7.0/nrfxlib/softdevice_controller/lib/cortex-m4/soft-float/libsoftdevice_controller_central.a(libsoftdevice_controller_s123_debug_soft__obfuscated.elf)
                0x0000000000005104                sym_N2NJCIBZFHVP7II7LSOD6U4WPOYSC3U3IRJ6NLY
 .text          0x0000000000005114       0x14 /home/giovanni/ncs/v2.7.0/nrfxlib/softdevice_controller/lib/cortex-m4/soft-float/libsoftdevice_controller_central.a(libsoftdevice_controller_s123_debug_soft__obfuscated.elf)
                0x0000000000005114                sym_56NG23UACCBJRJHKQI4X4VNMARWQXHUE4R3NK7I
 .text          0x0000000000005128       0x2c /home/giovanni/ncs/v2.7.0/nrfxlib/softdevice_controller/lib/cortex-m4/soft-float/libsoftdevice_controller_central.a(libsoftdevice_controller_s123_debug_soft__obfuscated.elf)
 .text          0x0000000000005154       0xbc /home/giovanni/ncs/v2.7.0/nrfxlib/softdevice_controller/lib/cortex-m4/soft-float/libsoftdevice_controller_central.a(libsoftdevice_controller_s123_debug_soft__obfuscated.elf)
 .text          0x0000000000005210       0x44 /home/giovanni/ncs/v2.7.0/nrfxlib/softdevice_controller/lib/cortex-m4/soft-float/libsoftdevice_controller_central.a(libsoftdevice_controller_s123_debug_soft__obfuscated.elf)
 .text          0x0000000000005254       0x10 /home/giovanni/ncs/v2.7.0/nrfxlib/softdevice_controller/lib/cortex-m4/soft-float/libsoftdevice_controller_central.a(libsoftdevice_controller_s123_debug_soft__obfuscated.elf)
                0x0000000000005254                sym_VKBDHCW5KWYFAEZJJBKQNHH4JDURIHHEJCK4SOA
 .text          0x0000000000005264       0x10 /home/giovanni/ncs/v2.7.0/nrfxlib/softdevice_controller/lib/cortex-m4/soft-float/libsoftdevice_controller_central.a(libsoftdevice_controller_s123_debug_soft__obfuscated.elf)
                0x0000000000005264                sym_BXRWRIA3M3K52MZ3ABK6S37OOTXMFTRBOBYS7TY
 .text          0x0000000000005274      0x14c /home/giovanni/ncs/v2.7.0/nrfxlib/softdevice_controller/lib/cortex-m4/soft-float/libsoftdevice_controller_central.a(libsoftdevice_controller_s123_debug_soft__obfuscated.elf)
                0x0000000000005274                sym_XOOTGCSEAKA3PUKZW3QYB4DCVC2FKUP2TS5AZ5Q
 .text          0x00000000000053c0       0x1c /home/giovanni/ncs/v2.7.0/nrfxlib/softdevice_controller/lib/cortex-m4/soft-float/libsoftdevice_controller_central.a(libsoftdevice_controller_s123_debug_soft__obfuscated.elf)
                0x00000000000053c0                sym_HHT5YV37VWRBGUMO4AOJUKOJARZKAH2OUWPZF7Q
 .text          0x00000000000053dc       0x2c /home/giovanni/ncs/v2.7.0/nrfxlib/softdevice_controller/lib/cortex-m4/soft-float/libsoftdevice_controller_central.a(libsoftdevice_controller_s123_debug_soft__obfuscated.elf)
                0x00000000000053dc                sym_43VAZS4NQXUMOPHD7W7SYFZ3WJ6KGQYQH6UOYPQ
 .text          0x0000000000005408       0xb4 /home/giovanni/ncs/v2.7.0/nrfxlib/softdevice_controller/lib/cortex-m4/soft-float/libsoftdevice_controller_central.a(libsoftdevice_controller_s123_debug_soft__obfuscated.elf)
                0x0000000000005408                sym_IPYDOGNKVSD5CNASNRZPFKSG4XKU4ZG4SVERI7Q
 .text          0x00000000000054bc       0x28 /home/giovanni/ncs/v2.7.0/nrfxlib/softdevice_controller/lib/cortex-m4/soft-float/libsoftdevice_controller_central.a(libsoftdevice_controller_s123_debug_soft__obfuscated.elf)
                0x00000000000054bc                sym_FKGRLSJGPWDG44KYHTBA74A2ZDKPDUWGXHS3E2I
 .text          0x00000000000054e4       0x30 /home/giovanni/ncs/v2.7.0/nrfxlib/softdevice_controller/lib/cortex-m4/soft-float/libsoftdevice_controller_central.a(libsoftdevice_controller_s123_debug_soft__obfuscated.elf)
                0x00000000000054e4                sym_7LZ5OF5UTH4WGXV6IKS6GUUHKYRIWQTTIJXNBEY
 .text          0x0000000000005514       0x30 /home/giovanni/ncs/v2.7.0/nrfxlib/softdevice_controller/lib/cortex-m4/soft-float/libsoftdevice_controller_central.a(libsoftdevice_controller_s123_debug_soft__obfuscated.elf)
                0x0000000000005514                sym_77ICNIHY2R2L3JRP4ZLMOWZSS3UZRKJXJOBWTWI
 .text          0x0000000000005544       0xc0 /home/giovanni/ncs/v2.7.0/nrfxlib/softdevice_controller/lib/cortex-m4/soft-float/libsoftdevice_controller_central.a(libsoftdevice_controller_s123_debug_soft__obfuscated.elf)
                0x0000000000005544                sym_5UEPRCW3EPZ7AP72CPP4EMSXBK27JNQSU5DMVOI
 .text          0x0000000000005604       0x30 /home/giovanni/ncs/v2.7.0/nrfxlib/softdevice_controller/lib/cortex-m4/soft-float/libsoftdevice_controller_central.a(libsoftdevice_controller_s123_debug_soft__obfuscated.elf)
                0x0000000000005604                sym_FFXWGH5XR2QGPHGAFJZEDGIQZOW7ZWMGKZQYRUA
 .text          0x0000000000005634       0x30 /home/giovanni/ncs/v2.7.0/nrfxlib/softdevice_controller/lib/cortex-m4/soft-float/libsoftdevice_controller_central.a(libsoftdevice_controller_s123_debug_soft__obfuscated.elf)
                0x0000000000005634                sym_Q4666MQBABRNQWVVM7BXH6CZLBLJXH7EUKSGMNQ
 .text          0x0000000000005664      0x1b0 /home/giovanni/ncs/v2.7.0/nrfxlib/softdevice_controller/lib/cortex-m4/soft-float/libsoftdevice_controller_central.a(libsoftdevice_controller_s123_debug_soft__obfuscated.elf)
                0x0000000000005664                sym_BZUCV52NNXYJ4PFZE6PPPT2ZDHUDTEPDS6LUKZI
 .text          0x0000000000005814       0x14 /home/giovanni/ncs/v2.7.0/nrfxlib/softdevice_controller/lib/cortex-m4/soft-float/libsoftdevice_controller_central.a(libsoftdevice_controller_s123_debug_soft__obfuscated.elf)
                0x0000000000005814                sym_NDXK2LOMZUDHFXKAI2VSFPUCPEZUOQPNHNILM7Y
 .text          0x0000000000005828       0x14 /home/giovanni/ncs/v2.7.0/nrfxlib/softdevice_controller/lib/cortex-m4/soft-float/libsoftdevice_controller_central.a(libsoftdevice_controller_s123_debug_soft__obfuscated.elf)
                0x0000000000005828                sym_HRA437GJ2CDV2E32FJ2QNXI3YG322UHSFPFJ3CI
 .text          0x000000000000583c       0x68 /home/giovanni/ncs/v2.7.0/nrfxlib/softdevice_controller/lib/cortex-m4/soft-float/libsoftdevice_controller_central.a(libsoftdevice_controller_s123_debug_soft__obfuscated.elf)
                0x000000000000583c                sym_JU6OV3GKZF5HIJH3MU2Q3OVF2CL7DGZ6RFYTUVY
 .text          0x00000000000058a4       0x5c /home/giovanni/ncs/v2.7.0/nrfxlib/softdevice_controller/lib/cortex-m4/soft-float/libsoftdevice_controller_central.a(libsoftdevice_controller_s123_debug_soft__obfuscated.elf)
                0x00000000000058a4                sym_7ABLLIXUF3HMINU3DLWXJDVBNAU7RSUXPXZ3RFQ
 .text          0x0000000000005900       0x94 /home/giovanni/ncs/v2.7.0/nrfxlib/softdevice_controller/lib/cortex-m4/soft-float/libsoftdevice_controller_central.a(libsoftdevice_controller_s123_debug_soft__obfuscated.elf)
                0x0000000000005900                sym_RHE23VLW3YS5P4HRDMPTVWIHXVLEGJ7BJEAEEUI
 .text          0x0000000000005994       0x24 /home/giovanni/ncs/v2.7.0/nrfxlib/softdevice_controller/lib/cortex-m4/soft-float/libsoftdevice_controller_central.a(libsoftdevice_controller_s123_debug_soft__obfuscated.elf)
                0x0000000000005994                sym_CYYZ5DA5UWAE37FM7XP643I473QUSWWZ2MS7OLY
 .text          0x00000000000059b8       0x38 /home/giovanni/ncs/v2.7.0/nrfxlib/softdevice_controller/lib/cortex-m4/soft-float/libsoftdevice_controller_central.a(libsoftdevice_controller_s123_debug_soft__obfuscated.elf)
                0x00000000000059b8                sym_KQ4RAL3HW3LUBE4EKZDESO77BJMQRXFGP63ANLQ
 .text          0x00000000000059f0       0xbc /home/giovanni/ncs/v2.7.0/nrfxlib/softdevice_controller/lib/cortex-m4/soft-float/libsoftdevice_controller_central.a(libsoftdevice_controller_s123_debug_soft__obfuscated.elf)
                0x00000000000059f0                sym_365Y77DXDRWJHR4QPTXJM46KZ7L557J533F2SNY
 .text          0x0000000000005aac       0x18 /home/giovanni/ncs/v2.7.0/nrfxlib/softdevice_controller/lib/cortex-m4/soft-float/libsoftdevice_controller_central.a(libsoftdevice_controller_s123_debug_soft__obfuscated.elf)
                0x0000000000005aac                sym_3E5VWVFRMYHMNGUSJEPBKKOP7X6VGWWURR334MQ
 .text          0x0000000000005ac4       0x44 /home/giovanni/ncs/v2.7.0/nrfxlib/softdevice_controller/lib/cortex-m4/soft-float/libsoftdevice_controller_central.a(libsoftdevice_controller_s123_debug_soft__obfuscated.elf)
                0x0000000000005ac4                sym_MKU2XEL6QB4MO4JU3HW4P3NALUM7PALQ3OF2VGA
 .text          0x0000000000005b08        0xc /home/giovanni/ncs/v2.7.0/nrfxlib/softdevice_controller/lib/cortex-m4/soft-float/libsoftdevice_controller_central.a(libsoftdevice_controller_s123_debug_soft__obfuscated.elf)
                0x0000000000005b08                sym_3LKWZEY2K7UEF3M7QI5VCO43HM3TH6VAPJSZJBY
 .text          0x0000000000005b14       0x88 /home/giovanni/ncs/v2.7.0/nrfxlib/softdevice_controller/lib/cortex-m4/soft-float/libsoftdevice_controller_central.a(libsoftdevice_controller_s123_debug_soft__obfuscated.elf)
 .text          0x0000000000005b9c       0x24 /home/giovanni/ncs/v2.7.0/nrfxlib/softdevice_controller/lib/cortex-m4/soft-float/libsoftdevice_controller_central.a(libsoftdevice_controller_s123_debug_soft__obfuscated.elf)
                0x0000000000005b9c                sym_ECAFXV3NMZ2THIWY27PTYY6WSGFWQJNAJOG5HIY
 .text          0x0000000000005bc0        0xc /home/giovanni/ncs/v2.7.0/nrfxlib/softdevice_controller/lib/cortex-m4/soft-float/libsoftdevice_controller_central.a(libsoftdevice_controller_s123_debug_soft__obfuscated.elf)
                0x0000000000005bc0                sym_FKU5SDIGNJ3CUR3VYEELCK5CK3EK42NLF7KQXSQ
 .text          0x0000000000005bcc        0xc /home/giovanni/ncs/v2.7.0/nrfxlib/softdevice_controller/lib/cortex-m4/soft-float/libsoftdevice_controller_central.a(libsoftdevice_controller_s123_debug_soft__obfuscated.elf)
                0x0000000000005bcc                sym_MD2ACKWOI3UMWSI6IONGH6VN62ROA3VVQP7HYBQ
 .text          0x0000000000005bd8       0x60 /home/giovanni/ncs/v2.7.0/nrfxlib/softdevice_controller/lib/cortex-m4/soft-float/libsoftdevice_controller_central.a(libsoftdevice_controller_s123_debug_soft__obfuscated.elf)
                0x0000000000005bd8                sym_VT36OYILRYR2ODZV34U7WHVGGSRS7VN6JG7WPYI
 .text          0x0000000000005c38       0x48 /home/giovanni/ncs/v2.7.0/nrfxlib/softdevice_controller/lib/cortex-m4/soft-float/libsoftdevice_controller_central.a(libsoftdevice_controller_s123_debug_soft__obfuscated.elf)
                0x0000000000005c38                sym_3BV6HS2RZST6R6C5ZWOISO6OTZHTSW3BAFXBSVQ
 .text          0x0000000000005c80       0x5c /home/giovanni/ncs/v2.7.0/nrfxlib/softdevice_controller/lib/cortex-m4/soft-float/libsoftdevice_controller_central.a(libsoftdevice_controller_s123_debug_soft__obfuscated.elf)
 .text          0x0000000000005cdc       0x58 /home/giovanni/ncs/v2.7.0/nrfxlib/softdevice_controller/lib/cortex-m4/soft-float/libsoftdevice_controller_central.a(libsoftdevice_controller_s123_debug_soft__obfuscated.elf)
 .text          0x0000000000005d34       0x8c /home/giovanni/ncs/v2.7.0/nrfxlib/softdevice_controller/lib/cortex-m4/soft-float/libsoftdevice_controller_central.a(libsoftdevice_controller_s123_debug_soft__obfuscated.elf)
 .text          0x0000000000005dc0       0x3c /home/giovanni/ncs/v2.7.0/nrfxlib/softdevice_controller/lib/cortex-m4/soft-float/libsoftdevice_controller_central.a(libsoftdevice_controller_s123_debug_soft__obfuscated.elf)
 .text          0x0000000000005dfc       0x40 /home/giovanni/ncs/v2.7.0/nrfxlib/softdevice_controller/lib/cortex-m4/soft-float/libsoftdevice_controller_central.a(libsoftdevice_controller_s123_debug_soft__obfuscated.elf)
 .text          0x0000000000005e3c       0x74 /home/giovanni/ncs/v2.7.0/nrfxlib/softdevice_controller/lib/cortex-m4/soft-float/libsoftdevice_controller_central.a(libsoftdevice_controller_s123_debug_soft__obfuscated.elf)
 .text          0x0000000000005eb0       0xb0 /home/giovanni/ncs/v2.7.0/nrfxlib/softdevice_controller/lib/cortex-m4/soft-float/libsoftdevice_controller_central.a(libsoftdevice_controller_s123_debug_soft__obfuscated.elf)
 .text          0x0000000000005f60       0xa0 /home/giovanni/ncs/v2.7.0/nrfxlib/softdevice_controller/lib/cortex-m4/soft-float/libsoftdevice_controller_central.a(libsoftdevice_controller_s123_debug_soft__obfuscated.elf)
 .text          0x0000000000006000       0xbc /home/giovanni/ncs/v2.7.0/nrfxlib/softdevice_controller/lib/cortex-m4/soft-float/libsoftdevice_controller_central.a(libsoftdevice_controller_s123_debug_soft__obfuscated.elf)
 .text          0x00000000000060bc       0x40 /home/giovanni/ncs/v2.7.0/nrfxlib/softdevice_controller/lib/cortex-m4/soft-float/libsoftdevice_controller_central.a(libsoftdevice_controller_s123_debug_soft__obfuscated.elf)
 .text          0x00000000000060fc       0x40 /home/giovanni/ncs/v2.7.0/nrfxlib/softdevice_controller/lib/cortex-m4/soft-float/libsoftdevice_controller_central.a(libsoftdevice_controller_s123_debug_soft__obfuscated.elf)
 .text          0x000000000000613c      0x82c /home/giovanni/ncs/v2.7.0/nrfxlib/softdevice_controller/lib/cortex-m4/soft-float/libsoftdevice_controller_central.a(libsoftdevice_controller_s123_debug_soft__obfuscated.elf)
 .text          0x0000000000006968      0x180 /home/giovanni/ncs/v2.7.0/nrfxlib/softdevice_controller/lib/cortex-m4/soft-float/libsoftdevice_controller_central.a(libsoftdevice_controller_s123_debug_soft__obfuscated.elf)
                0x0000000000006968                sym_C4R73COZU7NKK6UAUGTJ6HNWDG7QPVROF5RMZMA
 .text          0x0000000000006ae8       0xcc /home/giovanni/ncs/v2.7.0/nrfxlib/softdevice_controller/lib/cortex-m4/soft-float/libsoftdevice_controller_central.a(libsoftdevice_controller_s123_debug_soft__obfuscated.elf)
                0x0000000000006ae8                sym_ELB4EXXRKBATZ6KCANX37LXPZBQQJSOFPSAT7UI
 .text          0x0000000000006bb4       0x20 /home/giovanni/ncs/v2.7.0/nrfxlib/softdevice_controller/lib/cortex-m4/soft-float/libsoftdevice_controller_central.a(libsoftdevice_controller_s123_debug_soft__obfuscated.elf)
 .text          0x0000000000006bd4       0x14 /home/giovanni/ncs/v2.7.0/nrfxlib/softdevice_controller/lib/cortex-m4/soft-float/libsoftdevice_controller_central.a(libsoftdevice_controller_s123_debug_soft__obfuscated.elf)
                0x0000000000006bd4                sym_LOTFHGQTFUFWGX7HOTL4Q2XATGIJRVIMCMOYRMA
 .text          0x0000000000006be8       0x30 /home/giovanni/ncs/v2.7.0/nrfxlib/softdevice_controller/lib/cortex-m4/soft-float/libsoftdevice_controller_central.a(libsoftdevice_controller_s123_debug_soft__obfuscated.elf)
                0x0000000000006be8                sym_MDF364N4PQDEA5ZGP5CB3ZDZVZM5Q32KSEZZ5HI
 .text          0x0000000000006c18       0x34 /home/giovanni/ncs/v2.7.0/nrfxlib/softdevice_controller/lib/cortex-m4/soft-float/libsoftdevice_controller_central.a(libsoftdevice_controller_s123_debug_soft__obfuscated.elf)
                0x0000000000006c18                sym_XCEN5K7VEI2CAO42XW7S3FKM3HKMOCDCUFDX25Y
 .text          0x0000000000006c4c       0x44 /home/giovanni/ncs/v2.7.0/nrfxlib/softdevice_controller/lib/cortex-m4/soft-float/libsoftdevice_controller_central.a(libsoftdevice_controller_s123_debug_soft__obfuscated.elf)
                0x0000000000006c4c                sym_5DEPI2OGSPXE5OVFBPVFPSPYPRYUQ54QVVXIKNI
 .text          0x0000000000006c90       0x34 /home/giovanni/ncs/v2.7.0/nrfxlib/softdevice_controller/lib/cortex-m4/soft-float/libsoftdevice_controller_central.a(libsoftdevice_controller_s123_debug_soft__obfuscated.elf)
                0x0000000000006c90                sym_KZ5CVONZGMGIGNMI7YD6HLN3FXAAJK6OMEJW6BQ
 .text          0x0000000000006cc4       0x28 /home/giovanni/ncs/v2.7.0/nrfxlib/softdevice_controller/lib/cortex-m4/soft-float/libsoftdevice_controller_central.a(libsoftdevice_controller_s123_debug_soft__obfuscated.elf)
                0x0000000000006cc4                sym_ZQHB3ANU2DANFLJZLZL5U4SPQ2ZDVUAHI35744Y
 .text          0x0000000000006cec       0x10 /home/giovanni/ncs/v2.7.0/nrfxlib/softdevice_controller/lib/cortex-m4/soft-float/libsoftdevice_controller_central.a(libsoftdevice_controller_s123_debug_soft__obfuscated.elf)
                0x0000000000006cec                sym_TRMXENGHOH4VBQQZPIN222FLCEFU3Z3CD5C47DY
 .text          0x0000000000006cfc       0x8c /home/giovanni/ncs/v2.7.0/nrfxlib/softdevice_controller/lib/cortex-m4/soft-float/libsoftdevice_controller_central.a(libsoftdevice_controller_s123_debug_soft__obfuscated.elf)
                0x0000000000006cfc                sym_5I5MTMPTF2F4WI7MIXG5OG4TUPLUR53CB2QHVUA
 .text          0x0000000000006d88       0x94 /home/giovanni/ncs/v2.7.0/nrfxlib/softdevice_controller/lib/cortex-m4/soft-float/libsoftdevice_controller_central.a(libsoftdevice_controller_s123_debug_soft__obfuscated.elf)
                0x0000000000006d88                sym_WLH66EC4H754I3MAYKGHFOCADIOY4E4WNRBI4TA
 .text          0x0000000000006e1c       0x28 /home/giovanni/ncs/v2.7.0/nrfxlib/softdevice_controller/lib/cortex-m4/soft-float/libsoftdevice_controller_central.a(libsoftdevice_controller_s123_debug_soft__obfuscated.elf)
                0x0000000000006e1c                sym_VIDE7XVSTT4HHX2MQJX6VUVABAKVNGIPRTLRLEQ
 .text          0x0000000000006e44       0x34 /home/giovanni/ncs/v2.7.0/nrfxlib/softdevice_controller/lib/cortex-m4/soft-float/libsoftdevice_controller_central.a(libsoftdevice_controller_s123_debug_soft__obfuscated.elf)
                0x0000000000006e44                sym_3CD5EC6VYR6RXXLO3FXSZQ37BOYSM63APF5D5BA
 .text          0x0000000000006e78       0x6c /home/giovanni/ncs/v2.7.0/nrfxlib/softdevice_controller/lib/cortex-m4/soft-float/libsoftdevice_controller_central.a(libsoftdevice_controller_s123_debug_soft__obfuscated.elf)
                0x0000000000006e78                sym_FYMYD324TMLKJZE62CZN4WTXFSPL6FPU2SZH6CI
 .text          0x0000000000006ee4        0xc /home/giovanni/ncs/v2.7.0/nrfxlib/softdevice_controller/lib/cortex-m4/soft-float/libsoftdevice_controller_central.a(libsoftdevice_controller_s123_debug_soft__obfuscated.elf)
                0x0000000000006ee4                sym_QQVHHHKNBN5TJBK4NCDSUYAMXMOEHFSL7HE7RRA
 .text          0x0000000000006ef0       0x3c /home/giovanni/ncs/v2.7.0/nrfxlib/softdevice_controller/lib/cortex-m4/soft-float/libsoftdevice_controller_central.a(libsoftdevice_controller_s123_debug_soft__obfuscated.elf)
                0x0000000000006ef0                sym_XPKSFPKFBNSTZZU4FUMGC3XRHAVS24BBL53HRMA
 .text          0x0000000000006f2c       0x60 /home/giovanni/ncs/v2.7.0/nrfxlib/softdevice_controller/lib/cortex-m4/soft-float/libsoftdevice_controller_central.a(libsoftdevice_controller_s123_debug_soft__obfuscated.elf)
                0x0000000000006f2c                sym_6Q45YYTUN2KDQ5V5UGE3T2LTI5FNGX6WIJYLIDI
 .text          0x0000000000006f8c       0x28 /home/giovanni/ncs/v2.7.0/nrfxlib/softdevice_controller/lib/cortex-m4/soft-float/libsoftdevice_controller_central.a(libsoftdevice_controller_s123_debug_soft__obfuscated.elf)
 .text          0x0000000000006fb4       0x10 /home/giovanni/ncs/v2.7.0/nrfxlib/softdevice_controller/lib/cortex-m4/soft-float/libsoftdevice_controller_central.a(libsoftdevice_controller_s123_debug_soft__obfuscated.elf)
 .text          0x0000000000006fc4       0x54 /home/giovanni/ncs/v2.7.0/nrfxlib/softdevice_controller/lib/cortex-m4/soft-float/libsoftdevice_controller_central.a(libsoftdevice_controller_s123_debug_soft__obfuscated.elf)
 .text          0x0000000000007018       0x30 /home/giovanni/ncs/v2.7.0/nrfxlib/softdevice_controller/lib/cortex-m4/soft-float/libsoftdevice_controller_central.a(libsoftdevice_controller_s123_debug_soft__obfuscated.elf)
 .text          0x0000000000007048       0x34 /home/giovanni/ncs/v2.7.0/nrfxlib/softdevice_controller/lib/cortex-m4/soft-float/libsoftdevice_controller_central.a(libsoftdevice_controller_s123_debug_soft__obfuscated.elf)
 .text          0x000000000000707c       0x4c /home/giovanni/ncs/v2.7.0/nrfxlib/softdevice_controller/lib/cortex-m4/soft-float/libsoftdevice_controller_central.a(libsoftdevice_controller_s123_debug_soft__obfuscated.elf)
 .text          0x00000000000070c8       0x60 /home/giovanni/ncs/v2.7.0/nrfxlib/softdevice_controller/lib/cortex-m4/soft-float/libsoftdevice_controller_central.a(libsoftdevice_controller_s123_debug_soft__obfuscated.elf)
 .text          0x0000000000007128       0x28 /home/giovanni/ncs/v2.7.0/nrfxlib/softdevice_controller/lib/cortex-m4/soft-float/libsoftdevice_controller_central.a(libsoftdevice_controller_s123_debug_soft__obfuscated.elf)
 .text          0x0000000000007150       0x38 /home/giovanni/ncs/v2.7.0/nrfxlib/softdevice_controller/lib/cortex-m4/soft-float/libsoftdevice_controller_central.a(libsoftdevice_controller_s123_debug_soft__obfuscated.elf)
 .text          0x0000000000007188       0x20 /home/giovanni/ncs/v2.7.0/nrfxlib/softdevice_controller/lib/cortex-m4/soft-float/libsoftdevice_controller_central.a(libsoftdevice_controller_s123_debug_soft__obfuscated.elf)
 .text          0x00000000000071a8       0x4c /home/giovanni/ncs/v2.7.0/nrfxlib/softdevice_controller/lib/cortex-m4/soft-float/libsoftdevice_controller_central.a(libsoftdevice_controller_s123_debug_soft__obfuscated.elf)
 .text          0x00000000000071f4       0x50 /home/giovanni/ncs/v2.7.0/nrfxlib/softdevice_controller/lib/cortex-m4/soft-float/libsoftdevice_controller_central.a(libsoftdevice_controller_s123_debug_soft__obfuscated.elf)
 .text          0x0000000000007244       0x74 /home/giovanni/ncs/v2.7.0/nrfxlib/softdevice_controller/lib/cortex-m4/soft-float/libsoftdevice_controller_central.a(libsoftdevice_controller_s123_debug_soft__obfuscated.elf)
                0x0000000000007244                sym_RUQBFILZ5CHV2AAL6C3D2J5Y33TCCAPZTHBGZ3A
 .text          0x00000000000072b8       0x10 /home/giovanni/ncs/v2.7.0/nrfxlib/softdevice_controller/lib/cortex-m4/soft-float/libsoftdevice_controller_central.a(libsoftdevice_controller_s123_debug_soft__obfuscated.elf)
                0x00000000000072b8                sym_DRIMECVE2FH7O6C2LQ25QRVJOICPHLA5GC6TM2I
 .text          0x00000000000072c8        0xc /home/giovanni/ncs/v2.7.0/nrfxlib/softdevice_controller/lib/cortex-m4/soft-float/libsoftdevice_controller_central.a(libsoftdevice_controller_s123_debug_soft__obfuscated.elf)
                0x00000000000072c8                sym_ARLNRKQ66P65CL63VENK3NR6NFAZLWPJOOVV7RQ
 .text          0x00000000000072d4        0xc /home/giovanni/ncs/v2.7.0/nrfxlib/softdevice_controller/lib/cortex-m4/soft-float/libsoftdevice_controller_central.a(libsoftdevice_controller_s123_debug_soft__obfuscated.elf)
                0x00000000000072d4                sym_GI7KSEEMTJQ7HR2XTQJ6A3EAB54YYLMWKNL2RBA
 .text          0x00000000000072e0       0x2c /home/giovanni/ncs/v2.7.0/nrfxlib/softdevice_controller/lib/cortex-m4/soft-float/libsoftdevice_controller_central.a(libsoftdevice_controller_s123_debug_soft__obfuscated.elf)
                0x00000000000072e0                sym_RSWA3KDPDNEX2QOFCEQGJOF7JZOR274BWTEY2JA
 .text          0x000000000000730c       0x44 /home/giovanni/ncs/v2.7.0/nrfxlib/softdevice_controller/lib/cortex-m4/soft-float/libsoftdevice_controller_central.a(libsoftdevice_controller_s123_debug_soft__obfuscated.elf)
                0x000000000000730c                sym_5M4NZWSJ6BHHJZLT6EUU64HNZ2KEYYSTH2RKH5I
 .text          0x0000000000007350       0x58 /home/giovanni/ncs/v2.7.0/nrfxlib/softdevice_controller/lib/cortex-m4/soft-float/libsoftdevice_controller_central.a(libsoftdevice_controller_s123_debug_soft__obfuscated.elf)
                0x0000000000007350                sym_5CHOZAQ75MOW32NPEGX5AYLDFVQR6HZCDXZY5PQ
 .text          0x00000000000073a8      0x124 /home/giovanni/ncs/v2.7.0/nrfxlib/softdevice_controller/lib/cortex-m4/soft-float/libsoftdevice_controller_central.a(libsoftdevice_controller_s123_debug_soft__obfuscated.elf)
                0x00000000000073a8                sym_JQ5GTNCJKXERB3SSKQRXLQOKWJQVRNEOVZZZVXI
 .text          0x00000000000074cc        0xc /home/giovanni/ncs/v2.7.0/nrfxlib/softdevice_controller/lib/cortex-m4/soft-float/libsoftdevice_controller_central.a(libsoftdevice_controller_s123_debug_soft__obfuscated.elf)
                0x00000000000074cc                sym_HE5JGYEZFIITGQL7PMATDHSORSCK7HJIY5UXOZA
 .text          0x00000000000074d8       0x14 /home/giovanni/ncs/v2.7.0/nrfxlib/softdevice_controller/lib/cortex-m4/soft-float/libsoftdevice_controller_central.a(libsoftdevice_controller_s123_debug_soft__obfuscated.elf)
                0x00000000000074d8                sym_YLRTPBVG5ROXKOW4KXUYITRUY3FD2MVZW5LF7ZA
 .text          0x00000000000074ec       0x38 /home/giovanni/ncs/v2.7.0/nrfxlib/softdevice_controller/lib/cortex-m4/soft-float/libsoftdevice_controller_central.a(libsoftdevice_controller_s123_debug_soft__obfuscated.elf)
                0x00000000000074ec                sym_GVSNNBZMBIJOMUA3FPIAVVC7S5MNBYUF4QELXZA
 .text          0x0000000000007524        0xc /home/giovanni/ncs/v2.7.0/nrfxlib/softdevice_controller/lib/cortex-m4/soft-float/libsoftdevice_controller_central.a(libsoftdevice_controller_s123_debug_soft__obfuscated.elf)
                0x0000000000007524                sym_ZQE76VUU7S5U7DETTZA65E75LHFWL5PGRN4JPHI
 .text          0x0000000000007530       0x78 /home/giovanni/ncs/v2.7.0/nrfxlib/softdevice_controller/lib/cortex-m4/soft-float/libsoftdevice_controller_central.a(libsoftdevice_controller_s123_debug_soft__obfuscated.elf)
                0x0000000000007530                sym_6PPYXQQOLTVZ6DHASA45P4Y6MOJ5US37OHECCGI
 .text          0x00000000000075a8       0x94 /home/giovanni/ncs/v2.7.0/nrfxlib/softdevice_controller/lib/cortex-m4/soft-float/libsoftdevice_controller_central.a(libsoftdevice_controller_s123_debug_soft__obfuscated.elf)
                0x00000000000075a8                sym_A5S3P57NWYYY5XJWBYERU6H4QSVP5TCTU7HKA5Y
 .text          0x000000000000763c       0x8c /home/giovanni/ncs/v2.7.0/nrfxlib/softdevice_controller/lib/cortex-m4/soft-float/libsoftdevice_controller_central.a(libsoftdevice_controller_s123_debug_soft__obfuscated.elf)
                0x000000000000763c                sym_2YSDS7VWGMSD5CN64D2VGQIYXBV3A6NJCHWFZEY
 .text          0x00000000000076c8       0xd0 /home/giovanni/ncs/v2.7.0/nrfxlib/softdevice_controller/lib/cortex-m4/soft-float/libsoftdevice_controller_central.a(libsoftdevice_controller_s123_debug_soft__obfuscated.elf)
                0x00000000000076c8                sym_WJZCKVDJU3WW5NVNH77DPRGYVZQLD372GLDYO6I
 .text          0x0000000000007798       0xf8 /home/giovanni/ncs/v2.7.0/nrfxlib/softdevice_controller/lib/cortex-m4/soft-float/libsoftdevice_controller_central.a(libsoftdevice_controller_s123_debug_soft__obfuscated.elf)
                0x0000000000007798                sym_E7IS652W2J5N5UTHP752WOA4YNSR7E5S5H4J2AA
 .text          0x0000000000007890        0xc /home/giovanni/ncs/v2.7.0/nrfxlib/softdevice_controller/lib/cortex-m4/soft-float/libsoftdevice_controller_central.a(libsoftdevice_controller_s123_debug_soft__obfuscated.elf)
                0x0000000000007890                sym_XD56LJG2JTRU4Q2V7WCY72EI3VTZICA3O4ERV2A
 .text          0x000000000000789c       0x10 /home/giovanni/ncs/v2.7.0/nrfxlib/softdevice_controller/lib/cortex-m4/soft-float/libsoftdevice_controller_central.a(libsoftdevice_controller_s123_debug_soft__obfuscated.elf)
                0x000000000000789c                sym_YG4UROEKVB7ZBE5TWHLNJHYKSFBTXGBYAX3RXRI
 .text          0x00000000000078ac       0x24 /home/giovanni/ncs/v2.7.0/nrfxlib/softdevice_controller/lib/cortex-m4/soft-float/libsoftdevice_controller_central.a(libsoftdevice_controller_s123_debug_soft__obfuscated.elf)
                0x00000000000078ac                sym_LPFN6QJEOHBT4AP2K7MEYWDZW35U5VHIHXOA54I
 .text          0x00000000000078d0       0x48 /home/giovanni/ncs/v2.7.0/nrfxlib/softdevice_controller/lib/cortex-m4/soft-float/libsoftdevice_controller_central.a(libsoftdevice_controller_s123_debug_soft__obfuscated.elf)
                0x00000000000078d0                sym_Y6HXZQJARJ7FDWKGPREPQGRRGDOQMXHDALUK6KY
 .text          0x0000000000007918       0x18 /home/giovanni/ncs/v2.7.0/nrfxlib/softdevice_controller/lib/cortex-m4/soft-float/libsoftdevice_controller_central.a(libsoftdevice_controller_s123_debug_soft__obfuscated.elf)
                0x0000000000007918                sym_RXYEX777ZXB2E2DXJWDBCV7AAHWTCHNTLOSENBY
 .text          0x0000000000007930       0x1c /home/giovanni/ncs/v2.7.0/nrfxlib/softdevice_controller/lib/cortex-m4/soft-float/libsoftdevice_controller_central.a(libsoftdevice_controller_s123_debug_soft__obfuscated.elf)
                0x0000000000007930                sym_PCLF3MATC3G3MYGRPG4ATMGCS6N4B7M5CSF2C2Y
 .text          0x000000000000794c       0x18 /home/giovanni/ncs/v2.7.0/nrfxlib/softdevice_controller/lib/cortex-m4/soft-float/libsoftdevice_controller_central.a(libsoftdevice_controller_s123_debug_soft__obfuscated.elf)
                0x000000000000794c                sym_EZCFQXKGAFHY5HQVJOXWDLO45XWMEJQY5WUGZNI
 .text          0x0000000000007964       0x40 /home/giovanni/ncs/v2.7.0/nrfxlib/softdevice_controller/lib/cortex-m4/soft-float/libsoftdevice_controller_central.a(libsoftdevice_controller_s123_debug_soft__obfuscated.elf)
                0x0000000000007964                sym_2GNBSSSS7HPV6RZQ52VFCGRXSPA3KLWISQSF42I