Archive member included to satisfy reference by file (symbol)

app/libapp.a(main.c.obj)      (--whole-archive)
zephyr/libzephyr.a(heap.c.obj)
                              (--whole-archive)
zephyr/libzephyr.a(cbprintf_packaged.c.obj)
                              (--whole-archive)
zephyr/libzephyr.a(printk.c.obj)
                              (--whole-archive)
zephyr/libzephyr.a(sem.c.obj)
                              (--whole-archive)
zephyr/libzephyr.a(thread_entry.c.obj)
                              (--whole-archive)
zephyr/libzephyr.a(cbprintf_complete.c.obj)
                              (--whole-archive)
zephyr/libzephyr.a(assert.c.obj)
                              (--whole-archive)
zephyr/libzephyr.a(mpsc_pbuf.c.obj)
                              (--whole-archive)
zephyr/libzephyr.a(dec.c.obj)
                              (--whole-archive)
zephyr/libzephyr.a(hex.c.obj)
                              (--whole-archive)
zephyr/libzephyr.a(rb.c.obj)  (--whole-archive)
zephyr/libzephyr.a(timeutil.c.obj)
                              (--whole-archive)
zephyr/libzephyr.a(bitarray.c.obj)
                              (--whole-archive)
zephyr/libzephyr.a(onoff.c.obj)
                              (--whole-archive)
zephyr/libzephyr.a(notify.c.obj)
                              (--whole-archive)
zephyr/libzephyr.a(configs.c.obj)
                              (--whole-archive)
zephyr/libzephyr.a(log_core.c.obj)
                              (--whole-archive)
zephyr/libzephyr.a(log_mgmt.c.obj)
                              (--whole-archive)
zephyr/libzephyr.a(log_cache.c.obj)
                              (--whole-archive)
zephyr/libzephyr.a(log_msg.c.obj)
                              (--whole-archive)
zephyr/libzephyr.a(log_output.c.obj)
                              (--whole-archive)
zephyr/libzephyr.a(log_backend_rtt.c.obj)
                              (--whole-archive)
zephyr/libzephyr.a(log_backend_uart.c.obj)
                              (--whole-archive)
zephyr/libzephyr.a(mem_attr.c.obj)
                              (--whole-archive)
zephyr/libzephyr.a(tracing_none.c.obj)
                              (--whole-archive)
zephyr/libzephyr.a(banner.c.obj)
                              (--whole-archive)
zephyr/libzephyr.a(hci_vs_sdc.c.obj)
                              (--whole-archive)
zephyr/libzephyr.a(host_extensions.c.obj)
                              (--whole-archive)
zephyr/libzephyr.a(flash_map_partition_manager.c.obj)
                              (--whole-archive)
zephyr/libzephyr.a(utils.c.obj)
                              (--whole-archive)
zephyr/libzephyr.a(aes_decrypt.c.obj)
                              (--whole-archive)
zephyr/libzephyr.a(aes_encrypt.c.obj)
                              (--whole-archive)
zephyr/libzephyr.a(cmac_mode.c.obj)
                              (--whole-archive)
zephyr/arch/common/libarch__common.a(sw_isr_common.c.obj)
                              (--whole-archive)
zephyr/arch/arch/arm/core/libarch__arm__core.a(fatal.c.obj)
                              (--whole-archive)
zephyr/arch/arch/arm/core/libarch__arm__core.a(nmi.c.obj)
                              (--whole-archive)
zephyr/arch/arch/arm/core/libarch__arm__core.a(nmi_on_reset.S.obj)
                              (--whole-archive)
zephyr/arch/arch/arm/core/libarch__arm__core.a(tls.c.obj)
                              (--whole-archive)
zephyr/arch/arch/arm/core/cortex_m/libarch__arm__core__cortex_m.a(exc_exit.c.obj)
                              (--whole-archive)
zephyr/arch/arch/arm/core/cortex_m/libarch__arm__core__cortex_m.a(fault.c.obj)
                              (--whole-archive)
zephyr/arch/arch/arm/core/cortex_m/libarch__arm__core__cortex_m.a(fault_s.S.obj)
                              (--whole-archive)
zephyr/arch/arch/arm/core/cortex_m/libarch__arm__core__cortex_m.a(fpu.c.obj)
                              (--whole-archive)
zephyr/arch/arch/arm/core/cortex_m/libarch__arm__core__cortex_m.a(reset.S.obj)
                              (--whole-archive)
zephyr/arch/arch/arm/core/cortex_m/libarch__arm__core__cortex_m.a(scb.c.obj)
                              (--whole-archive)
zephyr/arch/arch/arm/core/cortex_m/libarch__arm__core__cortex_m.a(thread_abort.c.obj)
                              (--whole-archive)
zephyr/arch/arch/arm/core/cortex_m/libarch__arm__core__cortex_m.a(vector_table.S.obj)
                              (--whole-archive)
zephyr/arch/arch/arm/core/cortex_m/libarch__arm__core__cortex_m.a(swap.c.obj)
                              (--whole-archive)
zephyr/arch/arch/arm/core/cortex_m/libarch__arm__core__cortex_m.a(swap_helper.S.obj)
                              (--whole-archive)
zephyr/arch/arch/arm/core/cortex_m/libarch__arm__core__cortex_m.a(irq_manage.c.obj)
                              (--whole-archive)
zephyr/arch/arch/arm/core/cortex_m/libarch__arm__core__cortex_m.a(prep_c.c.obj)
                              (--whole-archive)
[...]
Memory Configuration

Name             Origin             Length             Attributes
FLASH            0x0000000000000000 0x0000000000080000 xr
RAM              0x0000000020000000 0x0000000000010000 xw
IDT_LIST         0x00000000ffff7fff 0x0000000000008000 xw
*default*        0x0000000000000000 0xffffffffffffffff

Linker script and memory map

                0x000000000001f194                vfprintf = __l_vfprintf
                0x0000000000000000                vfscanf = __l_vfscanf
LOAD zephyr/CMakeFiles/zephyr_pre0.dir/misc/empty_file.c.obj
LOAD zephyr/CMakeFiles/offsets.dir/./arch/arm/core/offsets/offsets.c.obj
LOAD app/libapp.a
LOAD zephyr/libzephyr.a
LOAD zephyr/arch/common/libarch__common.a
LOAD zephyr/arch/arch/arm/core/libarch__arm__core.a
LOAD zephyr/arch/arch/arm/core/cortex_m/libarch__arm__core__cortex_m.a
LOAD zephyr/arch/arch/arm/core/mpu/libarch__arm__core__mpu.a
LOAD zephyr/lib/libc/picolibc/liblib__libc__picolibc.a
LOAD zephyr/lib/libc/common/liblib__libc__common.a
LOAD zephyr/lib/net_buf/liblib__net_buf.a
LOAD zephyr/soc/soc/nrf52832/libsoc__nordic.a
LOAD zephyr/subsys/random/libsubsys__random.a
LOAD zephyr/subsys/bluetooth/common/libsubsys__bluetooth__common.a
LOAD zephyr/subsys/bluetooth/host/libsubsys__bluetooth__host.a
LOAD zephyr/subsys/bluetooth/crypto/libsubsys__bluetooth__crypto.a
LOAD zephyr/drivers/clock_control/libdrivers__clock_control.a
LOAD zephyr/drivers/console/libdrivers__console.a
LOAD zephyr/drivers/entropy/libdrivers__entropy.a
LOAD zephyr/drivers/gpio/libdrivers__gpio.a
LOAD zephyr/drivers/pinctrl/libdrivers__pinctrl.a
LOAD zephyr/drivers/serial/libdrivers__serial.a
LOAD zephyr/drivers/timer/libdrivers__timer.a
LOAD modules/nrf/lib/multithreading_lock/lib..__nrf__lib__multithreading_lock.a
LOAD modules/nrf/subsys/bluetooth/controller/lib..__nrf__subsys__bluetooth__controller.a
LOAD modules/nrf/subsys/mpsl/init/lib..__nrf__subsys__mpsl__init.a
LOAD modules/nrf/subsys/mpsl/fem/lib..__nrf__subsys__mpsl__fem.a
LOAD modules/nrf/drivers/mpsl/clock_control/lib..__nrf__drivers__mpsl__clock_control.a
LOAD modules/hal_nordic/nrfx/libmodules__hal_nordic__nrfx.a
LOAD modules/segger/libmodules__segger.a
LOAD zephyr/kernel/libkernel.a
LOAD zephyr/arch/common/libisr_tables.a
LOAD C:/ncs/v2.9.0/nrfxlib/crypto/nrf_oberon/lib/cortex-m4/soft-float/liboberon_3.0.15.a
LOAD C:/ncs/v2.9.0/nrfxlib/softdevice_controller/lib/nrf52/soft-float/libsoftdevice_controller_central.a
LOAD C:/ncs/v2.9.0/nrfxlib/mpsl/fem/common/lib/nrf52/soft-float/libmpsl_fem_common.a
LOAD C:/ncs/v2.9.0/nrfxlib/mpsl/fem/nrf21540_gpio/lib/nrf52/soft-float/libmpsl_fem_nrf21540_gpio.a
LOAD C:/ncs/v2.9.0/nrfxlib/mpsl/fem/nrf21540_gpio_spi/lib/nrf52/soft-float/libmpsl_fem_nrf21540_gpio_spi.a
LOAD C:/ncs/v2.9.0/nrfxlib/mpsl/fem/nrf2220/lib/nrf52/soft-float/libmpsl_fem_nrf2220.a
LOAD C:/ncs/v2.9.0/nrfxlib/mpsl/fem/nrf2240/lib/nrf52/soft-float/libmpsl_fem_nrf2240.a
LOAD C:/ncs/v2.9.0/nrfxlib/mpsl/fem/nrf22xx/lib/nrf52/soft-float/libmpsl_fem_nrf22xx.a
LOAD C:/ncs/v2.9.0/nrfxlib/mpsl/fem/simple_gpio/lib/nrf52/soft-float/libmpsl_fem_simple_gpio.a
LOAD C:/ncs/v2.9.0/nrfxlib/mpsl/lib/nrf52/soft-float/libmpsl.a
LOAD c:\ncs\toolchains\b620d30767\opt\zephyr-sdk\arm-zephyr-eabi\bin\../lib/gcc/../../picolibc/arm-zephyr-eabi/lib/thumb/v7e-m/nofp\libc.a
LOAD c:/ncs/toolchains/b620d30767/opt/zephyr-sdk/arm-zephyr-eabi/bin/../lib/gcc/arm-zephyr-eabi/12.2.0/thumb/v7e-m/nofp\libgcc.a
                0x0000000000000020                _region_min_align = 0x20

.rel.plt        0x0000000000000000        0x0
 *(SORT_BY_ALIGNMENT(.rel.plt))
                [!provide]                        PROVIDE (__rel_iplt_start = .)
 *(SORT_BY_ALIGNMENT(.rel.iplt))
 .rel.iplt      0x0000000000000000        0x0 app/libapp.a(main.c.obj)
                [!provide]                        PROVIDE (__rel_iplt_end = .)

.rela.plt       0x0000000000000000        0x0
 *(SORT_BY_ALIGNMENT(.rela.plt))
                [!provide]                        PROVIDE (__rela_iplt_start = .)
 *(SORT_BY_ALIGNMENT(.rela.iplt))
                [!provide]                        PROVIDE (__rela_iplt_end = .)

.rel.dyn
 *(SORT_BY_ALIGNMENT(.rel.*))

.rela.dyn
 *(SORT_BY_ALIGNMENT(.rela.*))

/DISCARD/
 *(SORT_BY_ALIGNMENT(.plt))

/DISCARD/
 *(SORT_BY_ALIGNMENT(.iplt))
                0x0000000000000000                __rom_region_start = 0x0

rom_start       0x0000000000000000       0xdc
                0x0000000000000000                __rom_start_address = .
 FILL mask 0x00
                0x0000000000000000                . = (. + (0x0 - (. - __rom_start_address)))
                0x0000000000000000                . = ALIGN (0x4)
                0x0000000000000000                . = ALIGN (0x80)
                0x0000000000000000                . = ALIGN (0x100)
                0x0000000000000000                _vector_start = .
 *(SORT_BY_ALIGNMENT(.exc_vector_table))
 *(SORT_BY_ALIGNMENT(.exc_vector_table.*))
 .exc_vector_table._vector_table_section
                0x0000000000000000       0x40 zephyr/arch/arch/arm/core/cortex_m/libarch__arm__core__cortex_m.a(vector_table.S.obj)
                0x0000000000000000                _vector_table
 *(SORT_BY_ALIGNMENT(.vectors))
                0x00000000000000dc                _vector_end = .
                0x0000000000000040                . = ALIGN (0x4)
 *(SORT_BY_ALIGNMENT(.gnu.linkonce.irq_vector_table*))
 .gnu.linkonce.irq_vector_table
                0x0000000000000040       0x9c zephyr/arch/common/libisr_tables.a(isr_tables.c.obj)
                0x0000000000000040                _irq_vector_table
                0x00000000000000dc                _vector_end = .

text            0x00000000000000e0    0x246b4
                0x00000000000000e0                __text_region_start = .
 *(SORT_BY_ALIGNMENT(.text))
 .text          0x00000000000000e0      0x41c C:/ncs/v2.9.0/nrfxlib/crypto/nrf_oberon/lib/cortex-m4/soft-float/liboberon_3.0.15.a(ocrypto_bigint256.s.obj)
                0x00000000000000e0                ocrypto_bigint_add256
                0x0000000000000120                ocrypto_bigint_sub256
                0x0000000000000160                ocrypto_bigint_cadd256
                0x00000000000001bc                ocrypto_bigint_csub256
                0x0000000000000218                ocrypto_bigint_cswap256
                0x000000000000024c                ocrypto_mul256_noframe
                0x00000000000003a4                ocrypto_bigint_mul256
                0x00000000000003c4                ocrypto_sqr256_noframe
                0x00000000000004dc                ocrypto_bigint_sqr256
 .text          0x00000000000004fc       0x5c C:/ncs/v2.9.0/nrfxlib/crypto/nrf_oberon/lib/cortex-m4/soft-float/liboberon_3.0.15.a(ocrypto_constant_time.s.obj)
                0x00000000000004fc                ocrypto_constant_time_equal
                0x0000000000000524                ocrypto_constant_time_is_zero
                0x0000000000000540                ocrypto_constant_time_xor
 .text          0x0000000000000558      0x1ec C:/ncs/v2.9.0/nrfxlib/crypto/nrf_oberon/lib/cortex-m4/soft-float/liboberon_3.0.15.a(ocrypto_mod_p256_base.s.obj)
                0x0000000000000558                ocrypto_mod_p256_add
                0x00000000000005d4                ocrypto_mod_p256_sub
                0x00000000000006e4                ocrypto_mod_p256_mul
                0x0000000000000714                ocrypto_mod_p256_sqr
 .text          0x0000000000000744       0x28 C:/ncs/v2.9.0/nrfxlib/softdevice_controller/lib/nrf52/soft-float/libsoftdevice_controller_central.a(libsoftdevice_controller_s123_debug_soft__obfuscated.elf)
 .text          0x000000000000076c       0x24 C:/ncs/v2.9.0/nrfxlib/softdevice_controller/lib/nrf52/soft-float/libsoftdevice_controller_central.a(libsoftdevice_controller_s123_debug_soft__obfuscated.elf)
 .text          0x0000000000000790       0xe0 C:/ncs/v2.9.0/nrfxlib/softdevice_controller/lib/nrf52/soft-float/libsoftdevice_controller_central.a(libsoftdevice_controller_s123_debug_soft__obfuscated.elf)
 .text          0x0000000000000870       0x74 C:/ncs/v2.9.0/nrfxlib/softdevice_controller/lib/nrf52/soft-float/libsoftdevice_controller_central.a(libsoftdevice_controller_s123_debug_soft__obfuscated.elf)
                0x0000000000000870                sym_476LRB5XNUARAHCHHC7ZAIGPFC5VZ4W2N4467LI
 .text          0x00000000000008e4       0x38 C:/ncs/v2.9.0/nrfxlib/softdevice_controller/lib/nrf52/soft-float/libsoftdevice_controller_central.a(libsoftdevice_controller_s123_debug_soft__obfuscated.elf)
 .text          0x000000000000091c       0x78 C:/ncs/v2.9.0/nrfxlib/softdevice_controller/lib/nrf52/soft-float/libsoftdevice_controller_central.a(libsoftdevice_controller_s123_debug_soft__obfuscated.elf)
                0x000000000000091c                sdc_init
 .text          0x0000000000000994       0x9c C:/ncs/v2.9.0/nrfxlib/softdevice_controller/lib/nrf52/soft-float/libsoftdevice_controller_central.a(libsoftdevice_controller_s123_debug_soft__obfuscated.elf)
                0x0000000000000994                sdc_cfg_set
 .text          0x0000000000000a30       0x60 C:/ncs/v2.9.0/nrfxlib/softdevice_controller/lib/nrf52/soft-float/libsoftdevice_controller_central.a(libsoftdevice_controller_s123_debug_soft__obfuscated.elf)
                0x0000000000000a30                sdc_enable
 .text          0x0000000000000a90       0x24 C:/ncs/v2.9.0/nrfxlib/softdevice_controller/lib/nrf52/soft-float/libsoftdevice_controller_central.a(libsoftdevice_controller_s123_debug_soft__obfuscated.elf)
                0x0000000000000a90                sdc_disable
 .text          0x0000000000000ab4       0x24 C:/ncs/v2.9.0/nrfxlib/softdevice_controller/lib/nrf52/soft-float/libsoftdevice_controller_central.a(libsoftdevice_controller_s123_debug_soft__obfuscated.elf)
                0x0000000000000ab4                sdc_build_revision_get
 .text          0x0000000000000ad8       0x34 C:/ncs/v2.9.0/nrfxlib/softdevice_controller/lib/nrf52/soft-float/libsoftdevice_controller_central.a(libsoftdevice_controller_s123_debug_soft__obfuscated.elf)
                0x0000000000000ad8                sdc_support_central
 .text          0x0000000000000b0c       0x1c C:/ncs/v2.9.0/nrfxlib/softdevice_controller/lib/nrf52/soft-float/libsoftdevice_controller_central.a(libsoftdevice_controller_s123_debug_soft__obfuscated.elf)
                0x0000000000000b0c                sdc_support_dle_central
 .text          0x0000000000000b28       0x1c C:/ncs/v2.9.0/nrfxlib/softdevice_controller/lib/nrf52/soft-float/libsoftdevice_controller_central.a(libsoftdevice_controller_s123_debug_soft__obfuscated.elf)
                0x0000000000000b28                sdc_support_le_2m_phy
 .text          0x0000000000000b44       0x1c C:/ncs/v2.9.0/nrfxlib/softdevice_controller/lib/nrf52/soft-float/libsoftdevice_controller_central.a(libsoftdevice_controller_s123_debug_soft__obfuscated.elf)
                0x0000000000000b44                sdc_support_phy_update_central
 .text          0x0000000000000b60       0x10 C:/ncs/v2.9.0/nrfxlib/softdevice_controller/lib/nrf52/soft-float/libsoftdevice_controller_central.a(libsoftdevice_controller_s123_debug_soft__obfuscated.elf)
                0x0000000000000b60                sdc_rand_source_register
 .text          0x0000000000000b70        0xc C:/ncs/v2.9.0/nrfxlib/softdevice_controller/lib/nrf52/soft-float/libsoftdevice_controller_central.a(libsoftdevice_controller_s123_debug_soft__obfuscated.elf)
                0x0000000000000b70                sym_CVMXQJYKHZVHIOMGOYEICPLVAIQNUBL6USVNZSA
 .text          0x0000000000000b7c       0x10 C:/ncs/v2.9.0/nrfxlib/softdevice_controller/lib/nrf52/soft-float/libsoftdevice_controller_central.a(libsoftdevice_controller_s123_debug_soft__obfuscated.elf)
                0x0000000000000b7c                sym_EZ7BAEZZMYJFIJAONX254JF3WPGEXUT4NMP2WJQ
 .text          0x0000000000000b8c       0x7c C:/ncs/v2.9.0/nrfxlib/softdevice_controller/lib/nrf52/soft-float/libsoftdevice_controller_central.a(libsoftdevice_controller_s123_debug_soft__obfuscated.elf)
                0x0000000000000b8c                sym_MS2INTHZLDZMKZ5TZUDLWHPLKH3FLVZPA26JG6A
 .text          0x0000000000000c08       0x28 C:/ncs/v2.9.0/nrfxlib/softdevice_controller/lib/nrf52/soft-float/libsoftdevice_controller_central.a(libsoftdevice_controller_s123_debug_soft__obfuscated.elf)
                0x0000000000000c08                sym_TG7NSIC2UKHCUBZWZ4K4EMD5QRI2QVSKVKV6CFQ
 .text          0x0000000000000c30       0x3c C:/ncs/v2.9.0/nrfxlib/softdevice_controller/lib/nrf52/soft-float/libsoftdevice_controller_central.a(libsoftdevice_controller_s123_debug_soft__obfuscated.elf)
                0x0000000000000c30                sym_Z7NJGBYWCKFTEHRYWAIDKWPEUN45273QSWUA5CY
 .text          0x0000000000000c6c       0x24 C:/ncs/v2.9.0/nrfxlib/softdevice_controller/lib/nrf52/soft-float/libsoftdevice_controller_central.a(libsoftdevice_controller_s123_debug_soft__obfuscated.elf)
                0x0000000000000c6c                sym_TU2SMBIUC7JL6C3K2XB6727DQLBLV5LEGIMZAFQ
 .text          0x0000000000000c90       0x10 C:/ncs/v2.9.0/nrfxlib/softdevice_controller/lib/nrf52/soft-float/libsoftdevice_controller_central.a(libsoftdevice_controller_s123_debug_soft__obfuscated.elf)
                0x0000000000000c90                sym_CIVMWIRGIOQ374UFFPIFNN4ZGKYK2FRKTT6YRYA
 .text          0x0000000000000ca0       0x10 C:/ncs/v2.9.0/nrfxlib/softdevice_controller/lib/nrf52/soft-float/libsoftdevice_controller_central.a(libsoftdevice_controller_s123_debug_soft__obfuscated.elf)
                0x0000000000000ca0                sym_PPT6FEOF2T6DRALMCRRTUI7CHLEPBAN25HYV3KQ
 .text          0x0000000000000cb0       0x20 C:/ncs/v2.9.0/nrfxlib/softdevice_controller/lib/nrf52/soft-float/libsoftdevice_controller_central.a(libsoftdevice_controller_s123_debug_soft__obfuscated.elf)
                0x0000000000000cb0                sym_CEENVC5DZRUT7MGF5LABXKT4NV7YUL5F6EX6TEQ
 .text          0x0000000000000cd0        0xc C:/ncs/v2.9.0/nrfxlib/softdevice_controller/lib/nrf52/soft-float/libsoftdevice_controller_central.a(libsoftdevice_controller_s123_debug_soft__obfuscated.elf)
                0x0000000000000cd0                sym_G3KVRHCJDVHL7HV53526V3YI3DTK2IW2CADUWZQ
 .text          0x0000000000000cdc       0x1c C:/ncs/v2.9.0/nrfxlib/softdevice_controller/lib/nrf52/soft-float/libsoftdevice_controller_central.a(libsoftdevice_controller_s123_debug_soft__obfuscated.elf)
                0x0000000000000cdc                sdc_hci_cmd_cb_reset
 .text          0x0000000000000cf8       0x48 C:/ncs/v2.9.0/nrfxlib/softdevice_controller/lib/nrf52/soft-float/libsoftdevice_controller_central.a(libsoftdevice_controller_s123_debug_soft__obfuscated.elf)
 .text          0x0000000000000d40       0x40 C:/ncs/v2.9.0/nrfxlib/softdevice_controller/lib/nrf52/soft-float/libsoftdevice_controller_central.a(libsoftdevice_controller_s123_debug_soft__obfuscated.elf)
                0x0000000000000d40                sym_T2KVJXUKBW7E6DZMIXB2ENUQYG6P2TBYLXO3PAY
 .text          0x0000000000000d80       0x4c C:/ncs/v2.9.0/nrfxlib/softdevice_controller/lib/nrf52/soft-float/libsoftdevice_controller_central.a(libsoftdevice_controller_s123_debug_soft__obfuscated.elf)
 .text          0x0000000000000dcc       0x10 C:/ncs/v2.9.0/nrfxlib/softdevice_controller/lib/nrf52/soft-float/libsoftdevice_controller_central.a(libsoftdevice_controller_s123_debug_soft__obfuscated.elf)
                0x0000000000000dcc                sym_QFMUQVSA2RVLCOVZ24CAF3TBH45MAZ6DL5HLWKY
 .text          0x0000000000000ddc       0x14 C:/ncs/v2.9.0/nrfxlib/softdevice_controller/lib/nrf52/soft-float/libsoftdevice_controller_central.a(libsoftdevice_controller_s123_debug_soft__obfuscated.elf)
                0x0000000000000ddc                sym_CXUT4Q657Z75OBUIGHDMFNDKATOGPPQCSGHWG7Y
 .text          0x0000000000000df0      0x178 C:/ncs/v2.9.0/nrfxlib/softdevice_controller/lib/nrf52/soft-float/libsoftdevice_controller_central.a(libsoftdevice_controller_s123_debug_soft__obfuscated.elf)
                0x0000000000000df0                sym_EQ53CEL7EDVHMFMHMFPRRQU46C5YKKFEBAACFOA
 .text          0x0000000000000f68       0x70 C:/ncs/v2.9.0/nrfxlib/softdevice_controller/lib/nrf52/soft-float/libsoftdevice_controller_central.a(libsoftdevice_controller_s123_debug_soft__obfuscated.elf)
                0x0000000000000f68                sym_DMJHGENWVWA7ILXIIOOHU6SYMMXUDCUFUUBACLQ
 .text          0x0000000000000fd8       0x7c C:/ncs/v2.9.0/nrfxlib/softdevice_controller/lib/nrf52/soft-float/libsoftdevice_controller_central.a(libsoftdevice_controller_s123_debug_soft__obfuscated.elf)
                0x0000000000000fd8                sym_7JFC7IFAJQVPYCQHAIUKZ626ISM3VUWBEEXY7WI
 .text          0x0000000000001054       0x2c C:/ncs/v2.9.0/nrfxlib/softdevice_controller/lib/nrf52/soft-float/libsoftdevice_controller_central.a(libsoftdevice_controller_s123_debug_soft__obfuscated.elf)
                0x0000000000001054                sym_5X75WALYYBUWN4XT5LYOZBIGSZHVNFKF5J4CSQI
 .text          0x0000000000001080       0x48 C:/ncs/v2.9.0/nrfxlib/softdevice_controller/lib/nrf52/soft-float/libsoftdevice_controller_central.a(libsoftdevice_controller_s123_debug_soft__obfuscated.elf)
                0x0000000000001080                sym_4AWF7EXI3MMHUULTY73E756U3IY5DEXOZ265MZY
 .text          0x00000000000010c8       0x40 C:/ncs/v2.9.0/nrfxlib/softdevice_controller/lib/nrf52/soft-float/libsoftdevice_controller_central.a(libsoftdevice_controller_s123_debug_soft__obfuscated.elf)
                0x00000000000010c8                sym_6I4XEOIW7LI2E3Z53L54ZHQQHYICXR4H4JQWXLA
 .text          0x0000000000001108       0x30 C:/ncs/v2.9.0/nrfxlib/softdevice_controller/lib/nrf52/soft-float/libsoftdevice_controller_central.a(libsoftdevice_controller_s123_debug_soft__obfuscated.elf)
                0x0000000000001108                sym_6DYG6C6ROXZA67GZINNB2XIQHL3KE2RCKK4QFXA
 .text          0x0000000000001138       0x7c C:/ncs/v2.9.0/nrfxlib/softdevice_controller/lib/nrf52/soft-float/libsoftdevice_controller_central.a(libsoftdevice_controller_s123_debug_soft__obfuscated.elf)
                0x0000000000001138                sym_24NU2MJKHN4R2Z7HXHMPDWTTDYSB32VL6HEQPZA
 .text          0x00000000000011b4       0x28 C:/ncs/v2.9.0/nrfxlib/softdevice_controller/lib/nrf52/soft-float/libsoftdevice_controller_central.a(libsoftdevice_controller_s123_debug_soft__obfuscated.elf)
                0x00000000000011b4                sym_3QFBRH4ZSIA64QP2I3K547Y5WIALGQTCBP5Y5SQ
 .text          0x00000000000011dc        0xc C:/ncs/v2.9.0/nrfxlib/softdevice_controller/lib/nrf52/soft-float/libsoftdevice_controller_central.a(libsoftdevice_controller_s123_debug_soft__obfuscated.elf)
                0x00000000000011dc                sym_NOQRMQ5IH6SQFJEPI5A3UBMITO54HG4WO4DTTXA
 .text          0x00000000000011e8       0x5c C:/ncs/v2.9.0/nrfxlib/softdevice_controller/lib/nrf52/soft-float/libsoftdevice_controller_central.a(libsoftdevice_controller_s123_debug_soft__obfuscated.elf)
                0x00000000000011e8                sym_E5WZNPP2DINHF6K4PHXLYLX5AXTYBQYGQESRSGQ
 .text          0x0000000000001244       0x20 C:/ncs/v2.9.0/nrfxlib/softdevice_controller/lib/nrf52/soft-float/libsoftdevice_controller_central.a(libsoftdevice_controller_s123_debug_soft__obfuscated.elf)
 .text          0x0000000000001264       0x10 C:/ncs/v2.9.0/nrfxlib/softdevice_controller/lib/nrf52/soft-float/libsoftdevice_controller_central.a(libsoftdevice_controller_s123_debug_soft__obfuscated.elf)
 .text          0x0000000000001274        0xc C:/ncs/v2.9.0/nrfxlib/softdevice_controller/lib/nrf52/soft-float/libsoftdevice_controller_central.a(libsoftdevice_controller_s123_debug_soft__obfuscated.elf)
 .text          0x0000000000001280       0x64 C:/ncs/v2.9.0/nrfxlib/softdevice_controller/lib/nrf52/soft-float/libsoftdevice_controller_central.a(libsoftdevice_controller_s123_debug_soft__obfuscated.elf)
 .text          0x00000000000012e4       0x14 C:/ncs/v2.9.0/nrfxlib/softdevice_controller/lib/nrf52/soft-float/libsoftdevice_controller_central.a(libsoftdevice_controller_s123_debug_soft__obfuscated.elf)
 .text          0x00000000000012f8       0x2c C:/ncs/v2.9.0/nrfxlib/softdevice_controller/lib/nrf52/soft-float/libsoftdevice_controller_central.a(libsoftdevice_controller_s123_debug_soft__obfuscated.elf)
 .text          0x0000000000001324       0x40 C:/ncs/v2.9.0/nrfxlib/softdevice_controller/lib/nrf52/soft-float/libsoftdevice_controller_central.a(libsoftdevice_controller_s123_debug_soft__obfuscated.elf)
 .text          0x0000000000001364      0x18c C:/ncs/v2.9.0/nrfxlib/softdevice_controller/lib/nrf52/soft-float/libsoftdevice_controller_central.a(libsoftdevice_controller_s123_debug_soft__obfuscated.elf)
 .text          0x00000000000014f0      0x140 C:/ncs/v2.9.0/nrfxlib/softdevice_controller/lib/nrf52/soft-float/libsoftdevice_controller_central.a(libsoftdevice_controller_s123_debug_soft__obfuscated.elf)
 .text          0x0000000000001630       0x20 C:/ncs/v2.9.0/nrfxlib/softdevice_controller/lib/nrf52/soft-float/libsoftdevice_controller_central.a(libsoftdevice_controller_s123_debug_soft__obfuscated.elf)
                0x0000000000001630                sym_DOZBRJLK4YK3UIAPC27JGEBDCH5Y2BCX3XMRURY
 .text          0x0000000000001650       0x3c C:/ncs/v2.9.0/nrfxlib/softdevice_controller/lib/nrf52/soft-float/libsoftdevice_controller_central.a(libsoftdevice_controller_s123_debug_soft__obfuscated.elf)
                0x0000000000001650                sym_7TCX7VR3LQDB2G4LYUM4YUKX3ZVIO33J3JZVMKY
 .text          0x000000000000168c       0x10 C:/ncs/v2.9.0/nrfxlib/softdevice_controller/lib/nrf52/soft-float/libsoftdevice_controller_central.a(libsoftdevice_controller_s123_debug_soft__obfuscated.elf)
                0x000000000000168c                sym_DDEKRCVCBAV6DMR2JGOTTXJPMB6OW3IK3MJRV2Q
 .text          0x000000000000169c      0x1ec C:/ncs/v2.9.0/nrfxlib/softdevice_controller/lib/nrf52/soft-float/libsoftdevice_controller_central.a(libsoftdevice_controller_s123_debug_soft__obfuscated.elf)
                0x000000000000169c                sym_EXF7QYQZRNDSXD5BXX5JHASOOMIXFF6ILEF5NVA
 .text          0x0000000000001888       0x2c C:/ncs/v2.9.0/nrfxlib/softdevice_controller/lib/nrf52/soft-float/libsoftdevice_controller_central.a(libsoftdevice_controller_s123_debug_soft__obfuscated.elf)
                0x0000000000001888                sym_6BTYZXVNYPYTH2WUVFE5C5JVTZHQJAJ5IGD6OCA
 .text          0x00000000000018b4        0xc C:/ncs/v2.9.0/nrfxlib/softdevice_controller/lib/nrf52/soft-float/libsoftdevice_controller_central.a(libsoftdevice_controller_s123_debug_soft__obfuscated.elf)
                0x00000000000018b4                sym_UAPFH34IEHUX3FGU7LNPEIJNCLAPRJP46TMN4NY
 .text          0x00000000000018c0       0x88 C:/ncs/v2.9.0/nrfxlib/softdevice_controller/lib/nrf52/soft-float/libsoftdevice_controller_central.a(libsoftdevice_controller_s123_debug_soft__obfuscated.elf)
                0x00000000000018c0                sym_C4ZAWP4QAOEKUKS7VCLA6E4RPDOWCDVMBYVKPFI
 .text          0x0000000000001948      0x340 C:/ncs/v2.9.0/nrfxlib/softdevice_controller/lib/nrf52/soft-float/libsoftdevice_controller_central.a(libsoftdevice_controller_s123_debug_soft__obfuscated.elf)
 .text          0x0000000000001c88       0x10 C:/ncs/v2.9.0/nrfxlib/softdevice_controller/lib/nrf52/soft-float/libsoftdevice_controller_central.a(libsoftdevice_controller_s123_debug_soft__obfuscated.elf)
 .text          0x0000000000001c98       0x10 C:/ncs/v2.9.0/nrfxlib/softdevice_controller/lib/nrf52/soft-float/libsoftdevice_controller_central.a(libsoftdevice_controller_s123_debug_soft__obfuscated.elf)
 .text          0x0000000000001ca8       0x10 C:/ncs/v2.9.0/nrfxlib/softdevice_controller/lib/nrf52/soft-float/libsoftdevice_controller_central.a(libsoftdevice_controller_s123_debug_soft__obfuscated.elf)
 .text          0x0000000000001cb8       0x10 C:/ncs/v2.9.0/nrfxlib/softdevice_controller/lib/nrf52/soft-float/libsoftdevice_controller_central.a(libsoftdevice_controller_s123_debug_soft__obfuscated.elf)
 .text          0x0000000000001cc8       0x44 C:/ncs/v2.9.0/nrfxlib/softdevice_controller/lib/nrf52/soft-float/libsoftdevice_controller_central.a(libsoftdevice_controller_s123_debug_soft__obfuscated.elf)
 .text          0x0000000000001d0c       0xc0 C:/ncs/v2.9.0/nrfxlib/softdevice_controller/lib/nrf52/soft-float/libsoftdevice_controller_central.a(libsoftdevice_controller_s123_debug_soft__obfuscated.elf)
 .text          0x0000000000001dcc       0x24 C:/ncs/v2.9.0/nrfxlib/softdevice_controller/lib/nrf52/soft-float/libsoftdevice_controller_central.a(libsoftdevice_controller_s123_debug_soft__obfuscated.elf)
 .text          0x0000000000001df0       0x90 C:/ncs/v2.9.0/nrfxlib/softdevice_controller/lib/nrf52/soft-float/libsoftdevice_controller_central.a(libsoftdevice_controller_s123_debug_soft__obfuscated.elf)
 .text          0x0000000000001e80       0x44 C:/ncs/v2.9.0/nrfxlib/softdevice_controller/lib/nrf52/soft-float/libsoftdevice_controller_central.a(libsoftdevice_controller_s123_debug_soft__obfuscated.elf)
 .text          0x0000000000001ec4       0x1c C:/ncs/v2.9.0/nrfxlib/softdevice_controller/lib/nrf52/soft-float/libsoftdevice_controller_central.a(libsoftdevice_controller_s123_debug_soft__obfuscated.elf)
 .text          0x0000000000001ee0       0x24 C:/ncs/v2.9.0/nrfxlib/softdevice_controller/lib/nrf52/soft-float/libsoftdevice_controller_central.a(libsoftdevice_controller_s123_debug_soft__obfuscated.elf)
 .text          0x0000000000001f04       0x50 C:/ncs/v2.9.0/nrfxlib/softdevice_controller/lib/nrf52/soft-float/libsoftdevice_controller_central.a(libsoftdevice_controller_s123_debug_soft__obfuscated.elf)
 .text          0x0000000000001f54       0xd0 C:/ncs/v2.9.0/nrfxlib/softdevice_controller/lib/nrf52/soft-float/libsoftdevice_controller_central.a(libsoftdevice_controller_s123_debug_soft__obfuscated.elf)
 .text          0x0000000000002024       0xfc C:/ncs/v2.9.0/nrfxlib/softdevice_controller/lib/nrf52/soft-float/libsoftdevice_controller_central.a(libsoftdevice_controller_s123_debug_soft__obfuscated.elf)
 .text          0x0000000000002120      0x168 C:/ncs/v2.9.0/nrfxlib/softdevice_controller/lib/nrf52/soft-float/libsoftdevice_controller_central.a(libsoftdevice_controller_s123_debug_soft__obfuscated.elf)
 .text          0x0000000000002288       0x34 C:/ncs/v2.9.0/nrfxlib/softdevice_controller/lib/nrf52/soft-float/libsoftdevice_controller_central.a(libsoftdevice_controller_s123_debug_soft__obfuscated.elf)
 .text          0x00000000000022bc       0x64 C:/ncs/v2.9.0/nrfxlib/softdevice_controller/lib/nrf52/soft-float/libsoftdevice_controller_central.a(libsoftdevice_controller_s123_debug_soft__obfuscated.elf)
 .text          0x0000000000002320      0x4ec C:/ncs/v2.9.0/nrfxlib/softdevice_controller/lib/nrf52/soft-float/libsoftdevice_controller_central.a(libsoftdevice_controller_s123_debug_soft__obfuscated.elf)
 .text          0x000000000000280c      0x110 C:/ncs/v2.9.0/nrfxlib/softdevice_controller/lib/nrf52/soft-float/libsoftdevice_controller_central.a(libsoftdevice_controller_s123_debug_soft__obfuscated.elf)
 .text          0x000000000000291c       0x38 C:/ncs/v2.9.0/nrfxlib/softdevice_controller/lib/nrf52/soft-float/libsoftdevice_controller_central.a(libsoftdevice_controller_s123_debug_soft__obfuscated.elf)
                0x000000000000291c                sym_MSYMIWR3PI6HXHUAZX2P7HGFCTCK3HSW5N3BC2A
 .text          0x0000000000002954       0x68 C:/ncs/v2.9.0/nrfxlib/softdevice_controller/lib/nrf52/soft-float/libsoftdevice_controller_central.a(libsoftdevice_controller_s123_debug_soft__obfuscated.elf)
                0x0000000000002954                sym_NN7F2AFPNY6STZCCSXFBV5372QVP4U2ULKNO6YY
 .text          0x00000000000029bc       0x10 C:/ncs/v2.9.0/nrfxlib/softdevice_controller/lib/nrf52/soft-float/libsoftdevice_controller_central.a(libsoftdevice_controller_s123_debug_soft__obfuscated.elf)
                0x00000000000029bc                sym_K7SQKMVWESLZUZE22L4CEOMCL4JSVJET4SYEPLI
 .text          0x00000000000029cc       0x24 C:/ncs/v2.9.0/nrfxlib/softdevice_controller/lib/nrf52/soft-float/libsoftdevice_controller_central.a(libsoftdevice_controller_s123_debug_soft__obfuscated.elf)
                0x00000000000029cc                sym_KTO2H4NDIYSSQUUKE3NMMN4YAJAKAHZE3TQVHOY
 .text          0x00000000000029f0       0x68 C:/ncs/v2.9.0/nrfxlib/softdevice_controller/lib/nrf52/soft-float/libsoftdevice_controller_central.a(libsoftdevice_controller_s123_debug_soft__obfuscated.elf)
                0x00000000000029f0                sym_CAWX7VFIWXNZLGUALKXHPOWKG5OUKQTCDAWDIJQ
 .text          0x0000000000002a58        0xc C:/ncs/v2.9.0/nrfxlib/softdevice_controller/lib/nrf52/soft-float/libsoftdevice_controller_central.a(libsoftdevice_controller_s123_debug_soft__obfuscated.elf)
                0x0000000000002a58                sym_SPOA75Q2J6LVU6OSBDIHNSVXF4UIA7YYLMJNW6Y
 .text          0x0000000000002a64       0x24 C:/ncs/v2.9.0/nrfxlib/softdevice_controller/lib/nrf52/soft-float/libsoftdevice_controller_central.a(libsoftdevice_controller_s123_debug_soft__obfuscated.elf)
 .text          0x0000000000002a88      0x140 C:/ncs/v2.9.0/nrfxlib/softdevice_controller/lib/nrf52/soft-float/libsoftdevice_controller_central.a(libsoftdevice_controller_s123_debug_soft__obfuscated.elf)
 .text          0x0000000000002bc8       0x28 C:/ncs/v2.9.0/nrfxlib/softdevice_controller/lib/nrf52/soft-float/libsoftdevice_controller_central.a(libsoftdevice_controller_s123_debug_soft__obfuscated.elf)
                0x0000000000002bc8                sym_MZZ5CJE5YKBRI3UNENSSXM3SF3FKPPVI2OL74NY
 .text          0x0000000000002bf0       0x18 C:/ncs/v2.9.0/nrfxlib/softdevice_controller/lib/nrf52/soft-float/libsoftdevice_controller_central.a(libsoftdevice_controller_s123_debug_soft__obfuscated.elf)
                0x0000000000002bf0                sym_OMWXBZW422C6DKXO7GJC4CUO6XR5IIZSWYHWWEY
 .text          0x0000000000002c08       0x5c C:/ncs/v2.9.0/nrfxlib/softdevice_controller/lib/nrf52/soft-float/libsoftdevice_controller_central.a(libsoftdevice_controller_s123_debug_soft__obfuscated.elf)
                0x0000000000002c08                sym_64JITM2GCO5TNL2C5JQR6XU5LLQ4EW7FBY3YW4Y
 .text          0x0000000000002c64       0x28 C:/ncs/v2.9.0/nrfxlib/softdevice_controller/lib/nrf52/soft-float/libsoftdevice_controller_central.a(libsoftdevice_controller_s123_debug_soft__obfuscated.elf)
                0x0000000000002c64                sym_6SR5FGIT2BUCA4BUYLG742GH74UKLXYFZPRQHKI
 .text          0x0000000000002c8c       0x20 C:/ncs/v2.9.0/nrfxlib/softdevice_controller/lib/nrf52/soft-float/libsoftdevice_controller_central.a(libsoftdevice_controller_s123_debug_soft__obfuscated.elf)
                0x0000000000002c8c                sym_23XPTURR4DW4ZQPJM5PC7AK46H5FSWTLTCCARJI
 .text          0x0000000000002cac      0x320 C:/ncs/v2.9.0/nrfxlib/softdevice_controller/lib/nrf52/soft-float/libsoftdevice_controller_central.a(libsoftdevice_controller_s123_debug_soft__obfuscated.elf)
 .text          0x0000000000002fcc       0x5c C:/ncs/v2.9.0/nrfxlib/softdevice_controller/lib/nrf52/soft-float/libsoftdevice_controller_central.a(libsoftdevice_controller_s123_debug_soft__obfuscated.elf)
                0x0000000000002fcc                sym_FOQ3QPGOR6JQQMW2UGNYKWNNYYOKZLMCFF3HUQI
 .text          0x0000000000003028       0x2c C:/ncs/v2.9.0/nrfxlib/softdevice_controller/lib/nrf52/soft-float/libsoftdevice_controller_central.a(libsoftdevice_controller_s123_debug_soft__obfuscated.elf)
                0x0000000000003028                sym_4SBBLL64WWP4ZG5OZI4AZRNE5QSDGST5WG4LTOA
 .text          0x0000000000003054       0xf8 C:/ncs/v2.9.0/nrfxlib/softdevice_controller/lib/nrf52/soft-float/libsoftdevice_controller_central.a(libsoftdevice_controller_s123_debug_soft__obfuscated.elf)
                0x0000000000003054                sym_BAQ6XKIJ2DDNHUPTZJSMTWD7KTOEUEG7XPMPCIA
 .text          0x000000000000314c       0x80 C:/ncs/v2.9.0/nrfxlib/softdevice_controller/lib/nrf52/soft-float/libsoftdevice_controller_central.a(libsoftdevice_controller_s123_debug_soft__obfuscated.elf)
 .text          0x00000000000031cc       0x38 C:/ncs/v2.9.0/nrfxlib/softdevice_controller/lib/nrf52/soft-float/libsoftdevice_controller_central.a(libsoftdevice_controller_s123_debug_soft__obfuscated.elf)
 .text          0x0000000000003204      0x158 C:/ncs/v2.9.0/nrfxlib/softdevice_controller/lib/nrf52/soft-float/libsoftdevice_controller_central.a(libsoftdevice_controller_s123_debug_soft__obfuscated.elf)
 .text          0x000000000000335c       0xd8 C:/ncs/v2.9.0/nrfxlib/softdevice_controller/lib/nrf52/soft-float/libsoftdevice_controller_central.a(libsoftdevice_controller_s123_debug_soft__obfuscated.elf)
 .text          0x0000000000003434       0x10 C:/ncs/v2.9.0/nrfxlib/softdevice_controller/lib/nrf52/soft-float/libsoftdevice_controller_central.a(libsoftdevice_controller_s123_debug_soft__obfuscated.elf)
                0x0000000000003434                sym_R2R62GLIY7S3OCJMRDPIB4TBZFUG2AN7TI7ERPI
 .text          0x0000000000003444        0xc C:/ncs/v2.9.0/nrfxlib/softdevice_controller/lib/nrf52/soft-float/libsoftdevice_controller_central.a(libsoftdevice_controller_s123_debug_soft__obfuscated.elf)
                0x0000000000003444                sym_O5ZKMVYIIKH3EAJRECXZFOUFXDW4MCMBS67KZZI
 .text          0x0000000000003450       0x48 C:/ncs/v2.9.0/nrfxlib/softdevice_controller/lib/nrf52/soft-float/libsoftdevice_controller_central.a(libsoftdevice_controller_s123_debug_soft__obfuscated.elf)
                0x0000000000003450                sym_5ZBAGF5IPZJLTC3H62ZY4U4SW6MV7I4QJW2DD3I
 .text          0x0000000000003498       0x20 C:/ncs/v2.9.0/nrfxlib/softdevice_controller/lib/nrf52/soft-float/libsoftdevice_controller_central.a(libsoftdevice_controller_s123_debug_soft__obfuscated.elf)
                0x0000000000003498                sym_SVA6DLBGPY6XV2V2F4HOMHWDPSDIRD722L2FDEI
 .text          0x00000000000034b8       0x84 C:/ncs/v2.9.0/nrfxlib/softdevice_controller/lib/nrf52/soft-float/libsoftdevice_controller_central.a(libsoftdevice_controller_s123_debug_soft__obfuscated.elf)
                0x00000000000034b8                sym_75TAEO5RFHKNVZFZHMOMYUKRALUIDEKJ3QZBZUI
 .text          0x000000000000353c        0xc C:/ncs/v2.9.0/nrfxlib/softdevice_controller/lib/nrf52/soft-float/libsoftdevice_controller_central.a(libsoftdevice_controller_s123_debug_soft__obfuscated.elf)
                0x000000000000353c                sym_P52EVHQKGJ5EMXHU27BFVEFSO6ZMLSI4P52LQDA
 .text          0x0000000000003548       0x18 C:/ncs/v2.9.0/nrfxlib/softdevice_controller/lib/nrf52/soft-float/libsoftdevice_controller_central.a(libsoftdevice_controller_s123_debug_soft__obfuscated.elf)
                0x0000000000003548                sym_GWAYX66NWSVNQ3OHE5BQRMOI6IRTYM6NL6TBSRQ
 .text          0x0000000000003560       0x1c C:/ncs/v2.9.0/nrfxlib/softdevice_controller/lib/nrf52/soft-float/libsoftdevice_controller_central.a(libsoftdevice_controller_s123_debug_soft__obfuscated.elf)
                0x0000000000003560                sym_WQEYNQYPTFH4BI2WPULDBBECIY2RT3HWWUCSKNI
 .text          0x000000000000357c       0x38 C:/ncs/v2.9.0/nrfxlib/softdevice_controller/lib/nrf52/soft-float/libsoftdevice_controller_central.a(libsoftdevice_controller_s123_debug_soft__obfuscated.elf)
                0x000000000000357c                sym_ZKPLK624IRELGER42R2ZHKGWJUXMU6RHHHTNAQY
 .text          0x00000000000035b4       0x48 C:/ncs/v2.9.0/nrfxlib/softdevice_controller/lib/nrf52/soft-float/libsoftdevice_controller_central.a(libsoftdevice_controller_s123_debug_soft__obfuscated.elf)
                0x00000000000035b4                sym_O6XGUO2YE6EJZ7P2GIXT7NMMWYUEBQ4F3KREAXA
 .text          0x00000000000035fc        0xc C:/ncs/v2.9.0/nrfxlib/softdevice_controller/lib/nrf52/soft-float/libsoftdevice_controller_central.a(libsoftdevice_controller_s123_debug_soft__obfuscated.elf)
                0x00000000000035fc                sym_KN3K6STNQWQWR2LORBLVX4RFT5RXJO5L5JNKV4I
 .text          0x0000000000003608       0x14 C:/ncs/v2.9.0/nrfxlib/softdevice_controller/lib/nrf52/soft-float/libsoftdevice_controller_central.a(libsoftdevice_controller_s123_debug_soft__obfuscated.elf)
                0x0000000000003608                sym_WVUR7FIOL24MFCJHZIBLTPA7O44X57VSRLSLAPQ
 .text          0x000000000000361c       0x34 C:/ncs/v2.9.0/nrfxlib/softdevice_controller/lib/nrf52/soft-float/libsoftdevice_controller_central.a(libsoftdevice_controller_s123_debug_soft__obfuscated.elf)
                0x000000000000361c                sym_JEWVWUVPPBKFY6NTG3STLQ3KWMWEBIH34A75HKI
 .text          0x0000000000003650       0x40 C:/ncs/v2.9.0/nrfxlib/softdevice_controller/lib/nrf52/soft-float/libsoftdevice_controller_central.a(libsoftdevice_controller_s123_debug_soft__obfuscated.elf)
                0x0000000000003650                sym_LFMV7ZPMP2MCCNFNC4U7QQJ547VTI3Z5P2EL4WQ
 .text          0x0000000000003690       0xa0 C:/ncs/v2.9.0/nrfxlib/softdevice_controller/lib/nrf52/soft-float/libsoftdevice_controller_central.a(libsoftdevice_controller_s123_debug_soft__obfuscated.elf)
                0x0000000000003690                sym_CRB5YCB3Z3AAZH7A5G7WM2JFASUE6SGAJROBYAA
 .text          0x0000000000003730       0x54 C:/ncs/v2.9.0/nrfxlib/softdevice_controller/lib/nrf52/soft-float/libsoftdevice_controller_central.a(libsoftdevice_controller_s123_debug_soft__obfuscated.elf)
                0x0000000000003730                sym_DOABKABWEXEJSA2H5Z2UO6MFQES34UYN7XL6GMA
 .text          0x0000000000003784       0x60 C:/ncs/v2.9.0/nrfxlib/softdevice_controller/lib/nrf52/soft-float/libsoftdevice_controller_central.a(libsoftdevice_controller_s123_debug_soft__obfuscated.elf)
                0x0000000000003784                sym_HRCF6LWSDWPWEZA7S5YQFCNRDXXCJA6WGOZECRY
 .text          0x00000000000037e4       0x30 C:/ncs/v2.9.0/nrfxlib/softdevice_controller/lib/nrf52/soft-float/libsoftdevice_controller_central.a(libsoftdevice_controller_s123_debug_soft__obfuscated.elf)
 .text          0x0000000000003814      0x18c C:/ncs/v2.9.0/nrfxlib/softdevice_controller/lib/nrf52/soft-float/libsoftdevice_controller_central.a(libsoftdevice_controller_s123_debug_soft__obfuscated.elf)
 .text          0x00000000000039a0       0xc8 C:/ncs/v2.9.0/nrfxlib/softdevice_controller/lib/nrf52/soft-float/libsoftdevice_controller_central.a(libsoftdevice_controller_s123_debug_soft__obfuscated.elf)
                0x00000000000039a0                sym_7OWCT6RQNC7NMJTETN4SHKZQ2DXHZYW5I4QMKDQ
 .text          0x0000000000003a68       0x6c C:/ncs/v2.9.0/nrfxlib/softdevice_controller/lib/nrf52/soft-float/libsoftdevice_controller_central.a(libsoftdevice_controller_s123_debug_soft__obfuscated.elf)
                0x0000000000003a68                sym_RGKYP5TXYS27EGT6ZHZS5EDDAZK5QGTWLBOBJEA
 .text          0x0000000000003ad4       0x18 C:/ncs/v2.9.0/nrfxlib/softdevice_controller/lib/nrf52/soft-float/libsoftdevice_controller_central.a(libsoftdevice_controller_s123_debug_soft__obfuscated.elf)
                0x0000000000003ad4                sym_5EMU3BEOS6JCQEXTZ5M5LP72YGJNCV3W3R43AOI
 .text          0x0000000000003aec        0xc C:/ncs/v2.9.0/nrfxlib/softdevice_controller/lib/nrf52/soft-float/libsoftdevice_controller_central.a(libsoftdevice_controller_s123_debug_soft__obfuscated.elf)
                0x0000000000003aec                sym_UY577SX5HIKP7SN7G6RHWTFDXAXFXXF32S4VJUA
 .text          0x0000000000003af8       0x14 C:/ncs/v2.9.0/nrfxlib/softdevice_controller/lib/nrf52/soft-float/libsoftdevice_controller_central.a(libsoftdevice_controller_s123_debug_soft__obfuscated.elf)
                0x0000000000003af8                sym_Y5RIWFUVP4FHJFYC7FBZKM2MV7INK43TLWQ5URA
 .text          0x0000000000003b0c       0x60 C:/ncs/v2.9.0/nrfxlib/softdevice_controller/lib/nrf52/soft-float/libsoftdevice_controller_central.a(libsoftdevice_controller_s123_debug_soft__obfuscated.elf)
                0x0000000000003b0c                sym_CY3FVUNSUUR4I46K644NW3FXSFSLG3ETQWBRBHQ
 .text          0x0000000000003b6c       0x30 C:/ncs/v2.9.0/nrfxlib/softdevice_controller/lib/nrf52/soft-float/libsoftdevice_controller_central.a(libsoftdevice_controller_s123_debug_soft__obfuscated.elf)
                0x0000000000003b6c                sym_JYVNTINWWHBNIBW6ZPFJYFKZBQTI25EUE75U36Y
 .text          0x0000000000003b9c       0x14 C:/ncs/v2.9.0/nrfxlib/softdevice_controller/lib/nrf52/soft-float/libsoftdevice_controller_central.a(libsoftdevice_controller_s123_debug_soft__obfuscated.elf)
                0x0000000000003b9c                sym_THL6EKGE7AKTO5JDGU45MV33YSIXORBRMDECS2Q
 .text          0x0000000000003bb0       0x5c C:/ncs/v2.9.0/nrfxlib/softdevice_controller/lib/nrf52/soft-float/libsoftdevice_controller_central.a(libsoftdevice_controller_s123_debug_soft__obfuscated.elf)
                0x0000000000003bb0                sym_4POEZKL66A5T3356722OWKNB5CNFKPMV6JI3HEA
 .text          0x0000000000003c0c       0x54 C:/ncs/v2.9.0/nrfxlib/softdevice_controller/lib/nrf52/soft-float/libsoftdevice_controller_central.a(libsoftdevice_controller_s123_debug_soft__obfuscated.elf)
                0x0000000000003c0c                sym_IP3LLUNJTDBIIPB3UG65MJFJZABGVNT2GN3EQPY
 .text          0x0000000000003c60      0x144 C:/ncs/v2.9.0/nrfxlib/softdevice_controller/lib/nrf52/soft-float/libsoftdevice_controller_central.a(libsoftdevice_controller_s123_debug_soft__obfuscated.elf)
                0x0000000000003c60                sym_CNVWBND3CKNA7X75YYI34DQVJHIIO67GC5L2TOA
 .text          0x0000000000003da4       0x68 C:/ncs/v2.9.0/nrfxlib/softdevice_controller/lib/nrf52/soft-float/libsoftdevice_controller_central.a(libsoftdevice_controller_s123_debug_soft__obfuscated.elf)
                0x0000000000003da4                sym_B53ULTNRMKMM2752DLWCII2MNWMNLLOI2TCFUOA
 .text          0x0000000000003e0c      0x450 C:/ncs/v2.9.0/nrfxlib/softdevice_controller/lib/nrf52/soft-float/libsoftdevice_controller_central.a(libsoftdevice_controller_s123_debug_soft__obfuscated.elf)
                0x0000000000003e0c                sym_WOLK7J5ES7P57ZMVXNQUWAYV6XJ7AZYSV3TL56A
 .text          0x000000000000425c       0xc8 C:/ncs/v2.9.0/nrfxlib/softdevice_controller/lib/nrf52/soft-float/libsoftdevice_controller_central.a(libsoftdevice_controller_s123_debug_soft__obfuscated.elf)
                0x000000000000425c                sym_OVTAYAIM2HXXC4KB536GUWKDN6XBONTMDU2FIEA
 .text          0x0000000000004324       0x9c C:/ncs/v2.9.0/nrfxlib/softdevice_controller/lib/nrf52/soft-float/libsoftdevice_controller_central.a(libsoftdevice_controller_s123_debug_soft__obfuscated.elf)
                0x0000000000004324                sym_7SW25XKRUPEFRFPCXK7QR35MHFXEZCDXN225F5Y
 .text          0x00000000000043c0       0x2c C:/ncs/v2.9.0/nrfxlib/softdevice_controller/lib/nrf52/soft-float/libsoftdevice_controller_central.a(libsoftdevice_controller_s123_debug_soft__obfuscated.elf)
                0x00000000000043c0                sym_XQWU4MX22DPQIRRYTXBNWTH2DBYK7MH33FME7FI
 .text          0x00000000000043ec       0x10 C:/ncs/v2.9.0/nrfxlib/softdevice_controller/lib/nrf52/soft-float/libsoftdevice_controller_central.a(libsoftdevice_controller_s123_debug_soft__obfuscated.elf)
                0x00000000000043ec                sym_DVVOECRRYK6EAGDREB2UKKQZT5MAOOUK66XNPTA
 .text          0x00000000000043fc       0x10 C:/ncs/v2.9.0/nrfxlib/softdevice_controller/lib/nrf52/soft-float/libsoftdevice_controller_central.a(libsoftdevice_controller_s123_debug_soft__obfuscated.elf)
                0x00000000000043fc                sym_XSHSAOHXV6VAKS5XQAWAQ7Z3CGRIXZNSZFISASA
 .text          0x000000000000440c       0x18 C:/ncs/v2.9.0/nrfxlib/softdevice_controller/lib/nrf52/soft-float/libsoftdevice_controller_central.a(libsoftdevice_controller_s123_debug_soft__obfuscated.elf)
                0x000000000000440c                sym_CTIZP4PFSP4VPO64SY4WNQXXAO6AQ4FBRX2MZ2Y
 .text          0x0000000000004424       0x3c C:/ncs/v2.9.0/nrfxlib/softdevice_controller/lib/nrf52/soft-float/libsoftdevice_controller_central.a(libsoftdevice_controller_s123_debug_soft__obfuscated.elf)
                0x0000000000004424                sym_AQMZEUEC3F4Q53CYFKGZCEH47J6F6YNF35E42YI
 .text          0x0000000000004460       0x1c C:/ncs/v2.9.0/nrfxlib/softdevice_controller/lib/nrf52/soft-float/libsoftdevice_controller_central.a(libsoftdevice_controller_s123_debug_soft__obfuscated.elf)
                0x0000000000004460                sym_PHIWMC5UC4THFNN3JWADQQGKAR6W5FGB3VIFNJQ
 .text          0x000000000000447c       0x20 C:/ncs/v2.9.0/nrfxlib/softdevice_controller/lib/nrf52/soft-float/libsoftdevice_controller_central.a(libsoftdevice_controller_s123_debug_soft__obfuscated.elf)
 .text          0x000000000000449c       0x30 C:/ncs/v2.9.0/nrfxlib/softdevice_controller/lib/nrf52/soft-float/libsoftdevice_controller_central.a(libsoftdevice_controller_s123_debug_soft__obfuscated.elf)
 .text          0x00000000000044cc       0x38 C:/ncs/v2.9.0/nrfxlib/softdevice_controller/lib/nrf52/soft-float/libsoftdevice_controller_central.a(libsoftdevice_controller_s123_debug_soft__obfuscated.elf)
                0x00000000000044cc                sym_XUBYH6XGZLLFFVYC6KQVA5MFJUUESCU2IF7KXFI
 .text          0x0000000000004504       0x2c C:/ncs/v2.9.0/nrfxlib/softdevice_controller/lib/nrf52/soft-float/libsoftdevice_controller_central.a(libsoftdevice_controller_s123_debug_soft__obfuscated.elf)
                0x0000000000004504                sym_G4TIIR7KO3GHFF45HCHTIL3RIPRK2LVDQADUYJQ
 .text          0x0000000000004530        0xc C:/ncs/v2.9.0/nrfxlib/softdevice_controller/lib/nrf52/soft-float/libsoftdevice_controller_central.a(libsoftdevice_controller_s123_debug_soft__obfuscated.elf)
                0x0000000000004530                sym_HG37ZAHWDO2P65KBJXRLV5PVSG5TCUWPMKZOZLQ
 .text          0x000000000000453c       0x24 C:/ncs/v2.9.0/nrfxlib/softdevice_controller/lib/nrf52/soft-float/libsoftdevice_controller_central.a(libsoftdevice_controller_s123_debug_soft__obfuscated.elf)
                0x000000000000453c                sym_4W26TPGCKOCVVRKXQDBKGXGC2Y5LMZXNKS2QITA
 .text          0x0000000000004560       0x1c C:/ncs/v2.9.0/nrfxlib/softdevice_controller/lib/nrf52/soft-float/libsoftdevice_controller_central.a(libsoftdevice_controller_s123_debug_soft__obfuscated.elf)
                0x0000000000004560                sym_N6TOG3AODPPFNS6LXFKKIADNGIMUMBS5BXPEFOY
 .text          0x000000000000457c        0xc C:/ncs/v2.9.0/nrfxlib/softdevice_controller/lib/nrf52/soft-float/libsoftdevice_controller_central.a(libsoftdevice_controller_s123_debug_soft__obfuscated.elf)
                0x000000000000457c                sym_PBZPB3PSJJYSQQW7TH2XDGNLD2UYSZR6YJ4ZZNQ
 .text          0x0000000000004588       0x14 C:/ncs/v2.9.0/nrfxlib/softdevice_controller/lib/nrf52/soft-float/libsoftdevice_controller_central.a(libsoftdevice_controller_s123_debug_soft__obfuscated.elf)
                0x0000000000004588                sym_HA7EOSELAQYVMG5UXMJGQLLFEIRQPB7MNOSYOXQ
 .text          0x000000000000459c       0x30 C:/ncs/v2.9.0/nrfxlib/softdevice_controller/lib/nrf52/soft-float/libsoftdevice_controller_central.a(libsoftdevice_controller_s123_debug_soft__obfuscated.elf)
                0x000000000000459c                sym_MJMICEV3AHUJUDNI6JLXYNXCJNL4PTPUQLXISYA
 .text          0x00000000000045cc       0x10 C:/ncs/v2.9.0/nrfxlib/softdevice_controller/lib/nrf52/soft-float/libsoftdevice_controller_central.a(libsoftdevice_controller_s123_debug_soft__obfuscated.elf)
                0x00000000000045cc                sym_W6QCODUONZ7VOOA5DU2R7RKAJUNWNTC3INZ7OGY
 .text          0x00000000000045dc       0x50 C:/ncs/v2.9.0/nrfxlib/softdevice_controller/lib/nrf52/soft-float/libsoftdevice_controller_central.a(libsoftdevice_controller_s123_debug_soft__obfuscated.elf)
                0x00000000000045dc                sym_GECJUMXC7GX4QNB2JHCJHLFH72UPMJZW6VAQVRA
 .text          0x000000000000462c       0x28 C:/ncs/v2.9.0/nrfxlib/softdevice_controller/lib/nrf52/soft-float/libsoftdevice_controller_central.a(libsoftdevice_controller_s123_debug_soft__obfuscated.elf)
                0x000000000000462c                sym_BOFYMMO2XEUTXLE26SHEVVPNVILC4XKISLRYGBI
 .text          0x0000000000004654       0x48 C:/ncs/v2.9.0/nrfxlib/softdevice_controller/lib/nrf52/soft-float/libsoftdevice_controller_central.a(libsoftdevice_controller_s123_debug_soft__obfuscated.elf)
                0x0000000000004654                sym_WBBKNGE34I3KVGMZDWEODUY462REUIAP3UFNHJI
 .text          0x000000000000469c       0x18 C:/ncs/v2.9.0/nrfxlib/softdevice_controller/lib/nrf52/soft-float/libsoftdevice_controller_central.a(libsoftdevice_controller_s123_debug_soft__obfuscated.elf)
                0x000000000000469c                sym_MJCF2WRL4I323V23HKVENOJWV5IXH54R5X6LJRY
 .text          0x00000000000046b4       0x1c C:/ncs/v2.9.0/nrfxlib/softdevice_controller/lib/nrf52/soft-float/libsoftdevice_controller_central.a(libsoftdevice_controller_s123_debug_soft__obfuscated.elf)
                0x00000000000046b4                sym_REO6MG4FRJTNQQ56RDJDYGEWFEO5TFVYGRW6OLI
 .text          0x00000000000046d0        0xc C:/ncs/v2.9.0/nrfxlib/softdevice_controller/lib/nrf52/soft-float/libsoftdevice_controller_central.a(libsoftdevice_controller_s123_debug_soft__obfuscated.elf)
                0x00000000000046d0                sym_NKFCLZ5HTE6KVHDV5DGZ6TJP4KSZI43SYBECPRY
 .text          0x00000000000046dc       0x2c C:/ncs/v2.9.0/nrfxlib/softdevice_controller/lib/nrf52/soft-float/libsoftdevice_controller_central.a(libsoftdevice_controller_s123_debug_soft__obfuscated.elf)
                0x00000000000046dc                sym_65LA7GM3MU7DDFQKTB75BYTZMPMROSWKS3VXCNI
 .text          0x0000000000004708       0x20 C:/ncs/v2.9.0/nrfxlib/softdevice_controller/lib/nrf52/soft-float/libsoftdevice_controller_central.a(libsoftdevice_controller_s123_debug_soft__obfuscated.elf)
                0x0000000000004708                sym_AGWGY6I3YKHHV6TMAWL24HN4IKGOB7PZYXPWBRA
 .text          0x0000000000004728        0xc C:/ncs/v2.9.0/nrfxlib/softdevice_controller/lib/nrf52/soft-float/libsoftdevice_controller_central.a(libsoftdevice_controller_s123_debug_soft__obfuscated.elf)
                0x0000000000004728                sym_IXGTNRGKILIZPWG2NJIZ2ALUPW2IM3XFVCGJW2I
 .text          0x0000000000004734       0x20 C:/ncs/v2.9.0/nrfxlib/softdevice_controller/lib/nrf52/soft-float/libsoftdevice_controller_central.a(libsoftdevice_controller_s123_debug_soft__obfuscated.elf)
                0x0000000000004734                sym_JHXS4T25BAYOMDDZMWPX3HMPENRV73GSV2RYHAI
 .text          0x0000000000004754       0x2c C:/ncs/v2.9.0/nrfxlib/softdevice_controller/lib/nrf52/soft-float/libsoftdevice_controller_central.a(libsoftdevice_controller_s123_debug_soft__obfuscated.elf)
                0x0000000000004754                sym_54CHYGRI3UHSVLN5ZOGJESXNRISJW5CS4IYBN7Y
 .text          0x0000000000004780       0x1c C:/ncs/v2.9.0/nrfxlib/softdevice_controller/lib/nrf52/soft-float/libsoftdevice_controller_central.a(libsoftdevice_controller_s123_debug_soft__obfuscated.elf)
                0x0000000000004780                sym_V7MOOXL5SOLISKFFGWJC7M3XDITU574WBQOXGWY
 .text          0x000000000000479c       0x30 C:/ncs/v2.9.0/nrfxlib/softdevice_controller/lib/nrf52/soft-float/libsoftdevice_controller_central.a(libsoftdevice_controller_s123_debug_soft__obfuscated.elf)
                0x000000000000479c                sym_QKSVBALUN2V4XT4OCC56LE75IAYLDFRRIVLBZ2Q
 .text          0x00000000000047cc       0x30 C:/ncs/v2.9.0/nrfxlib/softdevice_controller/lib/nrf52/soft-float/libsoftdevice_controller_central.a(libsoftdevice_controller_s123_debug_soft__obfuscated.elf)
                0x00000000000047cc                sym_WCOWXKSKBH7DOKKKINFZAPWXKW4NYAUCJWTUKBI
 .text          0x00000000000047fc       0x1c C:/ncs/v2.9.0/nrfxlib/softdevice_controller/lib/nrf52/soft-float/libsoftdevice_controller_central.a(libsoftdevice_controller_s123_debug_soft__obfuscated.elf)
                0x00000000000047fc                sym_AO3U45UEGFLUPMT565ZR5UWUQUONF5AKILLCT3A
 .text          0x0000000000004818       0x48 C:/ncs/v2.9.0/nrfxlib/softdevice_controller/lib/nrf52/soft-float/libsoftdevice_controller_central.a(libsoftdevice_controller_s123_debug_soft__obfuscated.elf)
 .text          0x0000000000004860       0x2c C:/ncs/v2.9.0/nrfxlib/softdevice_controller/lib/nrf52/soft-float/libsoftdevice_controller_central.a(libsoftdevice_controller_s123_debug_soft__obfuscated.elf)
 .text          0x000000000000488c       0xc0 C:/ncs/v2.9.0/nrfxlib/softdevice_controller/lib/nrf52/soft-float/libsoftdevice_controller_central.a(libsoftdevice_controller_s123_debug_soft__obfuscated.elf)
 .text          0x000000000000494c       0x9c C:/ncs/v2.9.0/nrfxlib/softdevice_controller/lib/nrf52/soft-float/libsoftdevice_controller_central.a(libsoftdevice_controller_s123_debug_soft__obfuscated.elf)
 .text          0x00000000000049e8       0xc0 C:/ncs/v2.9.0/nrfxlib/softdevice_controller/lib/nrf52/soft-float/libsoftdevice_controller_central.a(libsoftdevice_controller_s123_debug_soft__obfuscated.elf)
 .text          0x0000000000004aa8       0x18 C:/ncs/v2.9.0/nrfxlib/softdevice_controller/lib/nrf52/soft-float/libsoftdevice_controller_central.a(libsoftdevice_controller_s123_debug_soft__obfuscated.elf)
                0x0000000000004aa8                sym_BAUTABQSJLBAZ6GNH7KOF4MJMAA6NF7CDAZNOEQ
 .text          0x0000000000004ac0       0x20 C:/ncs/v2.9.0/nrfxlib/softdevice_controller/lib/nrf52/soft-float/libsoftdevice_controller_central.a(libsoftdevice_controller_s123_debug_soft__obfuscated.elf)
                0x0000000000004ac0                sym_62DUXM4M5AM4URNPP7IKDX3NCPAODBT4BMADGAY
 .text          0x0000000000004ae0        0xc C:/ncs/v2.9.0/nrfxlib/softdevice_controller/lib/nrf52/soft-float/libsoftdevice_controller_central.a(libsoftdevice_controller_s123_debug_soft__obfuscated.elf)
                0x0000000000004ae0                sym_JQOBED6Y6P46KNYF2UD53QPDVNRPPOKMQL6EEBY
 .text          0x0000000000004aec       0x38 C:/ncs/v2.9.0/nrfxlib/softdevice_controller/lib/nrf52/soft-float/libsoftdevice_controller_central.a(libsoftdevice_controller_s123_debug_soft__obfuscated.elf)
                0x0000000000004aec                sym_AH5PFWTC7OGNFGHZO3OGQJX75M4BUE2VWXVZZ5A
 .text          0x0000000000004b24       0xfc C:/ncs/v2.9.0/nrfxlib/softdevice_controller/lib/nrf52/soft-float/libsoftdevice_controller_central.a(libsoftdevice_controller_s123_debug_soft__obfuscated.elf)
                0x0000000000004b24                sym_Z3745JZ5MC4MMBP2LFCOSP7OKPPVFDOPIURJWVQ
 .text          0x0000000000004c20       0x20 C:/ncs/v2.9.0/nrfxlib/softdevice_controller/lib/nrf52/soft-float/libsoftdevice_controller_central.a(libsoftdevice_controller_s123_debug_soft__obfuscated.elf)
                0x0000000000004c20                sym_FLX2PIIVHO3CLB5CJ7E7YSNFE2YWATNH27BL53A
 .text          0x0000000000004c40        0xc C:/ncs/v2.9.0/nrfxlib/softdevice_controller/lib/nrf52/soft-float/libsoftdevice_controller_central.a(libsoftdevice_controller_s123_debug_soft__obfuscated.elf)
                0x0000000000004c40                sym_R5RFYNEZN3LQHKUKJDN3JLSNHLY4DPKXW3KZMYA
 .text          0x0000000000004c4c        0xc C:/ncs/v2.9.0/nrfxlib/softdevice_controller/lib/nrf52/soft-float/libsoftdevice_controller_central.a(libsoftdevice_controller_s123_debug_soft__obfuscated.elf)
                0x0000000000004c4c                sym_WHSZ4VQHSDNZTVWJWAYGMNU7AWSUZKLKTBUNDPY
 .text          0x0000000000004c58       0x1c C:/ncs/v2.9.0/nrfxlib/softdevice_controller/lib/nrf52/soft-float/libsoftdevice_controller_central.a(libsoftdevice_controller_s123_debug_soft__obfuscated.elf)
                0x0000000000004c58                sym_62B4NCI2CQZLPPINCQVCHO6SYLZVDAWVVCHWS3I
 .text          0x0000000000004c74        0xc C:/ncs/v2.9.0/nrfxlib/softdevice_controller/lib/nrf52/soft-float/libsoftdevice_controller_central.a(libsoftdevice_controller_s123_debug_soft__obfuscated.elf)
                0x0000000000004c74                sym_RHRHCWPUPZHCOID576WBS7QZ2KAUT2GASS2T3QY
 .text          0x0000000000004c80       0x30 C:/ncs/v2.9.0/nrfxlib/softdevice_controller/lib/nrf52/soft-float/libsoftdevice_controller_central.a(libsoftdevice_controller_s123_debug_soft__obfuscated.elf)
                0x0000000000004c80                sym_YAOI5BW7G2C6EUUY2B4S7A3CWX63A6MP2T3O5KA
 .text          0x0000000000004cb0       0x24 C:/ncs/v2.9.0/nrfxlib/softdevice_controller/lib/nrf52/soft-float/libsoftdevice_controller_central.a(libsoftdevice_controller_s123_debug_soft__obfuscated.elf)
                0x0000000000004cb0                sym_2X6ZBBHQKFJV27I6OQZLD4IRAL5JANEGA5N34WA
 .text          0x0000000000004cd4       0x68 C:/ncs/v2.9.0/nrfxlib/softdevice_controller/lib/nrf52/soft-float/libsoftdevice_controller_central.a(libsoftdevice_controller_s123_debug_soft__obfuscated.elf)
                0x0000000000004cd4                sym_EV54ITVX6ZJNRIULZTHEWNSCWW5GNYKPCEWELSY
 .text          0x0000000000004d3c       0x74 C:/ncs/v2.9.0/nrfxlib/softdevice_controller/lib/nrf52/soft-float/libsoftdevice_controller_central.a(libsoftdevice_controller_s123_debug_soft__obfuscated.elf)
                0x0000000000004d3c                sym_GIJNJPFWODT7EMZGJ5C7DGNKPDDXY2MLUHAWNUI
 .text          0x0000000000004db0       0x24 C:/ncs/v2.9.0/nrfxlib/softdevice_controller/lib/nrf52/soft-float/libsoftdevice_controller_central.a(libsoftdevice_controller_s123_debug_soft__obfuscated.elf)
                0x0000000000004db0                sym_DHR6XELGSD2MHYS7JWGEPSKXD43VLKKJDN33HMA
 .text          0x0000000000004dd4       0x44 C:/ncs/v2.9.0/nrfxlib/softdevice_controller/lib/nrf52/soft-float/libsoftdevice_controller_central.a(libsoftdevice_controller_s123_debug_soft__obfuscated.elf)
                0x0000000000004dd4                sym_3DXBFDJKO3IQEXOOHBMVXVTLDDG5FSS3TKAZNFY
 .text          0x0000000000004e18       0x50 C:/ncs/v2.9.0/nrfxlib/softdevice_controller/lib/nrf52/soft-float/libsoftdevice_controller_central.a(libsoftdevice_controller_s123_debug_soft__obfuscated.elf)
 .text          0x0000000000004e68       0x9c C:/ncs/v2.9.0/nrfxlib/softdevice_controller/lib/nrf52/soft-float/libsoftdevice_controller_central.a(libsoftdevice_controller_s123_debug_soft__obfuscated.elf)
                0x0000000000004e68                sym_I6CP23ODGJWRR4E4LKGCN5RJCVBTXYTDYCCXNSQ
 .text          0x0000000000004f04       0x14 C:/ncs/v2.9.0/nrfxlib/softdevice_controller/lib/nrf52/soft-float/libsoftdevice_controller_central.a(libsoftdevice_controller_s123_debug_soft__obfuscated.elf)
                0x0000000000004f04                sym_AIEQYZJFZQBQ5LEMJNMQV56TMLIGCBAC63QLHGI
 .text          0x0000000000004f18       0x24 C:/ncs/v2.9.0/nrfxlib/softdevice_controller/lib/nrf52/soft-float/libsoftdevice_controller_central.a(libsoftdevice_controller_s123_debug_soft__obfuscated.elf)
                0x0000000000004f18                sym_MYZDSWHZMVTUGPWK7CFFVMNCPRPZBKC3UH2GTLQ
 .text          0x0000000000004f3c       0x44 C:/ncs/v2.9.0/nrfxlib/softdevice_controller/lib/nrf52/soft-float/libsoftdevice_controller_central.a(libsoftdevice_controller_s123_debug_soft__obfuscated.elf)
                0x0000000000004f3c                sym_ZIE6EQ2YDF5ZLLLNRMU6NPOFHB7VMBHYMI4646I
 .text          0x0000000000004f80       0x10 C:/ncs/v2.9.0/nrfxlib/softdevice_controller/lib/nrf52/soft-float/libsoftdevice_controller_central.a(libsoftdevice_controller_s123_debug_soft__obfuscated.elf)
                0x0000000000004f80                sym_JANNQMW3JZGYLNSOPAA2HBYBA6JBSX4W7VBR56Q
 .text          0x0000000000004f90       0x20 C:/ncs/v2.9.0/nrfxlib/softdevice_controller/lib/nrf52/soft-float/libsoftdevice_controller_central.a(libsoftdevice_controller_s123_debug_soft__obfuscated.elf)
                0x0000000000004f90                sym_RQLOJUGFCKCS5YSXHMF5LIHXPBLO5AO63KQE3GQ
 .text          0x0000000000004fb0       0x20 C:/ncs/v2.9.0/nrfxlib/softdevice_controller/lib/nrf52/soft-float/libsoftdevice_controller_central.a(libsoftdevice_controller_s123_debug_soft__obfuscated.elf)
                0x0000000000004fb0                sym_MAOKHHVPGVT23KVRN33B7KPEJU6F55EB66KOGDQ
 .text          0x0000000000004fd0       0x20 C:/ncs/v2.9.0/nrfxlib/softdevice_controller/lib/nrf52/soft-float/libsoftdevice_controller_central.a(libsoftdevice_controller_s123_debug_soft__obfuscated.elf)
                0x0000000000004fd0                sym_S635TH4ZNECIWRKFWYBUXBZ3GFP7WORE4PRXDPQ
 .text          0x0000000000004ff0       0x20 C:/ncs/v2.9.0/nrfxlib/softdevice_controller/lib/nrf52/soft-float/libsoftdevice_controller_central.a(libsoftdevice_controller_s123_debug_soft__obfuscated.elf)
                0x0000000000004ff0                sym_3S3ZPZTS3JKT3LR3P6QZ3KOW4P72YQZEIQOYGSA
 .text          0x0000000000005010       0x28 C:/ncs/v2.9.0/nrfxlib/softdevice_controller/lib/nrf52/soft-float/libsoftdevice_controller_central.a(libsoftdevice_controller_s123_debug_soft__obfuscated.elf)
                0x0000000000005010                sym_U3LPDM4ZN7F4EBRA6GBYBEUAHXDWZU7U4P3OZRQ
 .text          0x0000000000005038       0x88 C:/ncs/v2.9.0/nrfxlib/softdevice_controller/lib/nrf52/soft-float/libsoftdevice_controller_central.a(libsoftdevice_controller_s123_debug_soft__obfuscated.elf)
 .text          0x00000000000050c0       0x10 C:/ncs/v2.9.0/nrfxlib/softdevice_controller/lib/nrf52/soft-float/libsoftdevice_controller_central.a(libsoftdevice_controller_s123_debug_soft__obfuscated.elf)
                0x00000000000050c0                sym_N2NJCIBZFHVP7II7LSOD6U4WPOYSC3U3IRJ6NLY
 .text          0x00000000000050d0       0x14 C:/ncs/v2.9.0/nrfxlib/softdevice_controller/lib/nrf52/soft-float/libsoftdevice_controller_central.a(libsoftdevice_controller_s123_debug_soft__obfuscated.elf)
                0x00000000000050d0                sym_56NG23UACCBJRJHKQI4X4VNMARWQXHUE4R3NK7I
 .text          0x00000000000050e4       0x10 C:/ncs/v2.9.0/nrfxlib/softdevice_controller/lib/nrf52/soft-float/libsoftdevice_controller_central.a(libsoftdevice_controller_s123_debug_soft__obfuscated.elf)
 .text          0x00000000000050f4       0xc0 C:/ncs/v2.9.0/nrfxlib/softdevice_controller/lib/nrf52/soft-float/libsoftdevice_controller_central.a(libsoftdevice_controller_s123_debug_soft__obfuscated.elf)
 .text          0x00000000000051b4      0x144 C:/ncs/v2.9.0/nrfxlib/softdevice_controller/lib/nrf52/soft-float/libsoftdevice_controller_central.a(libsoftdevice_controller_s123_debug_soft__obfuscated.elf)
 .text          0x00000000000052f8       0x54 C:/ncs/v2.9.0/nrfxlib/softdevice_controller/lib/nrf52/soft-float/libsoftdevice_controller_central.a(libsoftdevice_controller_s123_debug_soft__obfuscated.elf)
 .text          0x000000000000534c       0x28 C:/ncs/v2.9.0/nrfxlib/softdevice_controller/lib/nrf52/soft-float/libsoftdevice_controller_central.a(libsoftdevice_controller_s123_debug_soft__obfuscated.elf)
                0x000000000000534c                sym_VKBDHCW5KWYFAEZJJBKQNHH4JDURIHHEJCK4SOA
 .text          0x0000000000005374       0x14 C:/ncs/v2.9.0/nrfxlib/softdevice_controller/lib/nrf52/soft-float/libsoftdevice_controller_central.a(libsoftdevice_controller_s123_debug_soft__obfuscated.elf)
                0x0000000000005374                sym_JKMI2SFC2N7KXC6XI6ZEAONO7SV2US6LWEISHOY
 .text          0x0000000000005388        0xc C:/ncs/v2.9.0/nrfxlib/softdevice_controller/lib/nrf52/soft-float/libsoftdevice_controller_central.a(libsoftdevice_controller_s123_debug_soft__obfuscated.elf)
                0x0000000000005388                sym_LZWMHZYOCOZFEZM63EFTHCONDNYRE5YDAMU6QDQ
 .text          0x0000000000005394       0x10 C:/ncs/v2.9.0/nrfxlib/softdevice_controller/lib/nrf52/soft-float/libsoftdevice_controller_central.a(libsoftdevice_controller_s123_debug_soft__obfuscated.elf)
                0x0000000000005394                sym_BXRWRIA3M3K52MZ3ABK6S37OOTXMFTRBOBYS7TY
 .text          0x00000000000053a4       0x3c C:/ncs/v2.9.0/nrfxlib/softdevice_controller/lib/nrf52/soft-float/libsoftdevice_controller_central.a(libsoftdevice_controller_s123_debug_soft__obfuscated.elf)
                0x00000000000053a4                sym_XOOTGCSEAKA3PUKZW3QYB4DCVC2FKUP2TS5AZ5Q
 .text          0x00000000000053e0       0x24 C:/ncs/v2.9.0/nrfxlib/softdevice_controller/lib/nrf52/soft-float/libsoftdevice_controller_central.a(libsoftdevice_controller_s123_debug_soft__obfuscated.elf)
                0x00000000000053e0                sym_XYMSM3YEXEOTUFIX3SPRBT27O44DJZKZVLNHELY
 .text          0x0000000000005404       0x1c C:/ncs/v2.9.0/nrfxlib/softdevice_controller/lib/nrf52/soft-float/libsoftdevice_controller_central.a(libsoftdevice_controller_s123_debug_soft__obfuscated.elf)
                0x0000000000005404                sym_HHT5YV37VWRBGUMO4AOJUKOJARZKAH2OUWPZF7Q
 .text          0x0000000000005420       0x24 C:/ncs/v2.9.0/nrfxlib/softdevice_controller/lib/nrf52/soft-float/libsoftdevice_controller_central.a(libsoftdevice_controller_s123_debug_soft__obfuscated.elf)
                0x0000000000005420                sym_NJ23GB56DKRDWNC3A6OFPLEADGH3SOLDHUUSOYQ
 .text          0x0000000000005444       0x24 C:/ncs/v2.9.0/nrfxlib/softdevice_controller/lib/nrf52/soft-float/libsoftdevice_controller_central.a(libsoftdevice_controller_s123_debug_soft__obfuscated.elf)
                0x0000000000005444                sym_ZWMGPE3QKJAQI4HTKIFMREKNKAUYHMAALNVM2QI
 .text          0x0000000000005468       0x18 C:/ncs/v2.9.0/nrfxlib/softdevice_controller/lib/nrf52/soft-float/libsoftdevice_controller_central.a(libsoftdevice_controller_s123_debug_soft__obfuscated.elf)
                0x0000000000005468                sym_MWHYECJZLQQJKLQZGDI66SVA3IIWYKXL7G5FMHY
 .text          0x0000000000005480       0x2c C:/ncs/v2.9.0/nrfxlib/softdevice_controller/lib/nrf52/soft-float/libsoftdevice_controller_central.a(libsoftdevice_controller_s123_debug_soft__obfuscated.elf)
                0x0000000000005480                sym_43VAZS4NQXUMOPHD7W7SYFZ3WJ6KGQYQH6UOYPQ
 .text          0x00000000000054ac       0x9c C:/ncs/v2.9.0/nrfxlib/softdevice_controller/lib/nrf52/soft-float/libsoftdevice_controller_central.a(libsoftdevice_controller_s123_debug_soft__obfuscated.elf)
                0x00000000000054ac                sym_IPYDOGNKVSD5CNASNRZPFKSG4XKU4ZG4SVERI7Q
 .text          0x0000000000005548       0x28 C:/ncs/v2.9.0/nrfxlib/softdevice_controller/lib/nrf52/soft-float/libsoftdevice_controller_central.a(libsoftdevice_controller_s123_debug_soft__obfuscated.elf)
                0x0000000000005548                sym_FKGRLSJGPWDG44KYHTBA74A2ZDKPDUWGXHS3E2I
 .text          0x0000000000005570       0x30 C:/ncs/v2.9.0/nrfxlib/softdevice_controller/lib/nrf52/soft-float/libsoftdevice_controller_central.a(libsoftdevice_controller_s123_debug_soft__obfuscated.elf)
                0x0000000000005570                sym_7LZ5OF5UTH4WGXV6IKS6GUUHKYRIWQTTIJXNBEY
 .text          0x00000000000055a0       0x34 C:/ncs/v2.9.0/nrfxlib/softdevice_controller/lib/nrf52/soft-float/libsoftdevice_controller_central.a(libsoftdevice_controller_s123_debug_soft__obfuscated.elf)
                0x00000000000055a0                sym_77ICNIHY2R2L3JRP4ZLMOWZSS3UZRKJXJOBWTWI
 .text          0x00000000000055d4       0xc0 C:/ncs/v2.9.0/nrfxlib/softdevice_controller/lib/nrf52/soft-float/libsoftdevice_controller_central.a(libsoftdevice_controller_s123_debug_soft__obfuscated.elf)
                0x00000000000055d4                sym_5UEPRCW3EPZ7AP72CPP4EMSXBK27JNQSU5DMVOI
 .text          0x0000000000005694       0x30 C:/ncs/v2.9.0/nrfxlib/softdevice_controller/lib/nrf52/soft-float/libsoftdevice_controller_central.a(libsoftdevice_controller_s123_debug_soft__obfuscated.elf)
                0x0000000000005694                sym_FFXWGH5XR2QGPHGAFJZEDGIQZOW7ZWMGKZQYRUA
 .text          0x00000000000056c4       0x30 C:/ncs/v2.9.0/nrfxlib/softdevice_controller/lib/nrf52/soft-float/libsoftdevice_controller_central.a(libsoftdevice_controller_s123_debug_soft__obfuscated.elf)
                0x00000000000056c4                sym_Q4666MQBABRNQWVVM7BXH6CZLBLJXH7EUKSGMNQ
 .text          0x00000000000056f4      0x1b0 C:/ncs/v2.9.0/nrfxlib/softdevice_controller/lib/nrf52/soft-float/libsoftdevice_controller_central.a(libsoftdevice_controller_s123_debug_soft__obfuscated.elf)
                0x00000000000056f4                sym_BZUCV52NNXYJ4PFZE6PPPT2ZDHUDTEPDS6LUKZI
 .text          0x00000000000058a4       0x14 C:/ncs/v2.9.0/nrfxlib/softdevice_controller/lib/nrf52/soft-float/libsoftdevice_controller_central.a(libsoftdevice_controller_s123_debug_soft__obfuscated.elf)
                0x00000000000058a4                sym_NDXK2LOMZUDHFXKAI2VSFPUCPEZUOQPNHNILM7Y
 .text          0x00000000000058b8       0x14 C:/ncs/v2.9.0/nrfxlib/softdevice_controller/lib/nrf52/soft-float/libsoftdevice_controller_central.a(libsoftdevice_controller_s123_debug_soft__obfuscated.elf)
                0x00000000000058b8                sym_HRA437GJ2CDV2E32FJ2QNXI3YG322UHSFPFJ3CI
 .text          0x00000000000058cc       0x50 C:/ncs/v2.9.0/nrfxlib/softdevice_controller/lib/nrf52/soft-float/libsoftdevice_controller_central.a(libsoftdevice_controller_s123_debug_soft__obfuscated.elf)
                0x00000000000058cc                sym_IM3N55HLVRFQYD25P6A2DK6S6UPAUWTY4RZRVZY
 .text          0x000000000000591c       0x64 C:/ncs/v2.9.0/nrfxlib/softdevice_controller/lib/nrf52/soft-float/libsoftdevice_controller_central.a(libsoftdevice_controller_s123_debug_soft__obfuscated.elf)
                0x000000000000591c                sym_JU6OV3GKZF5HIJH3MU2Q3OVF2CL7DGZ6RFYTUVY
 .text          0x0000000000005980       0x4c C:/ncs/v2.9.0/nrfxlib/softdevice_controller/lib/nrf52/soft-float/libsoftdevice_controller_central.a(libsoftdevice_controller_s123_debug_soft__obfuscated.elf)
                0x0000000000005980                sym_7ABLLIXUF3HMINU3DLWXJDVBNAU7RSUXPXZ3RFQ
 .text          0x00000000000059cc       0x84 C:/ncs/v2.9.0/nrfxlib/softdevice_controller/lib/nrf52/soft-float/libsoftdevice_controller_central.a(libsoftdevice_controller_s123_debug_soft__obfuscated.elf)
                0x00000000000059cc                sym_RHE23VLW3YS5P4HRDMPTVWIHXVLEGJ7BJEAEEUI
 .text          0x0000000000005a50       0x24 C:/ncs/v2.9.0/nrfxlib/softdevice_controller/lib/nrf52/soft-float/libsoftdevice_controller_central.a(libsoftdevice_controller_s123_debug_soft__obfuscated.elf)
                0x0000000000005a50                sym_CYYZ5DA5UWAE37FM7XP643I473QUSWWZ2MS7OLY
 .text          0x0000000000005a74       0x38 C:/ncs/v2.9.0/nrfxlib/softdevice_controller/lib/nrf52/soft-float/libsoftdevice_controller_central.a(libsoftdevice_controller_s123_debug_soft__obfuscated.elf)
                0x0000000000005a74                sym_KQ4RAL3HW3LUBE4EKZDESO77BJMQRXFGP63ANLQ
 .text          0x0000000000005aac       0x38 C:/ncs/v2.9.0/nrfxlib/softdevice_controller/lib/nrf52/soft-float/libsoftdevice_controller_central.a(libsoftdevice_controller_s123_debug_soft__obfuscated.elf)
                0x0000000000005aac                sym_56UVHHES3DVKQZWKPD4W2O56B6Q35VFE7VP3FTY
 .text          0x0000000000005ae4       0xa0 C:/ncs/v2.9.0/nrfxlib/softdevice_controller/lib/nrf52/soft-float/libsoftdevice_controller_central.a(libsoftdevice_controller_s123_debug_soft__obfuscated.elf)
                0x0000000000005ae4                sym_365Y77DXDRWJHR4QPTXJM46KZ7L557J533F2SNY
 .text          0x0000000000005b84       0x24 C:/ncs/v2.9.0/nrfxlib/softdevice_controller/lib/nrf52/soft-float/libsoftdevice_controller_central.a(libsoftdevice_controller_s123_debug_soft__obfuscated.elf)
                0x0000000000005b84                sym_MKU2XEL6QB4MO4JU3HW4P3NALUM7PALQ3OF2VGA
 .text          0x0000000000005ba8       0x10 C:/ncs/v2.9.0/nrfxlib/softdevice_controller/lib/nrf52/soft-float/libsoftdevice_controller_central.a(libsoftdevice_controller_s123_debug_soft__obfuscated.elf)
                0x0000000000005ba8                sym_3LKWZEY2K7UEF3M7QI5VCO43HM3TH6VAPJSZJBY
 .text          0x0000000000005bb8       0x88 C:/ncs/v2.9.0/nrfxlib/softdevice_controller/lib/nrf52/soft-float/libsoftdevice_controller_central.a(libsoftdevice_controller_s123_debug_soft__obfuscated.elf)
 .text          0x0000000000005c40       0x24 C:/ncs/v2.9.0/nrfxlib/softdevice_controller/lib/nrf52/soft-float/libsoftdevice_controller_central.a(libsoftdevice_controller_s123_debug_soft__obfuscated.elf)
                0x0000000000005c40                sym_ECAFXV3NMZ2THIWY27PTYY6WSGFWQJNAJOG5HIY
 .text          0x0000000000005c64        0xc C:/ncs/v2.9.0/nrfxlib/softdevice_controller/lib/nrf52/soft-float/libsoftdevice_controller_central.a(libsoftdevice_controller_s123_debug_soft__obfuscated.elf)
                0x0000000000005c64                sym_FKU5SDIGNJ3CUR3VYEELCK5CK3EK42NLF7KQXSQ
 .text          0x0000000000005c70        0xc C:/ncs/v2.9.0/nrfxlib/softdevice_controller/lib/nrf52/soft-float/libsoftdevice_controller_central.a(libsoftdevice_controller_s123_debug_soft__obfuscated.elf)
                0x0000000000005c70                sym_MD2ACKWOI3UMWSI6IONGH6VN62ROA3VVQP7HYBQ
 .text          0x0000000000005c7c       0x60 C:/ncs/v2.9.0/nrfxlib/softdevice_controller/lib/nrf52/soft-float/libsoftdevice_controller_central.a(libsoftdevice_controller_s123_debug_soft__obfuscated.elf)
                0x0000000000005c7c                sym_VT36OYILRYR2ODZV34U7WHVGGSRS7VN6JG7WPYI
 .text          0x0000000000005cdc       0x48 C:/ncs/v2.9.0/nrfxlib/softdevice_controller/lib/nrf52/soft-float/libsoftdevice_controller_central.a(libsoftdevice_controller_s123_debug_soft__obfuscated.elf)
                0x0000000000005cdc                sym_3BV6HS2RZST6R6C5ZWOISO6OTZHTSW3BAFXBSVQ
 .text          0x0000000000005d24       0x20 C:/ncs/v2.9.0/nrfxlib/softdevice_controller/lib/nrf52/soft-float/libsoftdevice_controller_central.a(libsoftdevice_controller_s123_debug_soft__obfuscated.elf)
 .text          0x0000000000005d44       0x10 C:/ncs/v2.9.0/nrfxlib/softdevice_controller/lib/nrf52/soft-float/libsoftdevice_controller_central.a(libsoftdevice_controller_s123_debug_soft__obfuscated.elf)
                0x0000000000005d44                sym_QCAWKLQF54ZUVQEUZYI3LS3CAU7N52INENNQS4A
 .text          0x0000000000005d54       0x64 C:/ncs/v2.9.0/nrfxlib/softdevice_controller/lib/nrf52/soft-float/libsoftdevice_controller_central.a(libsoftdevice_controller_s123_debug_soft__obfuscated.elf)
                0x0000000000005d54                sym_DTBEJNW7A7JHG4MN52YFYEA2GZJHMHF7KQIBYHA
 .text          0x0000000000005db8       0x5c C:/ncs/v2.9.0/nrfxlib/softdevice_controller/lib/nrf52/soft-float/libsoftdevice_controller_central.a(libsoftdevice_controller_s123_debug_soft__obfuscated.elf)
 .text          0x0000000000005e14       0x58 C:/ncs/v2.9.0/nrfxlib/softdevice_controller/lib/nrf52/soft-float/libsoftdevice_controller_central.a(libsoftdevice_controller_s123_debug_soft__obfuscated.elf)
 .text          0x0000000000005e6c       0x8c C:/ncs/v2.9.0/nrfxlib/softdevice_controller/lib/nrf52/soft-float/libsoftdevice_controller_central.a(libsoftdevice_controller_s123_debug_soft__obfuscated.elf)
 .text          0x0000000000005ef8       0x3c C:/ncs/v2.9.0/nrfxlib/softdevice_controller/lib/nrf52/soft-float/libsoftdevice_controller_central.a(libsoftdevice_controller_s123_debug_soft__obfuscated.elf)
 .text          0x0000000000005f34       0x40 C:/ncs/v2.9.0/nrfxlib/softdevice_controller/lib/nrf52/soft-float/libsoftdevice_controller_central.a(libsoftdevice_controller_s123_debug_soft__obfuscated.elf)
 .text          0x0000000000005f74       0x74 C:/ncs/v2.9.0/nrfxlib/softdevice_controller/lib/nrf52/soft-float/libsoftdevice_controller_central.a(libsoftdevice_controller_s123_debug_soft__obfuscated.elf)
 .text          0x0000000000005fe8       0xb0 C:/ncs/v2.9.0/nrfxlib/softdevice_controller/lib/nrf52/soft-float/libsoftdevice_controller_central.a(libsoftdevice_controller_s123_debug_soft__obfuscated.elf)
 .text          0x0000000000006098       0x40 C:/ncs/v2.9.0/nrfxlib/softdevice_controller/lib/nrf52/soft-float/libsoftdevice_controller_central.a(libsoftdevice_controller_s123_debug_soft__obfuscated.elf)
 .text          0x00000000000060d8       0xbc C:/ncs/v2.9.0/nrfxlib/softdevice_controller/lib/nrf52/soft-float/libsoftdevice_controller_central.a(libsoftdevice_controller_s123_debug_soft__obfuscated.elf)
 .text          0x0000000000006194       0x40 C:/ncs/v2.9.0/nrfxlib/softdevice_controller/lib/nrf52/soft-float/libsoftdevice_controller_central.a(libsoftdevice_controller_s123_debug_soft__obfuscated.elf)
 .text          0x00000000000061d4      0x780 C:/ncs/v2.9.0/nrfxlib/softdevice_controller/lib/nrf52/soft-float/libsoftdevice_controller_central.a(libsoftdevice_controller_s123_debug_soft__obfuscated.elf)
 .text          0x0000000000006954      0x180 C:/ncs/v2.9.0/nrfxlib/softdevice_controller/lib/nrf52/soft-float/libsoftdevice_controller_central.a(libsoftdevice_controller_s123_debug_soft__obfuscated.elf)
                0x0000000000006954                sym_C4R73COZU7NKK6UAUGTJ6HNWDG7QPVROF5RMZMA
 .text          0x0000000000006ad4       0xa0 C:/ncs/v2.9.0/nrfxlib/softdevice_controller/lib/nrf52/soft-float/libsoftdevice_controller_central.a(libsoftdevice_controller_s123_debug_soft__obfuscated.elf)
                0x0000000000006ad4                sym_ELB4EXXRKBATZ6KCANX37LXPZBQQJSOFPSAT7UI
 .text          0x0000000000006b74       0x20 C:/ncs/v2.9.0/nrfxlib/softdevice_controller/lib/nrf52/soft-float/libsoftdevice_controller_central.a(libsoftdevice_controller_s123_debug_soft__obfuscated.elf)
 .text          0x0000000000006b94       0x14 C:/ncs/v2.9.0/nrfxlib/softdevice_controller/lib/nrf52/soft-float/libsoftdevice_controller_central.a(libsoftdevice_controller_s123_debug_soft__obfuscated.elf)
                0x0000000000006b94                sym_LOTFHGQTFUFWGX7HOTL4Q2XATGIJRVIMCMOYRMA
 .text          0x0000000000006ba8       0x30 C:/ncs/v2.9.0/nrfxlib/softdevice_controller/lib/nrf52/soft-float/libsoftdevice_controller_central.a(libsoftdevice_controller_s123_debug_soft__obfuscated.elf)
                0x0000000000006ba8                sym_MDF364N4PQDEA5ZGP5CB3ZDZVZM5Q32KSEZZ5HI
 .text          0x0000000000006bd8       0x34 C:/ncs/v2.9.0/nrfxlib/softdevice_controller/lib/nrf52/soft-float/libsoftdevice_controller_central.a(libsoftdevice_controller_s123_debug_soft__obfuscated.elf)
                0x0000000000006bd8                sym_XCEN5K7VEI2CAO42XW7S3FKM3HKMOCDCUFDX25Y
 .text          0x0000000000006c0c       0x44 C:/ncs/v2.9.0/nrfxlib/softdevice_controller/lib/nrf52/soft-float/libsoftdevice_controller_central.a(libsoftdevice_controller_s123_debug_soft__obfuscated.elf)
                0x0000000000006c0c                sym_5DEPI2OGSPXE5OVFBPVFPSPYPRYUQ54QVVXIKNI
 .text          0x0000000000006c50       0x34 C:/ncs/v2.9.0/nrfxlib/softdevice_controller/lib/nrf52/soft-float/libsoftdevice_controller_central.a(libsoftdevice_controller_s123_debug_soft__obfuscated.elf)
                0x0000000000006c50                sym_KZ5CVONZGMGIGNMI7YD6HLN3FXAAJK6OMEJW6BQ
 .text          0x0000000000006c84       0x28 C:/ncs/v2.9.0/nrfxlib/softdevice_controller/lib/nrf52/soft-float/libsoftdevice_controller_central.a(libsoftdevice_controller_s123_debug_soft__obfuscated.elf)
                0x0000000000006c84                sym_ZQHB3ANU2DANFLJZLZL5U4SPQ2ZDVUAHI35744Y
 .text          0x0000000000006cac       0x10 C:/ncs/v2.9.0/nrfxlib/softdevice_controller/lib/nrf52/soft-float/libsoftdevice_controller_central.a(libsoftdevice_controller_s123_debug_soft__obfuscated.elf)
                0x0000000000006cac                sym_TRMXENGHOH4VBQQZPIN222FLCEFU3Z3CD5C47DY
 .text          0x0000000000006cbc       0x8c C:/ncs/v2.9.0/nrfxlib/softdevice_controller/lib/nrf52/soft-float/libsoftdevice_controller_central.a(libsoftdevice_controller_s123_debug_soft__obfuscated.elf)
                0x0000000000006cbc                sym_5I5MTMPTF2F4WI7MIXG5OG4TUPLUR53CB2QHVUA
 .text          0x0000000000006d48       0x94 C:/ncs/v2.9.0/nrfxlib/softdevice_controller/lib/nrf52/soft-float/libsoftdevice_controller_central.a(libsoftdevice_controller_s123_debug_soft__obfuscated.elf)
                0x0000000000006d48                sym_WLH66EC4H754I3MAYKGHFOCADIOY4E4WNRBI4TA
 .text          0x0000000000006ddc       0x30 C:/ncs/v2.9.0/nrfxlib/softdevice_controller/lib/nrf52/soft-float/libsoftdevice_controller_central.a(libsoftdevice_controller_s123_debug_soft__obfuscated.elf)
                0x0000000000006ddc                sym_VIDE7XVSTT4HHX2MQJX6VUVABAKVNGIPRTLRLEQ
 .text          0x0000000000006e0c       0x34 C:/ncs/v2.9.0/nrfxlib/softdevice_controller/lib/nrf52/soft-float/libsoftdevice_controller_central.a(libsoftdevice_controller_s123_debug_soft__obfuscated.elf)
                0x0000000000006e0c                sym_3CD5EC6VYR6RXXLO3FXSZQ37BOYSM63APF5D5BA
 .text          0x0000000000006e40       0x6c C:/ncs/v2.9.0/nrfxlib/softdevice_controller/lib/nrf52/soft-float/libsoftdevice_controller_central.a(libsoftdevice_controller_s123_debug_soft__obfuscated.elf)
                0x0000000000006e40                sym_FYMYD324TMLKJZE62CZN4WTXFSPL6FPU2SZH6CI
 .text          0x0000000000006eac        0xc C:/ncs/v2.9.0/nrfxlib/softdevice_controller/lib/nrf52/soft-float/libsoftdevice_controller_central.a(libsoftdevice_controller_s123_debug_soft__obfuscated.elf)
                0x0000000000006eac                sym_QQVHHHKNBN5TJBK4NCDSUYAMXMOEHFSL7HE7RRA
 .text          0x0000000000006eb8       0x3c C:/ncs/v2.9.0/nrfxlib/softdevice_controller/lib/nrf52/soft-float/libsoftdevice_controller_central.a(libsoftdevice_controller_s123_debug_soft__obfuscated.elf)
                0x0000000000006eb8                sym_XPKSFPKFBNSTZZU4FUMGC3XRHAVS24BBL53HRMA
 .text          0x0000000000006ef4       0x60 C:/ncs/v2.9.0/nrfxlib/softdevice_controller/lib/nrf52/soft-float/libsoftdevice_controller_central.a(libsoftdevice_controller_s123_debug_soft__obfuscated.elf)
                0x0000000000006ef4                sym_6Q45YYTUN2KDQ5V5UGE3T2LTI5FNGX6WIJYLIDI
 .text          0x0000000000006f54       0x10 C:/ncs/v2.9.0/nrfxlib/softdevice_controller/lib/nrf52/soft-float/libsoftdevice_controller_central.a(libsoftdevice_controller_s123_debug_soft__obfuscated.elf)
 .text          0x0000000000006f64       0x58 C:/ncs/v2.9.0/nrfxlib/softdevice_controller/lib/nrf52/soft-float/libsoftdevice_controller_central.a(libsoftdevice_controller_s123_debug_soft__obfuscated.elf)
 .text          0x0000000000006fbc       0x30 C:/ncs/v2.9.0/nrfxlib/softdevice_controller/lib/nrf52/soft-float/libsoftdevice_controller_central.a(libsoftdevice_controller_s123_debug_soft__obfuscated.elf)
 .text          0x0000000000006fec       0x64 C:/ncs/v2.9.0/nrfxlib/softdevice_controller/lib/nrf52/soft-float/libsoftdevice_controller_central.a(libsoftdevice_controller_s123_debug_soft__obfuscated.elf)
 .text          0x0000000000007050       0x34 C:/ncs/v2.9.0/nrfxlib/softdevice_controller/lib/nrf52/soft-float/libsoftdevice_controller_central.a(libsoftdevice_controller_s123_debug_soft__obfuscated.elf)
 .text          0x0000000000007084       0x4c C:/ncs/v2.9.0/nrfxlib/softdevice_controller/lib/nrf52/soft-float/libsoftdevice_controller_central.a(libsoftdevice_controller_s123_debug_soft__obfuscated.elf)
 .text          0x00000000000070d0       0x38 C:/ncs/v2.9.0/nrfxlib/softdevice_controller/lib/nrf52/soft-float/libsoftdevice_controller_central.a(libsoftdevice_controller_s123_debug_soft__obfuscated.elf)
 .text          0x0000000000007108       0x1c C:/ncs/v2.9.0/nrfxlib/softdevice_controller/lib/nrf52/soft-float/libsoftdevice_controller_central.a(libsoftdevice_controller_s123_debug_soft__obfuscated.elf)
 .text          0x0000000000007124       0x4c C:/ncs/v2.9.0/nrfxlib/softdevice_controller/lib/nrf52/soft-float/libsoftdevice_controller_central.a(libsoftdevice_controller_s123_debug_soft__obfuscated.elf)
 .text          0x0000000000007170       0x50 C:/ncs/v2.9.0/nrfxlib/softdevice_controller/lib/nrf52/soft-float/libsoftdevice_controller_central.a(libsoftdevice_controller_s123_debug_soft__obfuscated.elf)
 .text          0x00000000000071c0      0x108 C:/ncs/v2.9.0/nrfxlib/softdevice_controller/lib/nrf52/soft-float/libsoftdevice_controller_central.a(libsoftdevice_controller_s123_debug_soft__obfuscated.elf)
 .text          0x00000000000072c8       0x74 C:/ncs/v2.9.0/nrfxlib/softdevice_controller/lib/nrf52/soft-float/libsoftdevice_controller_central.a(libsoftdevice_controller_s123_debug_soft__obfuscated.elf)
                0x00000000000072c8                sym_RUQBFILZ5CHV2AAL6C3D2J5Y33TCCAPZTHBGZ3A
 .text          0x000000000000733c       0x10 C:/ncs/v2.9.0/nrfxlib/softdevice_controller/lib/nrf52/soft-float/libsoftdevice_controller_central.a(libsoftdevice_controller_s123_debug_soft__obfuscated.elf)
                0x000000000000733c                sym_DRIMECVE2FH7O6C2LQ25QRVJOICPHLA5GC6TM2I
 .text          0x000000000000734c        0xc C:/ncs/v2.9.0/nrfxlib/softdevice_controller/lib/nrf52/soft-float/libsoftdevice_controller_central.a(libsoftdevice_controller_s123_debug_soft__obfuscated.elf)
                0x000000000000734c                sym_ARLNRKQ66P65CL63VENK3NR6NFAZLWPJOOVV7RQ
 .text          0x0000000000007358       0x10 C:/ncs/v2.9.0/nrfxlib/softdevice_controller/lib/nrf52/soft-float/libsoftdevice_controller_central.a(libsoftdevice_controller_s123_debug_soft__obfuscated.elf)
                0x0000000000007358                sym_GI7KSEEMTJQ7HR2XTQJ6A3EAB54YYLMWKNL2RBA
 .text          0x0000000000007368       0x30 C:/ncs/v2.9.0/nrfxlib/softdevice_controller/lib/nrf52/soft-float/libsoftdevice_controller_central.a(libsoftdevice_controller_s123_debug_soft__obfuscated.elf)
                0x0000000000007368                sym_RSWA3KDPDNEX2QOFCEQGJOF7JZOR274BWTEY2JA
 .text          0x0000000000007398       0x48 C:/ncs/v2.9.0/nrfxlib/softdevice_controller/lib/nrf52/soft-float/libsoftdevice_controller_central.a(libsoftdevice_controller_s123_debug_soft__obfuscated.elf)
                0x0000000000007398                sym_5M4NZWSJ6BHHJZLT6EUU64HNZ2KEYYSTH2RKH5I
 .text          0x00000000000073e0       0x58 C:/ncs/v2.9.0/nrfxlib/softdevice_controller/lib/nrf52/soft-float/libsoftdevice_controller_central.a(libsoftdevice_controller_s123_debug_soft__obfuscated.elf)
                0x00000000000073e0                sym_5CHOZAQ75MOW32NPEGX5AYLDFVQR6HZCDXZY5PQ
 .text          0x0000000000007438      0x138 C:/ncs/v2.9.0/nrfxlib/softdevice_controller/lib/nrf52/soft-float/libsoftdevice_controller_central.a(libsoftdevice_controller_s123_debug_soft__obfuscated.elf)
                0x0000000000007438                sym_JQ5GTNCJKXERB3SSKQRXLQOKWJQVRNEOVZZZVXI
 .text          0x0000000000007570        0xc C:/ncs/v2.9.0/nrfxlib/softdevice_controller/lib/nrf52/soft-float/libsoftdevice_controller_central.a(libsoftdevice_controller_s123_debug_soft__obfuscated.elf)
                0x0000000000007570                sym_HE5JGYEZFIITGQL7PMATDHSORSCK7HJIY5UXOZA
 .text          0x000000000000757c       0x14 C:/ncs/v2.9.0/nrfxlib/softdevice_controller/lib/nrf52/soft-float/libsoftdevice_controller_central.a(libsoftdevice_controller_s123_debug_soft__obfuscated.elf)
                0x000000000000757c                sym_YLRTPBVG5ROXKOW4KXUYITRUY3FD2MVZW5LF7ZA
 .text          0x0000000000007590       0x38 C:/ncs/v2.9.0/nrfxlib/softdevice_controller/lib/nrf52/soft-float/libsoftdevice_controller_central.a(libsoftdevice_controller_s123_debug_soft__obfuscated.elf)
                0x0000000000007590                sym_GVSNNBZMBIJOMUA3FPIAVVC7S5MNBYUF4QELXZA
 .text          0x00000000000075c8        0xc C:/ncs/v2.9.0/nrfxlib/softdevice_controller/lib/nrf52/soft-float/libsoftdevice_controller_central.a(libsoftdevice_controller_s123_debug_soft__obfuscated.elf)
                0x00000000000075c8                sym_ZQE76VUU7S5U7DETTZA65E75LHFWL5PGRN4JPHI
 .text          0x00000000000075d4       0xa4 C:/ncs/v2.9.0/nrfxlib/softdevice_controller/lib/nrf52/soft-float/libsoftdevice_controller_central.a(libsoftdevice_controller_s123_debug_soft__obfuscated.elf)
                0x00000000000075d4                sym_6PPYXQQOLTVZ6DHASA45P4Y6MOJ5US37OHECCGI
 .text          0x0000000000007678       0x28 C:/ncs/v2.9.0/nrfxlib/softdevice_controller/lib/nrf52/soft-float/libsoftdevice_controller_central.a(libsoftdevice_controller_s123_debug_soft__obfuscated.elf)
                0x0000000000007678                sym_E7IS652W2J5N5UTHP752WOA4YNSR7E5S5H4J2AA
 .text          0x00000000000076a0       0xa4 C:/ncs/v2.9.0/nrfxlib/softdevice_controller/lib/nrf52/soft-float/libsoftdevice_controller_central.a(libsoftdevice_controller_s123_debug_soft__obfuscated.elf)
                0x00000000000076a0                sym_A5S3P57NWYYY5XJWBYERU6H4QSVP5TCTU7HKA5Y
 .text          0x0000000000007744       0x80 C:/ncs/v2.9.0/nrfxlib/softdevice_controller/lib/nrf52/soft-float/libsoftdevice_controller_central.a(libsoftdevice_controller_s123_debug_soft__obfuscated.elf)
                0x0000000000007744                sym_2YSDS7VWGMSD5CN64D2VGQIYXBV3A6NJCHWFZEY
 .text          0x00000000000077c4        0xc C:/ncs/v2.9.0/nrfxlib/softdevice_controller/lib/nrf52/soft-float/libsoftdevice_controller_central.a(libsoftdevice_controller_s123_debug_soft__obfuscated.elf)
                0x00000000000077c4                sym_XD56LJG2JTRU4Q2V7WCY72EI3VTZICA3O4ERV2A
 .text          0x00000000000077d0       0x10 C:/ncs/v2.9.0/nrfxlib/softdevice_controller/lib/nrf52/soft-float/libsoftdevice_controller_central.a(libsoftdevice_controller_s123_debug_soft__obfuscated.elf)
                0x00000000000077d0                sym_YG4UROEKVB7ZBE5TWHLNJHYKSFBTXGBYAX3RXRI
 .text          0x00000000000077e0       0x24 C:/ncs/v2.9.0/nrfxlib/softdevice_controller/lib/nrf52/soft-float/libsoftdevice_controller_central.a(libsoftdevice_controller_s123_debug_soft__obfuscated.elf)
                0x00000000000077e0                sym_LPFN6QJEOHBT4AP2K7MEYWDZW35U5VHIHXOA54I
 .text          0x0000000000007804       0x48 C:/ncs/v2.9.0/nrfxlib/softdevice_controller/lib/nrf52/soft-float/libsoftdevice_controller_central.a(libsoftdevice_controller_s123_debug_soft__obfuscated.elf)
                0x0000000000007804                sym_Y6HXZQJARJ7FDWKGPREPQGRRGDOQMXHDALUK6KY
 .text          0x000000000000784c       0x18 C:/ncs/v2.9.0/nrfxlib/softdevice_controller/lib/nrf52/soft-float/libsoftdevice_controller_central.a(libsoftdevice_controller_s123_debug_soft__obfuscated.elf)
                0x000000000000784c                sym_RXYEX777ZXB2E2DXJWDBCV7AAHWTCHNTLOSENBY
 .text          0x0000000000007864       0x1c C:/ncs/v2.9.0/nrfxlib/softdevice_controller/lib/nrf52/soft-float/libsoftdevice_controller_central.a(libsoftdevice_controller_s123_debug_soft__obfuscated.elf)
                0x0000000000007864                sym_PCLF3MATC3G3MYGRPG4ATMGCS6N4B7M5CSF2C2Y
 .text          0x0000000000007880       0x18 C:/ncs/v2.9.0/nrfxlib/softdevice_controller/lib/nrf52/soft-float/libsoftdevice_controller_central.a(libsoftdevice_controller_s123_debug_soft__obfuscated.elf)
                0x0000000000007880                sym_EZCFQXKGAFHY5HQVJOXWDLO45XWMEJQY5WUGZNI
 .text          0x0000000000007898       0x40 C:/ncs/v2.9.0/nrfxlib/softdevice_controller/lib/nrf52/soft-float/libsoftdevice_controller_central.a(libsoftdevice_controller_s123_debug_soft__obfuscated.elf)
                0x0000000000007898                sym_2GNBSSSS7HPV6RZQ52VFCGRXSPA3KLWISQSF42I
 .text          0x00000000000078d8       0x10 C:/ncs/v2.9.0/nrfxlib/softdevice_controller/lib/nrf52/soft-float/libsoftdevice_controller_central.a(libsoftdevice_controller_s123_debug_soft__obfuscated.elf)
                0x00000000000078d8                sym_VEC44ISWPJAJ32J57NYIBEMC7Q6QEP7J6SVR4BQ
 .text          0x00000000000078e8      0x264 C:/ncs/v2.9.0/nrfxlib/softdevice_controller/lib/nrf52/soft-float/libsoftdevice_controller_central.a(libsoftdevice_controller_s123_debug_soft__obfuscated.elf)
                0x00000000000078e8                sym_EMR2H7KEGRFFKS6A4P3ZPPGOJSTVXLGRI25MEYQ
 .text          0x0000000000007b4c       0x10 C:/ncs/v2.9.0/nrfxlib/softdevice_controller/lib/nrf52/soft-float/libsoftdevice_controller_central.a(libsoftdevice_controller_s123_debug_soft__obfuscated.elf)
                0x0000000000007b4c                sym_V67AIMSO57NYVNGXZF2PDQSJQJLITHU4KD4CKAY
 .text          0x0000000000007b5c        0xc C:/ncs/v2.9.0/nrfxlib/softdevice_controller/lib/nrf52/soft-float/libsoftdevice_controller_central.a(libsoftdevice_controller_s123_debug_soft__obfuscated.elf)
                0x0000000000007b5c                sym_UX6VBOIQ7ULLMX3I6UDFOFZ6IT2DVZKKVIEVRMY
 .text          0x0000000000007b68       0x10 C:/ncs/v2.9.0/nrfxlib/softdevice_controller/lib/nrf52/soft-float/libsoftdevice_controller_central.a(libsoftdevice_controller_s123_debug_soft__obfuscated.elf)
                0x0000000000007b68                sym_L4JTLGMK2AWYAAPRB3O77773SG36X2NTZJ3FAHA
 .text          0x0000000000007b78       0x1c C:/ncs/v2.9.0/nrfxlib/softdevice_controller/lib/nrf52/soft-float/libsoftdevice_controller_central.a(libsoftdevice_controller_s123_debug_soft__obfuscated.elf)
                0x0000000000007b78                sym_WD6EQ3FQVKOAARDWHQJJC5SVKHQS7A2MF5YDCPA
 .text          0x0000000000007b94       0x1c C:/ncs/v2.9.0/nrfxlib/softdevice_controller/lib/nrf52/soft-float/libsoftdevice_controller_central.a(libsoftdevice_controller_s123_debug_soft__obfuscated.elf)
                0x0000000000007b94                sym_WGW6HZ6PNLYQSUJALICWZO27AY5UJWYCU6B6ACI
 .text          0x0000000000007bb0       0x34 C:/ncs/v2.9.0/nrfxlib/softdevice_controller/lib/nrf52/soft-float/libsoftdevice_controller_central.a(libsoftdevice_controller_s123_debug_soft__obfuscated.elf)
                0x0000000000007bb0                sym_7VLVVPDI26BVJ64XQBSGXOQYGQA4VH5APIPDGYA
 .text          0x0000000000007be4       0x38 C:/ncs/v2.9.0/nrfxlib/softdevice_controller/lib/nrf52/soft-float/libsoftdevice_controller_central.a(libsoftdevice_controller_s123_debug_soft__obfuscated.elf)
                0x0000000000007be4                sym_55XNA7W2CQFJPCH62ZAKHLPISYHJ7KMNREEN6EA
 .text          0x0000000000007c1c       0xa0 C:/ncs/v2.9.0/nrfxlib/softdevice_controller/lib/nrf52/soft-float/libsoftdevice_controller_central.a(libsoftdevice_controller_s123_debug_soft__obfuscated.elf)
                0x0000000000007c1c                sym_472GCM45ITLH5GOXITRUEUJXOU6SPVHTMEVFHWQ
 .text          0x0000000000007cbc        0xc C:/ncs/v2.9.0/nrfxlib/mpsl/fem/common/lib/nrf52/soft-float/libmpsl_fem_common.a(libmpsl_fem_common_debug_soft__obfuscated.elf)
                0x0000000000007cbc                mpsl_fem_enable
 .text          0x0000000000007cc8        0xc C:/ncs/v2.9.0/nrfxlib/mpsl/fem/common/lib/nrf52/soft-float/libmpsl_fem_common.a(libmpsl_fem_common_debug_soft__obfuscated.elf)
                0x0000000000007cc8                mpsl_fem_disable
 .text          0x0000000000007cd4        0xc C:/ncs/v2.9.0/nrfxlib/mpsl/fem/common/lib/nrf52/soft-float/libmpsl_fem_common.a(libmpsl_fem_common_debug_soft__obfuscated.elf)
                0x0000000000007cd4                mpsl_fem_pa_configuration_set